2026-02-27T16:38:22.779480+0300 | INFO | ШАГ: 1. Открываем главную страницу
2026-02-27T16:38:22.779779+0300 | INFO | ШАГ: 2. Проверяем, что главная страница открыта
2026-02-27T16:38:22.779888+0300 | INFO | Проверка, что элемент существует: ('xpath', "//*[@class='banner-image']")
2026-02-27T16:38:22.779976+0300 | INFO | Найден элемент: ('xpath', "//*[@class='banner-image']")
2026-02-27T16:38:22.801035+0300 | INFO | ШАГ: 3. Кликаем на кнопку Alerts, Frame & Windows.
2026-02-27T16:38:22.801397+0300 | INFO | Ожидание кликабельности элемента: ('xpath', "//*[contains(@href, 'alert')]")
2026-02-27T16:38:22.811579+0300 | INFO | Нажат элемент: ('xpath', "//*[contains(@href, 'alert')]")
2026-02-27T16:38:22.882193+0300 | INFO | ШАГ: 4. Кликаем на кнопку Alerts в левом меню
2026-02-27T16:38:22.882354+0300 | INFO | Ожидание кликабельности элемента: ('xpath', "//span[text()='Alerts']")
2026-02-27T16:38:22.890171+0300 | INFO | Нажат элемент: ('xpath', "//span[text()='Alerts']")
2026-02-27T16:38:22.948667+0300 | INFO | ШАГ: 5. Проверяем, что на странице появилась форма Alerts
2026-02-27T16:38:22.948825+0300 | INFO | Ожидание видимости элемента: ('xpath', "//*[@id='javascriptAlertsWrapper']")
2026-02-27T16:38:22.954450+0300 | INFO | Проверка, что элемент видимый: ('xpath', "//*[@id='javascriptAlertsWrapper']")
2026-02-27T16:38:22.954550+0300 | INFO | ШАГ: 6. Кликаем на кнопку click button to see alert
2026-02-27T16:38:22.954622+0300 | INFO | Ожидание кликабельности элемента: ('xpath', "//*[@id='alertButton']")
2026-02-27T16:38:22.960845+0300 | INFO | Нажат элемент: ('xpath', "//*[@id='alertButton']")
2026-02-27T16:38:23.002005+0300 | INFO | ШАГ: 7. Проверяем, что открыт алерт с текстом "You clicked a button"
2026-02-27T16:38:23.002177+0300 | INFO | Получили текст из алерта
2026-02-27T16:38:23.004187+0300 | INFO | ШАГ: 8 .Кликаем на кнопку ОК
2026-02-27T16:38:23.010949+0300 | INFO | Нажата кнопка ОК
2026-02-27T16:38:23.011096+0300 | INFO | ШАГ: 9 .Проверяем, что алерт закрылся
2026-02-27T16:38:23.012140+0300 | INFO | Алерт закрыт
2026-02-27T16:38:23.012232+0300 | INFO | ШАГ: 10. Кликаем на кнопку On button click, confirm box will appear
2026-02-27T16:38:23.012305+0300 | INFO | Ожидание кликабельности элемента: ('xpath', "//*[@id='confirmButton']")
2026-02-27T16:38:23.019274+0300 | INFO | Нажат элемент: ('xpath', "//*[@id='confirmButton']")
2026-02-27T16:38:23.043605+0300 | INFO | ШАГ: 11. Проверяем, что открыт алерт с текстом "Do you confirm action?"
2026-02-27T16:38:23.043758+0300 | INFO | Получили текст из алерта
2026-02-27T16:38:23.045466+0300 | INFO | ШАГ: 12. Кликаем на кнопку ОК
2026-02-27T16:38:23.054338+0300 | INFO | Нажата кнопка ОК
2026-02-27T16:38:23.054560+0300 | INFO | ШАГ: 13. Проверяем, что алерт закрылся
2026-02-27T16:38:23.055673+0300 | INFO | Алерт закрыт
2026-02-27T16:38:23.055769+0300 | INFO | ШАГ: 14. Проверяем, что рядом с кнопкой появилась надпись "You selected Ok"
2026-02-27T16:38:23.055841+0300 | INFO | Получен текст элемента: ('xpath', "//*[@id='confirmResult']")
2026-02-27T16:38:23.055906+0300 | INFO | Найден элемент: ('xpath', "//*[@id='confirmResult']")
2026-02-27T16:38:23.064423+0300 | INFO | ШАГ: 15. Кликаем на кнопку On button click, prompt box will appear
2026-02-27T16:38:23.064594+0300 | INFO | Ожидание кликабельности элемента: ('xpath', "//*[@id='promtButton']")
2026-02-27T16:38:23.076061+0300 | INFO | Нажат элемент: ('xpath', "//*[@id='promtButton']")
2026-02-27T16:38:23.104465+0300 | INFO | ШАГ: 16. Проверяем, что открыт алерт с текстом "Please enter your name"
2026-02-27T16:38:23.104649+0300 | INFO | Получили текст из алерта
2026-02-27T16:38:23.106673+0300 | INFO | ШАГ: 17. Вводим случайно сгенерированный текст
2026-02-27T16:38:23.106772+0300 | INFO | текст введен
2026-02-27T16:38:23.108997+0300 | INFO | ШАГ: 18. Кликаем на кнопку ОК
2026-02-27T16:38:23.121569+0300 | INFO | Нажата кнопка ОК
2026-02-27T16:38:23.121725+0300 | INFO | ШАГ: 19. Проверяем, что алерт закрылся
2026-02-27T16:38:23.123974+0300 | INFO | Алерт закрыт
2026-02-27T16:38:23.124075+0300 | INFO | ШАГ: 20. Проверяем, что рядом с кнопкой появилась надпись, соответствующая введенному в алерт
2026-02-27T16:38:23.124151+0300 | INFO | Получен текст элемента: ('xpath', "//*[@id='promptResult']")
2026-02-27T16:38:23.124216+0300 | INFO | Найден элемент: ('xpath', "//*[@id='promptResult']")
2026-02-27T16:38:35.983948+0300 | INFO | ШАГ: 1. Открываем главную страницу
2026-02-27T16:38:35.984158+0300 | INFO | ШАГ: 2. Проверяем, что главная страница открыта
2026-02-27T16:38:35.984236+0300 | INFO | Проверка, что элемент существует: ('xpath', "//*[@class='banner-image']")
2026-02-27T16:38:35.984303+0300 | INFO | Найден элемент: ('xpath', "//*[@class='banner-image']")
2026-02-27T16:38:36.002270+0300 | INFO | ШАГ: 3. Кликаем на кнопку Alerts, Frame & Windows.
2026-02-27T16:38:36.002431+0300 | INFO | Ожидание кликабельности элемента: ('xpath', "//*[contains(@href, 'alert')]")
2026-02-27T16:38:36.014886+0300 | INFO | Нажат элемент: ('xpath', "//*[contains(@href, 'alert')]")
2026-02-27T16:38:36.083516+0300 | INFO | ШАГ: 4. Кликаем на кнопку Nested Frames
2026-02-27T16:38:36.083758+0300 | INFO | Ожидание кликабельности элемента: ('xpath', "//span[text()='Nested Frames']")
2026-02-27T16:38:36.094698+0300 | INFO | Нажат элемент: ('xpath', "//span[text()='Nested Frames']")
2026-02-27T16:38:36.161149+0300 | INFO | ШАГ: 5. Проверяем, что открыта страница с формой Nested Frames
2026-02-27T16:38:36.161305+0300 | INFO | Проверка, что элемент существует: ('xpath', "//*[@id='framesWrapper']")
2026-02-27T16:38:36.161376+0300 | INFO | Найден элемент: ('xpath', "//*[@id='framesWrapper']")
2026-02-27T16:38:36.163247+0300 | INFO | Переключаемся на фрейм
2026-02-27T16:38:36.174293+0300 | INFO | Переключаемся на фрейм
2026-02-27T16:38:36.689230+0300 | INFO | ШАГ: 6. Проверяем, что в центре страницы присутствуют надписи "Parent frame" и "Child Iframe"
2026-02-27T16:38:48.696580+0300 | INFO | ШАГ: 1. Открываем главную страницу
2026-02-27T16:38:48.696795+0300 | INFO | ШАГ: 2. Проверяем, что главная страница открыта
2026-02-27T16:38:48.696871+0300 | INFO | Проверка, что элемент существует: ('xpath', "//*[@class='banner-image']")
2026-02-27T16:38:48.696936+0300 | INFO | Найден элемент: ('xpath', "//*[@class='banner-image']")
2026-02-27T16:38:48.716381+0300 | INFO | ШАГ: 3. Кликаем на кнопку Elements
2026-02-27T16:38:48.716555+0300 | INFO | Ожидание кликабельности элемента: ('xpath', "//*[contains(@href, 'elements')]")
2026-02-27T16:38:48.727242+0300 | INFO | Нажат элемент: ('xpath', "//*[contains(@href, 'elements')]")
2026-02-27T16:38:48.799167+0300 | INFO | ШАГ: 4. Кликаем на кнопку Web Tables
2026-02-27T16:38:48.799339+0300 | INFO | Ожидание кликабельности элемента: ('xpath', "//span[text()='Web Tables']")
2026-02-27T16:38:48.807820+0300 | INFO | Нажат элемент: ('xpath', "//span[text()='Web Tables']")
2026-02-27T16:38:48.871723+0300 | INFO | ШАГ: 5. Проверяем, что открыта страница с формой Web tables
2026-02-27T16:38:48.871886+0300 | INFO | Ожидание видимости элемента: ('xpath', "//h1[text()='Web Tables']")
2026-02-27T16:38:48.877781+0300 | INFO | Проверка, что элемент видимый: ('xpath', "//h1[text()='Web Tables']")
2026-02-27T16:38:48.877908+0300 | INFO | ШАГ: 6. Кликаем на кнопку add
2026-02-27T16:38:48.877988+0300 | INFO | Ожидание кликабельности элемента: ('id', 'addNewRecordButton')
2026-02-27T16:38:48.883935+0300 | INFO | Нажат элемент: ('id', 'addNewRecordButton')
2026-02-27T16:38:48.962749+0300 | INFO | ШАГ: 7. Проверяем, что открыта страница с формой регистрации
2026-02-27T16:38:48.962908+0300 | INFO | Ожидание видимости элемента: ('id', 'userForm')
2026-02-27T16:38:48.968223+0300 | INFO | Проверка, что элемент видимый: ('id', 'userForm')
2026-02-27T16:38:48.968355+0300 | INFO | ШАГ: 8. заполняем форму регистрации
2026-02-27T16:38:48.968439+0300 | INFO | текст введен
2026-02-27T16:38:48.968516+0300 | INFO | Найден элемент: ('id', 'firstName')
2026-02-27T16:38:48.979549+0300 | INFO | текст введен
2026-02-27T16:38:48.979703+0300 | INFO | Найден элемент: ('id', 'lastName')
2026-02-27T16:38:48.991745+0300 | INFO | текст введен
2026-02-27T16:38:48.991936+0300 | INFO | Найден элемент: ('id', 'userEmail')
2026-02-27T16:38:49.014835+0300 | INFO | текст введен
2026-02-27T16:38:49.015014+0300 | INFO | Найден элемент: ('id', 'age')
2026-02-27T16:38:49.026658+0300 | INFO | текст введен
2026-02-27T16:38:49.026874+0300 | INFO | Найден элемент: ('id', 'salary')
2026-02-27T16:38:49.038534+0300 | INFO | текст введен
2026-02-27T16:38:49.038694+0300 | INFO | Найден элемент: ('id', 'department')
2026-02-27T16:38:49.050179+0300 | INFO | ШАГ: 9. Кликаем на кнопку submit
2026-02-27T16:38:49.050354+0300 | INFO | Ожидание кликабельности элемента: ('id', 'submit')
2026-02-27T16:38:49.057524+0300 | INFO | Нажат элемент: ('id', 'submit')
2026-02-27T16:38:51.132870+0300 | INFO | ШАГ: 10. Проверяем, что форма регистрации закрыта
2026-02-27T16:38:51.133061+0300 | INFO | Ожидание видимости элемента: ('id', 'userForm')
2026-02-27T16:39:01.177411+0300 | INFO | ШАГ: 11. Проверяем, что в таблице появились данные пользователя
2026-02-27T16:39:01.387448+0300 | INFO | получили строки
2026-02-27T16:39:01.388898+0300 | INFO | ШАГ: 12. Удаляем пользователя
2026-02-27T16:39:01.449523+0300 | INFO | ШАГ: 13. Проверяем, что пользователь удален
2026-02-27T16:39:01.615215+0300 | INFO | ШАГ: 14. Проверяем, что количество записей в таблице изменилось
2026-02-27T16:39:01.615445+0300 | INFO | получили строки
2026-02-27T16:39:13.669656+0300 | INFO | ШАГ: 1. Открываем главную страницу
2026-02-27T16:39:13.669878+0300 | INFO | ШАГ: 2. Проверяем, что главная страница открыта
2026-02-27T16:39:13.669957+0300 | INFO | Проверка, что элемент существует: ('xpath', "//*[@class='banner-image']")
2026-02-27T16:39:13.670025+0300 | INFO | Найден элемент: ('xpath', "//*[@class='banner-image']")
2026-02-27T16:39:13.690055+0300 | INFO | ШАГ: 3. Кликаем на кнопку Elements
2026-02-27T16:39:13.690220+0300 | INFO | Ожидание кликабельности элемента: ('xpath', "//*[contains(@href, 'elements')]")
2026-02-27T16:39:13.700794+0300 | INFO | Нажат элемент: ('xpath', "//*[contains(@href, 'elements')]")
2026-02-27T16:39:13.781889+0300 | INFO | ШАГ: 4. Кликаем на кнопку Web Tables
2026-02-27T16:39:13.782234+0300 | INFO | Ожидание кликабельности элемента: ('xpath', "//span[text()='Web Tables']")
2026-02-27T16:39:13.790261+0300 | INFO | Нажат элемент: ('xpath', "//span[text()='Web Tables']")
2026-02-27T16:39:13.855431+0300 | INFO | ШАГ: 5. Проверяем, что открыта страница с формой Web tables
2026-02-27T16:39:13.855632+0300 | INFO | Ожидание видимости элемента: ('xpath', "//h1[text()='Web Tables']")
2026-02-27T16:39:13.862225+0300 | INFO | Проверка, что элемент видимый: ('xpath', "//h1[text()='Web Tables']")
2026-02-27T16:39:13.862370+0300 | INFO | ШАГ: 6. Кликаем на кнопку add
2026-02-27T16:39:13.862454+0300 | INFO | Ожидание кликабельности элемента: ('id', 'addNewRecordButton')
2026-02-27T16:39:13.869341+0300 | INFO | Нажат элемент: ('id', 'addNewRecordButton')
2026-02-27T16:39:13.944147+0300 | INFO | ШАГ: 7. Проверяем, что открыта страница с формой регистрации
2026-02-27T16:39:13.944328+0300 | INFO | Ожидание видимости элемента: ('id', 'userForm')
2026-02-27T16:39:13.951529+0300 | INFO | Проверка, что элемент видимый: ('id', 'userForm')
2026-02-27T16:39:13.951670+0300 | INFO | ШАГ: 8. заполняем форму регистрации
2026-02-27T16:39:13.951741+0300 | INFO | текст введен
2026-02-27T16:39:13.951804+0300 | INFO | Найден элемент: ('id', 'firstName')
2026-02-27T16:39:13.967567+0300 | INFO | текст введен
2026-02-27T16:39:13.967760+0300 | INFO | Найден элемент: ('id', 'lastName')
2026-02-27T16:39:13.980907+0300 | INFO | текст введен
2026-02-27T16:39:13.981059+0300 | INFO | Найден элемент: ('id', 'userEmail')
2026-02-27T16:39:14.006997+0300 | INFO | текст введен
2026-02-27T16:39:14.007163+0300 | INFO | Найден элемент: ('id', 'age')
2026-02-27T16:39:14.017152+0300 | INFO | текст введен
2026-02-27T16:39:14.017310+0300 | INFO | Найден элемент: ('id', 'salary')
2026-02-27T16:39:14.026395+0300 | INFO | текст введен
2026-02-27T16:39:14.026573+0300 | INFO | Найден элемент: ('id', 'department')
2026-02-27T16:39:14.051499+0300 | INFO | ШАГ: 9. Кликаем на кнопку submit
2026-02-27T16:39:14.051656+0300 | INFO | Ожидание кликабельности элемента: ('id', 'submit')
2026-02-27T16:39:14.059364+0300 | INFO | Нажат элемент: ('id', 'submit')
2026-02-27T16:39:16.128750+0300 | INFO | ШАГ: 10. Проверяем, что форма регистрации закрыта
2026-02-27T16:39:16.128966+0300 | INFO | Ожидание видимости элемента: ('id', 'userForm')
2026-02-27T16:39:26.174846+0300 | INFO | ШАГ: 11. Проверяем, что в таблице появились данные пользователя
2026-02-27T16:39:26.387015+0300 | INFO | получили строки
2026-02-27T16:39:26.388780+0300 | INFO | ШАГ: 12. Удаляем пользователя
2026-02-27T16:39:26.449929+0300 | INFO | ШАГ: 13. Проверяем, что пользователь удален
2026-02-27T16:39:26.618095+0300 | INFO | ШАГ: 14. Проверяем, что количество записей в таблице изменилось
2026-02-27T16:39:26.618278+0300 | INFO | получили строки
2026-02-27T16:39:38.848525+0300 | INFO | ШАГ: 1. Открываем главную страницу
2026-02-27T16:39:38.848734+0300 | INFO | ШАГ: 2. Проверяем, что главная страница открыта
2026-02-27T16:39:38.848810+0300 | INFO | Проверка, что элемент существует: ('xpath', "//*[@class='banner-image']")
2026-02-27T16:39:38.848875+0300 | INFO | Найден элемент: ('xpath', "//*[@class='banner-image']")
2026-02-27T16:39:38.869554+0300 | INFO | ШАГ: 3. Кликаем на кнопку Alerts, Frame & Windows.
2026-02-27T16:39:38.869729+0300 | INFO | Ожидание кликабельности элемента: ('xpath', "//*[contains(@href, 'alert')]")
2026-02-27T16:39:38.880312+0300 | INFO | Нажат элемент: ('xpath', "//*[contains(@href, 'alert')]")
2026-02-27T16:39:38.949984+0300 | INFO | ШАГ: 4. Кликаем на кнопку Browser Windows
2026-02-27T16:39:38.950143+0300 | INFO | Ожидание кликабельности элемента: ('xpath', "//span[text()='Browser Windows']")
2026-02-27T16:39:38.957666+0300 | INFO | Нажат элемент: ('xpath', "//span[text()='Browser Windows']")
2026-02-27T16:39:39.018069+0300 | INFO | ШАГ: 5. Проверяем, что открыта страница с формой Browser Windows
2026-02-27T16:39:39.018234+0300 | INFO | Проверка, что элемент существует: ('xpath', "//*[@id='browserWindows']")
2026-02-27T16:39:39.018317+0300 | INFO | Найден элемент: ('xpath', "//*[@id='browserWindows']")
2026-02-27T16:39:39.021106+0300 | INFO | ШАГ: 6. Кликаем на кнопку New Tab
2026-02-27T16:39:39.021201+0300 | INFO | Ожидание кликабельности элемента: ('xpath', "//*[@id='tabButton']")
2026-02-27T16:39:39.027733+0300 | INFO | Нажат элемент: ('xpath', "//*[@id='tabButton']")
2026-02-27T16:39:39.098212+0300 | INFO | ШАГ: 7. Переключаемся на новую вкладку
2026-02-27T16:39:39.098394+0300 | INFO | переключились на новую вкладку
2026-02-27T16:39:39.100461+0300 | INFO | ШАГ: 8. Проверяем, что открыта новая вкладка
2026-02-27T16:39:39.101209+0300 | INFO | ШАГ: 9. Проверяем, что открыта страница sample page
2026-02-27T16:39:39.101301+0300 | INFO | Проверка, что элемент существует: ('xpath', "//*[@id='sampleHeading']")
2026-02-27T16:39:39.101368+0300 | INFO | Найден элемент: ('xpath', "//*[@id='sampleHeading']")
2026-02-27T16:39:39.604864+0300 | INFO | ШАГ: 10. Закрываем текущую вкладку
2026-02-27T16:39:39.605053+0300 | INFO | закрыли вкладку
2026-02-27T16:39:39.619108+0300 | INFO | ШАГ: 11. Переключаемся на прошлую вкладку
2026-02-27T16:39:39.619287+0300 | INFO | переключились на вкладку
2026-02-27T16:39:39.621015+0300 | INFO | ШАГ: 12. Проверяем, что открыта страница с формой Browser Windows
2026-02-27T16:39:39.621113+0300 | INFO | Проверка, что элемент существует: ('xpath', "//*[@id='browserWindows']")
2026-02-27T16:39:39.621181+0300 | INFO | Найден элемент: ('xpath', "//*[@id='browserWindows']")
2026-02-27T16:39:39.622613+0300 | INFO | ШАГ: 13. Кликаем на меню Elements
2026-02-27T16:39:39.622719+0300 | INFO | Ожидание кликабельности элемента: ('xpath', "//*[text()='Elements']")
2026-02-27T16:39:39.637435+0300 | INFO | Нажат элемент: ('xpath', "//*[text()='Elements']")
2026-02-27T16:39:39.700221+0300 | INFO | ШАГ: 14. Кликаем на кнопку Links
2026-02-27T16:39:39.700442+0300 | INFO | Ожидание кликабельности элемента: ('xpath', "//*[contains(@href, 'links')]")
2026-02-27T16:39:39.707675+0300 | INFO | Нажат элемент: ('xpath', "//*[contains(@href, 'links')]")
2026-02-27T16:39:39.770491+0300 | INFO | ШАГ: 15. Проверяем, что открыта страница с формой Links
2026-02-27T16:39:39.770649+0300 | INFO | Проверка, что элемент существует: ('xpath', "//*[@id='linkWrapper']")
2026-02-27T16:39:39.770720+0300 | INFO | Найден элемент: ('xpath', "//*[@id='linkWrapper']")
2026-02-27T16:39:39.773484+0300 | INFO | ШАГ: 16. Кликаем на ссылку Home
2026-02-27T16:39:39.773587+0300 | INFO | Ожидание кликабельности элемента: ('xpath', "//*[@id='simpleLink']")
2026-02-27T16:39:39.780201+0300 | INFO | Нажат элемент: ('xpath', "//*[@id='simpleLink']")
2026-02-27T16:39:39.801534+0300 | INFO | ШАГ: 17. Переключаемся на новую вкладку
2026-02-27T16:39:39.801688+0300 | INFO | переключились на новую вкладку
2026-02-27T16:39:39.803849+0300 | INFO | ШАГ: 18. Проверяем, что главная страница открыта
2026-02-27T16:39:39.803963+0300 | INFO | Проверка, что элемент существует: ('xpath', "//*[@class='banner-image']")
2026-02-27T16:39:39.804046+0300 | INFO | Найден элемент: ('xpath', "//*[@class='banner-image']")
2026-02-27T16:39:40.310594+0300 | INFO | ШАГ: 19. Переключаемся на прошлую вкладку
2026-02-27T16:39:40.310776+0300 | INFO | переключились на вкладку
2026-02-27T16:39:40.318293+0300 | INFO | ШАГ: 20. Проверяем, что открыта страница с формой Links
2026-02-27T16:39:40.318445+0300 | INFO | Проверка, что элемент существует: ('xpath', "//*[@id='linkWrapper']")
2026-02-27T16:39:40.318516+0300 | INFO | Найден элемент: ('xpath', "//*[@id='linkWrapper']")
2026-02-27T16:43:16.932534+0300 | INFO | ============================================================
2026-02-27T16:43:16.932759+0300 | INFO | Тест начат
2026-02-27T16:43:16.932863+0300 | INFO | ============================================================
2026-02-27T16:43:20.668082+0300 | INFO | ШАГ: 1. Открываем главную страницу
2026-02-27T16:43:20.668259+0300 | INFO | ШАГ: 2. Проверяем, что главная страница открыта
2026-02-27T16:43:20.668357+0300 | INFO | Проверка, что элемент существует: ('xpath', "//*[@class='banner-image']")
2026-02-27T16:43:20.668441+0300 | INFO | Найден элемент: ('xpath', "//*[@class='banner-image']")
2026-02-27T16:43:20.676230+0300 | INFO | ШАГ: 3. Кликаем на кнопку Alerts, Frame & Windows.
2026-02-27T16:43:20.676591+0300 | INFO | Ожидание кликабельности элемента: ('xpath', "//*[contains(@href, 'alert')]")
2026-02-27T16:43:20.692870+0300 | INFO | Нажат элемент: ('xpath', "//*[contains(@href, 'alert')]")
2026-02-27T16:43:20.730597+0300 | INFO | ШАГ: 4. Кликаем на кнопку Alerts в левом меню
2026-02-27T16:43:20.731018+0300 | INFO | Ожидание кликабельности элемента: ('xpath', "//span[text()='Alerts']")
2026-02-27T16:43:21.250574+0300 | INFO | Нажат элемент: ('xpath', "//span[text()='Alerts']")
2026-02-27T16:43:21.289153+0300 | INFO | ШАГ: 5. Проверяем, что на странице появилась форма Alerts
2026-02-27T16:43:21.289340+0300 | INFO | Ожидание видимости элемента: ('xpath', "//*[@id='javascriptAlertsWrapper']")
2026-02-27T16:43:21.299680+0300 | INFO | Проверка, что элемент видимый: ('xpath', "//*[@id='javascriptAlertsWrapper']")
2026-02-27T16:43:21.299849+0300 | INFO | ШАГ: 6. Кликаем на кнопку click button to see alert
2026-02-27T16:43:21.299929+0300 | INFO | Ожидание кликабельности элемента: ('xpath', "//*[@id='alertButton']")
2026-02-27T16:43:21.312052+0300 | INFO | Нажат элемент: ('xpath', "//*[@id='alertButton']")
2026-02-27T16:43:21.341625+0300 | INFO | ШАГ: 7. Проверяем, что открыт алерт с текстом "You clicked a button"
2026-02-27T16:43:21.341789+0300 | INFO | Получили текст из алерта
2026-02-27T16:43:21.343069+0300 | INFO | ШАГ: 8 .Кликаем на кнопку ОК
2026-02-27T16:43:21.344855+0300 | INFO | Нажата кнопка ОК
2026-02-27T16:43:21.344968+0300 | INFO | ШАГ: 9 .Проверяем, что алерт закрылся
2026-02-27T16:43:21.345810+0300 | INFO | Алерт закрыт
2026-02-27T16:43:21.345904+0300 | INFO | ШАГ: 10. Кликаем на кнопку On button click, confirm box will appear
2026-02-27T16:43:21.345978+0300 | INFO | Ожидание кликабельности элемента: ('xpath', "//*[@id='confirmButton']")
2026-02-27T16:43:21.360913+0300 | INFO | Нажат элемент: ('xpath', "//*[@id='confirmButton']")
2026-02-27T16:43:21.389108+0300 | INFO | ШАГ: 11. Проверяем, что открыт алерт с текстом "Do you confirm action?"
2026-02-27T16:43:21.389275+0300 | INFO | Получили текст из алерта
2026-02-27T16:43:21.390413+0300 | INFO | ШАГ: 12. Кликаем на кнопку ОК
2026-02-27T16:43:21.392059+0300 | INFO | Нажата кнопка ОК
2026-02-27T16:43:21.392272+0300 | INFO | ШАГ: 13. Проверяем, что алерт закрылся
2026-02-27T16:43:21.393574+0300 | INFO | Алерт закрыт
2026-02-27T16:43:21.393674+0300 | INFO | ШАГ: 14. Проверяем, что рядом с кнопкой появилась надпись "You selected Ok"
2026-02-27T16:43:21.393749+0300 | INFO | Получен текст элемента: ('xpath', "//*[@id='confirmResult']")
2026-02-27T16:43:21.393814+0300 | INFO | Найден элемент: ('xpath', "//*[@id='confirmResult']")
2026-02-27T16:43:21.407498+0300 | INFO | ШАГ: 15. Кликаем на кнопку On button click, prompt box will appear
2026-02-27T16:43:21.407656+0300 | INFO | Ожидание кликабельности элемента: ('xpath', "//*[@id='promtButton']")
2026-02-27T16:43:21.434152+0300 | INFO | Нажат элемент: ('xpath', "//*[@id='promtButton']")
2026-02-27T16:43:21.474720+0300 | INFO | ШАГ: 16. Проверяем, что открыт алерт с текстом "Please enter your name"
2026-02-27T16:43:21.474900+0300 | INFO | Получили текст из алерта
2026-02-27T16:43:21.476346+0300 | INFO | ШАГ: 17. Вводим случайно сгенерированный текст
2026-02-27T16:43:21.476470+0300 | INFO | текст введен
2026-02-27T16:43:21.477680+0300 | INFO | ШАГ: 18. Кликаем на кнопку ОК
2026-02-27T16:43:21.479737+0300 | INFO | Нажата кнопка ОК
2026-02-27T16:43:21.479851+0300 | INFO | ШАГ: 19. Проверяем, что алерт закрылся
2026-02-27T16:43:21.482652+0300 | INFO | Алерт закрыт
2026-02-27T16:43:21.482783+0300 | INFO | ШАГ: 20. Проверяем, что рядом с кнопкой появилась надпись, соответствующая введенному в алерт
2026-02-27T16:43:21.482858+0300 | INFO | Получен текст элемента: ('xpath', "//*[@id='promptResult']")
2026-02-27T16:43:21.482922+0300 | INFO | Найден элемент: ('xpath', "//*[@id='promptResult']")
2026-02-27T16:43:23.603301+0300 | INFO | ============================================================
2026-02-27T16:43:23.603558+0300 | INFO | Тест завершен
2026-02-27T16:43:23.603697+0300 | INFO | ============================================================
2026-02-27T16:43:23.604881+0300 | INFO | ============================================================
2026-02-27T16:43:23.605006+0300 | INFO | Тест начат
2026-02-27T16:43:23.605077+0300 | INFO | ============================================================
2026-02-27T16:43:26.390852+0300 | INFO | ШАГ: 1. Открываем главную страницу
2026-02-27T16:43:26.391038+0300 | INFO | ШАГ: 2. Проверяем, что главная страница открыта
2026-02-27T16:43:26.391115+0300 | INFO | Проверка, что элемент существует: ('xpath', "//*[@class='banner-image']")
2026-02-27T16:43:26.391181+0300 | INFO | Найден элемент: ('xpath', "//*[@class='banner-image']")
2026-02-27T16:43:26.398788+0300 | INFO | ШАГ: 3. Кликаем на кнопку Alerts, Frame & Windows.
2026-02-27T16:43:26.398936+0300 | INFO | Ожидание кликабельности элемента: ('xpath', "//*[contains(@href, 'alert')]")
2026-02-27T16:43:26.414815+0300 | INFO | Нажат элемент: ('xpath', "//*[contains(@href, 'alert')]")
2026-02-27T16:43:26.454788+0300 | INFO | ШАГ: 4. Кликаем на кнопку Nested Frames
2026-02-27T16:43:26.455084+0300 | INFO | Ожидание кликабельности элемента: ('xpath', "//span[text()='Nested Frames']")
2026-02-27T16:43:26.975029+0300 | INFO | Нажат элемент: ('xpath', "//span[text()='Nested Frames']")
2026-02-27T16:43:27.013030+0300 | INFO | ШАГ: 5. Проверяем, что открыта страница с формой Nested Frames
2026-02-27T16:43:27.013195+0300 | INFO | Проверка, что элемент существует: ('xpath', "//*[@id='framesWrapper']")
2026-02-27T16:43:27.013265+0300 | INFO | Найден элемент: ('xpath', "//*[@id='framesWrapper']")
2026-02-27T16:43:27.021045+0300 | INFO | Переключаемся на фрейм
2026-02-27T16:43:27.135316+0300 | INFO | Переключаемся на фрейм
2026-02-27T16:43:27.167238+0300 | INFO | ШАГ: 6. Проверяем, что в центре страницы присутствуют надписи "Parent frame" и "Child Iframe"
2026-02-27T16:43:27.167371+0300 | INFO | ШАГ: 7. Кликаем на кнопку Frames
2026-02-27T16:43:27.167443+0300 | INFO | Ожидание кликабельности элемента: ('xpath', "//*[text()='Frames']")
2026-02-27T16:43:27.180371+0300 | INFO | Нажат элемент: ('xpath', "//*[text()='Frames']")
2026-02-27T16:43:27.219230+0300 | INFO | ШАГ: 8. Проверяем, что открыта страница с формой Frames
2026-02-27T16:43:27.219433+0300 | INFO | Проверка, что элемент существует: ('xpath', "//*[@id='framesWrapper']")
2026-02-27T16:43:27.219506+0300 | INFO | Найден элемент: ('xpath', "//*[@id='framesWrapper']")
2026-02-27T16:43:27.224747+0300 | INFO | ШАГ: 9. Проверяем, что надпись из верхнего фрейма соответствует надписи из нижнего
2026-02-27T16:43:27.224885+0300 | INFO | Переключаемся на фрейм
2026-02-27T16:43:27.305494+0300 | INFO | Переключаемся на фрейм
2026-02-27T16:43:29.481225+0300 | INFO | ============================================================
2026-02-27T16:43:29.481554+0300 | INFO | Тест завершен
2026-02-27T16:43:29.481639+0300 | INFO | ============================================================
2026-02-27T16:43:29.482697+0300 | INFO | ============================================================
2026-02-27T16:43:29.482820+0300 | INFO | Тест начат
2026-02-27T16:43:29.482891+0300 | INFO | ============================================================
2026-02-27T16:43:32.137460+0300 | INFO | ШАГ: 1. Открываем главную страницу
2026-02-27T16:43:32.137647+0300 | INFO | ШАГ: 2. Проверяем, что главная страница открыта
2026-02-27T16:43:32.137752+0300 | INFO | Проверка, что элемент существует: ('xpath', "//*[@class='banner-image']")
2026-02-27T16:43:32.137824+0300 | INFO | Найден элемент: ('xpath', "//*[@class='banner-image']")
2026-02-27T16:43:32.145214+0300 | INFO | ШАГ: 3. Кликаем на кнопку Elements
2026-02-27T16:43:32.145402+0300 | INFO | Ожидание кликабельности элемента: ('xpath', "//*[contains(@href, 'elements')]")
2026-02-27T16:43:32.161405+0300 | INFO | Нажат элемент: ('xpath', "//*[contains(@href, 'elements')]")
2026-02-27T16:43:32.202840+0300 | INFO | ШАГ: 4. Кликаем на кнопку Web Tables
2026-02-27T16:43:32.203009+0300 | INFO | Ожидание кликабельности элемента: ('xpath', "//span[text()='Web Tables']")
2026-02-27T16:43:32.227738+0300 | INFO | Нажат элемент: ('xpath', "//span[text()='Web Tables']")
2026-02-27T16:43:32.270658+0300 | INFO | ШАГ: 5. Проверяем, что открыта страница с формой Web tables
2026-02-27T16:43:32.270877+0300 | INFO | Ожидание видимости элемента: ('xpath', "//h1[text()='Web Tables']")
2026-02-27T16:43:32.291258+0300 | INFO | Проверка, что элемент видимый: ('xpath', "//h1[text()='Web Tables']")
2026-02-27T16:43:32.291414+0300 | INFO | ШАГ: 6. Кликаем на кнопку add
2026-02-27T16:43:32.291485+0300 | INFO | Ожидание кликабельности элемента: ('id', 'addNewRecordButton')
2026-02-27T16:43:32.337681+0300 | INFO | Нажат элемент: ('id', 'addNewRecordButton')
2026-02-27T16:43:32.374094+0300 | INFO | ШАГ: 7. Проверяем, что открыта страница с формой регистрации
2026-02-27T16:43:32.374308+0300 | INFO | Ожидание видимости элемента: ('id', 'userForm')
2026-02-27T16:43:32.386006+0300 | INFO | Проверка, что элемент видимый: ('id', 'userForm')
2026-02-27T16:43:32.386167+0300 | INFO | ШАГ: 8. заполняем форму регистрации
2026-02-27T16:43:32.386239+0300 | INFO | текст введен
2026-02-27T16:43:32.386303+0300 | INFO | Найден элемент: ('id', 'firstName')
2026-02-27T16:43:32.425355+0300 | INFO | текст введен
2026-02-27T16:43:32.425611+0300 | INFO | Найден элемент: ('id', 'lastName')
2026-02-27T16:43:32.459474+0300 | INFO | текст введен
2026-02-27T16:43:32.459632+0300 | INFO | Найден элемент: ('id', 'userEmail')
2026-02-27T16:43:32.501565+0300 | INFO | текст введен
2026-02-27T16:43:32.501781+0300 | INFO | Найден элемент: ('id', 'age')
2026-02-27T16:43:32.531307+0300 | INFO | текст введен
2026-02-27T16:43:32.531505+0300 | INFO | Найден элемент: ('id', 'salary')
2026-02-27T16:43:32.560467+0300 | INFO | текст введен
2026-02-27T16:43:32.560697+0300 | INFO | Найден элемент: ('id', 'department')
2026-02-27T16:43:32.593710+0300 | INFO | ШАГ: 9. Кликаем на кнопку submit
2026-02-27T16:43:32.593912+0300 | INFO | Ожидание кликабельности элемента: ('id', 'submit')
2026-02-27T16:43:32.606468+0300 | INFO | Нажат элемент: ('id', 'submit')
2026-02-27T16:43:34.638208+0300 | INFO | ШАГ: 10. Проверяем, что форма регистрации закрыта
2026-02-27T16:43:34.638416+0300 | INFO | Ожидание видимости элемента: ('id', 'userForm')
2026-02-27T16:43:44.747423+0300 | INFO | ШАГ: 11. Проверяем, что в таблице появились данные пользователя
2026-02-27T16:43:44.899881+0300 | INFO | получили строки
2026-02-27T16:43:44.903578+0300 | INFO | ШАГ: 12. Удаляем пользователя
2026-02-27T16:43:44.941588+0300 | INFO | ШАГ: 13. Проверяем, что пользователь удален
2026-02-27T16:43:45.047645+0300 | INFO | ШАГ: 14. Проверяем, что количество записей в таблице изменилось
2026-02-27T16:43:45.047799+0300 | INFO | получили строки
2026-02-27T16:43:47.325954+0300 | INFO | ============================================================
2026-02-27T16:43:47.326285+0300 | INFO | Тест завершен
2026-02-27T16:43:47.326399+0300 | INFO | ============================================================
2026-02-27T16:43:47.327207+0300 | INFO | ============================================================
2026-02-27T16:43:47.327325+0300 | INFO | Тест начат
2026-02-27T16:43:47.327394+0300 | INFO | ============================================================
2026-02-27T16:43:50.177804+0300 | INFO | ШАГ: 1. Открываем главную страницу
2026-02-27T16:43:50.177986+0300 | INFO | ШАГ: 2. Проверяем, что главная страница открыта
2026-02-27T16:43:50.178062+0300 | INFO | Проверка, что элемент существует: ('xpath', "//*[@class='banner-image']")
2026-02-27T16:43:50.178125+0300 | INFO | Найден элемент: ('xpath', "//*[@class='banner-image']")
2026-02-27T16:43:50.185630+0300 | INFO | ШАГ: 3. Кликаем на кнопку Elements
2026-02-27T16:43:50.185772+0300 | INFO | Ожидание кликабельности элемента: ('xpath', "//*[contains(@href, 'elements')]")
2026-02-27T16:43:50.201947+0300 | INFO | Нажат элемент: ('xpath', "//*[contains(@href, 'elements')]")
2026-02-27T16:43:50.243873+0300 | INFO | ШАГ: 4. Кликаем на кнопку Web Tables
2026-02-27T16:43:50.244091+0300 | INFO | Ожидание кликабельности элемента: ('xpath', "//span[text()='Web Tables']")
2026-02-27T16:43:50.266157+0300 | INFO | Нажат элемент: ('xpath', "//span[text()='Web Tables']")
2026-02-27T16:43:50.297973+0300 | INFO | ШАГ: 5. Проверяем, что открыта страница с формой Web tables
2026-02-27T16:43:50.298244+0300 | INFO | Ожидание видимости элемента: ('xpath', "//h1[text()='Web Tables']")
2026-02-27T16:43:50.840350+0300 | INFO | Проверка, что элемент видимый: ('xpath', "//h1[text()='Web Tables']")
2026-02-27T16:43:50.840519+0300 | INFO | ШАГ: 6. Кликаем на кнопку add
2026-02-27T16:43:50.840603+0300 | INFO | Ожидание кликабельности элемента: ('id', 'addNewRecordButton')
2026-02-27T16:43:50.880413+0300 | INFO | Нажат элемент: ('id', 'addNewRecordButton')
2026-02-27T16:43:50.915903+0300 | INFO | ШАГ: 7. Проверяем, что открыта страница с формой регистрации
2026-02-27T16:43:50.916080+0300 | INFO | Ожидание видимости элемента: ('id', 'userForm')
2026-02-27T16:43:50.927719+0300 | INFO | Проверка, что элемент видимый: ('id', 'userForm')
2026-02-27T16:43:50.928177+0300 | INFO | ШАГ: 8. заполняем форму регистрации
2026-02-27T16:43:50.928286+0300 | INFO | текст введен
2026-02-27T16:43:50.928380+0300 | INFO | Найден элемент: ('id', 'firstName')
2026-02-27T16:43:50.974189+0300 | INFO | текст введен
2026-02-27T16:43:50.974404+0300 | INFO | Найден элемент: ('id', 'lastName')
2026-02-27T16:43:51.015590+0300 | INFO | текст введен
2026-02-27T16:43:51.015777+0300 | INFO | Найден элемент: ('id', 'userEmail')
2026-02-27T16:43:51.077380+0300 | INFO | текст введен
2026-02-27T16:43:51.077579+0300 | INFO | Найден элемент: ('id', 'age')
2026-02-27T16:43:51.113701+0300 | INFO | текст введен
2026-02-27T16:43:51.113858+0300 | INFO | Найден элемент: ('id', 'salary')
2026-02-27T16:43:51.145554+0300 | INFO | текст введен
2026-02-27T16:43:51.145718+0300 | INFO | Найден элемент: ('id', 'department')
2026-02-27T16:43:51.177033+0300 | INFO | ШАГ: 9. Кликаем на кнопку submit
2026-02-27T16:43:51.177230+0300 | INFO | Ожидание кликабельности элемента: ('id', 'submit')
2026-02-27T16:43:51.190930+0300 | INFO | Нажат элемент: ('id', 'submit')
2026-02-27T16:43:53.223919+0300 | INFO | ШАГ: 10. Проверяем, что форма регистрации закрыта
2026-02-27T16:43:53.224141+0300 | INFO | Ожидание видимости элемента: ('id', 'userForm')
2026-02-27T16:44:03.323433+0300 | INFO | ШАГ: 11. Проверяем, что в таблице появились данные пользователя
2026-02-27T16:44:03.471545+0300 | INFO | получили строки
2026-02-27T16:44:03.475330+0300 | INFO | ШАГ: 12. Удаляем пользователя
2026-02-27T16:44:03.512408+0300 | INFO | ШАГ: 13. Проверяем, что пользователь удален
2026-02-27T16:44:03.613597+0300 | INFO | ШАГ: 14. Проверяем, что количество записей в таблице изменилось
2026-02-27T16:44:03.613766+0300 | INFO | получили строки
2026-02-27T16:44:05.754032+0300 | INFO | ============================================================
2026-02-27T16:44:05.754294+0300 | INFO | Тест завершен
2026-02-27T16:44:05.754433+0300 | INFO | ============================================================
2026-02-27T16:44:05.755516+0300 | INFO | ============================================================
2026-02-27T16:44:05.755669+0300 | INFO | Тест начат
2026-02-27T16:44:05.755738+0300 | INFO | ============================================================
2026-02-27T16:44:08.439937+0300 | INFO | ШАГ: 1. Открываем главную страницу
2026-02-27T16:44:08.440222+0300 | INFO | ШАГ: 2. Проверяем, что главная страница открыта
2026-02-27T16:44:08.440336+0300 | INFO | Проверка, что элемент существует: ('xpath', "//*[@class='banner-image']")
2026-02-27T16:44:08.440444+0300 | INFO | Найден элемент: ('xpath', "//*[@class='banner-image']")
2026-02-27T16:44:08.448153+0300 | INFO | ШАГ: 3. Кликаем на кнопку Alerts, Frame & Windows.
2026-02-27T16:44:08.448368+0300 | INFO | Ожидание кликабельности элемента: ('xpath', "//*[contains(@href, 'alert')]")
2026-02-27T16:44:08.464331+0300 | INFO | Нажат элемент: ('xpath', "//*[contains(@href, 'alert')]")
2026-02-27T16:44:08.503771+0300 | INFO | ШАГ: 4. Кликаем на кнопку Browser Windows
2026-02-27T16:44:08.503985+0300 | INFO | Ожидание кликабельности элемента: ('xpath', "//span[text()='Browser Windows']")
2026-02-27T16:44:09.023779+0300 | INFO | Нажат элемент: ('xpath', "//span[text()='Browser Windows']")
2026-02-27T16:44:09.058016+0300 | INFO | ШАГ: 5. Проверяем, что открыта страница с формой Browser Windows
2026-02-27T16:44:09.058194+0300 | INFO | Проверка, что элемент существует: ('xpath', "//*[@id='browserWindows']")
2026-02-27T16:44:09.058265+0300 | INFO | Найден элемент: ('xpath', "//*[@id='browserWindows']")
2026-02-27T16:44:09.068204+0300 | INFO | ШАГ: 6. Кликаем на кнопку New Tab
2026-02-27T16:44:09.068358+0300 | INFO | Ожидание кликабельности элемента: ('xpath', "//*[@id='tabButton']")
2026-02-27T16:44:09.080682+0300 | INFO | Нажат элемент: ('xpath', "//*[@id='tabButton']")
2026-02-27T16:44:09.141692+0300 | INFO | ШАГ: 7. Переключаемся на новую вкладку
2026-02-27T16:44:09.141872+0300 | INFO | переключились на новую вкладку
2026-02-27T16:44:09.152383+0300 | INFO | ШАГ: 8. Проверяем, что открыта новая вкладка
2026-02-27T16:44:09.153114+0300 | INFO | ШАГ: 9. Проверяем, что открыта страница sample page
2026-02-27T16:44:09.153211+0300 | INFO | Проверка, что элемент существует: ('xpath', "//*[@id='sampleHeading']")
2026-02-27T16:44:09.153281+0300 | INFO | Найден элемент: ('xpath', "//*[@id='sampleHeading']")
2026-02-27T16:44:09.213002+0300 | INFO | ШАГ: 10. Закрываем текущую вкладку
2026-02-27T16:44:09.213165+0300 | INFO | закрыли вкладку
2026-02-27T16:44:09.224246+0300 | INFO | ШАГ: 11. Переключаемся на прошлую вкладку
2026-02-27T16:44:09.224408+0300 | INFO | переключились на вкладку
2026-02-27T16:44:09.226588+0300 | INFO | ШАГ: 12. Проверяем, что открыта страница с формой Browser Windows
2026-02-27T16:44:09.226757+0300 | INFO | Проверка, что элемент существует: ('xpath', "//*[@id='browserWindows']")
2026-02-27T16:44:09.226862+0300 | INFO | Найден элемент: ('xpath', "//*[@id='browserWindows']")
2026-02-27T16:44:09.231069+0300 | INFO | ШАГ: 13. Кликаем на меню Elements
2026-02-27T16:44:09.231227+0300 | INFO | Ожидание кликабельности элемента: ('xpath', "//*[text()='Elements']")
2026-02-27T16:44:09.244884+0300 | INFO | Нажат элемент: ('xpath', "//*[text()='Elements']")
2026-02-27T16:44:09.278580+0300 | INFO | ШАГ: 14. Кликаем на кнопку Links
2026-02-27T16:44:09.278772+0300 | INFO | Ожидание кликабельности элемента: ('xpath', "//*[contains(@href, 'links')]")
2026-02-27T16:44:09.293096+0300 | INFO | Нажат элемент: ('xpath', "//*[contains(@href, 'links')]")
2026-02-27T16:44:09.350835+0300 | INFO | ШАГ: 15. Проверяем, что открыта страница с формой Links
2026-02-27T16:44:09.351004+0300 | INFO | Проверка, что элемент существует: ('xpath', "//*[@id='linkWrapper']")
2026-02-27T16:44:09.351075+0300 | INFO | Найден элемент: ('xpath', "//*[@id='linkWrapper']")
2026-02-27T16:44:09.358032+0300 | INFO | ШАГ: 16. Кликаем на ссылку Home
2026-02-27T16:44:09.358175+0300 | INFO | Ожидание кликабельности элемента: ('xpath', "//*[@id='simpleLink']")
2026-02-27T16:44:09.370990+0300 | INFO | Нажат элемент: ('xpath', "//*[@id='simpleLink']")
2026-02-27T16:44:09.414879+0300 | INFO | ШАГ: 17. Переключаемся на новую вкладку
2026-02-27T16:44:09.415173+0300 | INFO | переключились на новую вкладку
2026-02-27T16:44:09.421886+0300 | INFO | ШАГ: 18. Проверяем, что главная страница открыта
2026-02-27T16:44:09.422018+0300 | INFO | Проверка, что элемент существует: ('xpath', "//*[@class='banner-image']")
2026-02-27T16:44:09.422088+0300 | INFO | Найден элемент: ('xpath', "//*[@class='banner-image']")
2026-02-27T16:44:09.620413+0300 | INFO | ШАГ: 19. Переключаемся на прошлую вкладку
2026-02-27T16:44:09.786395+0300 | INFO | переключились на вкладку
2026-02-27T16:44:09.793818+0300 | INFO | ШАГ: 20. Проверяем, что открыта страница с формой Links
2026-02-27T16:44:09.793995+0300 | INFO | Проверка, что элемент существует: ('xpath', "//*[@id='linkWrapper']")
2026-02-27T16:44:09.794070+0300 | INFO | Найден элемент: ('xpath', "//*[@id='linkWrapper']")
2026-02-27T16:44:11.920869+0300 | INFO | ============================================================
2026-02-27T16:44:11.921245+0300 | INFO | Тест завершен
2026-02-27T16:44:11.921392+0300 | INFO | ============================================================
2026-02-27T16:50:04.602617+0300 | INFO | ============================================================
2026-02-27T16:50:04.602838+0300 | INFO | Тест начат
2026-02-27T16:50:04.602944+0300 | INFO | ============================================================
2026-02-27T16:50:06.865829+0300 | INFO | ШАГ: 1. Открываем главную страницу
2026-02-27T16:50:06.866047+0300 | INFO | ШАГ: 2. Проверяем, что главная страница открыта
2026-02-27T16:50:06.866147+0300 | INFO | Проверка, что элемент существует: ('xpath', "//*[@class='banner-image']")
2026-02-27T16:50:06.866258+0300 | INFO | Найден элемент: ('xpath', "//*[@class='banner-image']")
2026-02-27T16:50:06.875013+0300 | INFO | ШАГ: 3. Кликаем на кнопку Alerts, Frame & Windows.
2026-02-27T16:50:06.875411+0300 | INFO | Ожидание кликабельности элемента: ('xpath', "//*[contains(@href, 'alert')]")
2026-02-27T16:50:06.893174+0300 | INFO | Нажат элемент: ('xpath', "//*[contains(@href, 'alert')]")
2026-02-27T16:50:06.928800+0300 | INFO | ШАГ: 4. Кликаем на кнопку Alerts в левом меню
2026-02-27T16:50:06.928975+0300 | INFO | Ожидание кликабельности элемента: ('xpath', "//span[text()='Alerts']")
2026-02-27T16:50:07.447963+0300 | INFO | Нажат элемент: ('xpath', "//span[text()='Alerts']")
2026-02-27T16:50:07.483378+0300 | INFO | ШАГ: 5. Проверяем, что на странице появилась форма Alerts
2026-02-27T16:50:07.483554+0300 | INFO | Ожидание видимости элемента: ('xpath', "//*[@id='javascriptAlertsWrapper']")
2026-02-27T16:50:07.493859+0300 | INFO | Проверка, что элемент видимый: ('xpath', "//*[@id='javascriptAlertsWrapper']")
2026-02-27T16:50:07.494021+0300 | INFO | ШАГ: 6. Кликаем на кнопку click button to see alert
2026-02-27T16:50:07.494094+0300 | INFO | Ожидание кликабельности элемента: ('xpath', "//*[@id='alertButton']")
2026-02-27T16:50:07.506395+0300 | INFO | Нажат элемент: ('xpath', "//*[@id='alertButton']")
2026-02-27T16:50:07.535168+0300 | INFO | ШАГ: 7. Проверяем, что открыт алерт с текстом "You clicked a button"
2026-02-27T16:50:07.535351+0300 | INFO | Получили текст из алерта
2026-02-27T16:50:07.536495+0300 | INFO | ШАГ: 8 .Кликаем на кнопку ОК
2026-02-27T16:50:07.538273+0300 | INFO | Нажата кнопка ОК
2026-02-27T16:50:07.538409+0300 | INFO | ШАГ: 9 .Проверяем, что алерт закрылся
2026-02-27T16:50:07.539987+0300 | INFO | Алерт закрыт
2026-02-27T16:50:07.540083+0300 | INFO | ШАГ: 10. Кликаем на кнопку On button click, confirm box will appear
2026-02-27T16:50:07.540157+0300 | INFO | Ожидание кликабельности элемента: ('xpath', "//*[@id='confirmButton']")
2026-02-27T16:50:07.554203+0300 | INFO | Нажат элемент: ('xpath', "//*[@id='confirmButton']")
2026-02-27T16:50:07.581034+0300 | INFO | ШАГ: 11. Проверяем, что открыт алерт с текстом "Do you confirm action?"
2026-02-27T16:50:07.581216+0300 | INFO | Получили текст из алерта
2026-02-27T16:50:07.582344+0300 | INFO | ШАГ: 12. Кликаем на кнопку ОК
2026-02-27T16:50:07.583971+0300 | INFO | Нажата кнопка ОК
2026-02-27T16:50:07.584133+0300 | INFO | ШАГ: 13. Проверяем, что алерт закрылся
2026-02-27T16:50:07.585106+0300 | INFO | Алерт закрыт
2026-02-27T16:50:07.585200+0300 | INFO | ШАГ: 14. Проверяем, что рядом с кнопкой появилась надпись "You selected Ok"
2026-02-27T16:50:07.585275+0300 | INFO | Получен текст элемента: ('xpath', "//*[@id='confirmResult']")
2026-02-27T16:50:07.585341+0300 | INFO | Найден элемент: ('xpath', "//*[@id='confirmResult']")
2026-02-27T16:50:07.599314+0300 | INFO | ШАГ: 15. Кликаем на кнопку On button click, prompt box will appear
2026-02-27T16:50:07.599471+0300 | INFO | Ожидание кликабельности элемента: ('xpath', "//*[@id='promtButton']")
2026-02-27T16:50:07.612105+0300 | INFO | Нажат элемент: ('xpath', "//*[@id='promtButton']")
2026-02-27T16:50:07.653855+0300 | INFO | ШАГ: 16. Проверяем, что открыт алерт с текстом "Please enter your name"
2026-02-27T16:50:07.654018+0300 | INFO | Получили текст из алерта
2026-02-27T16:50:07.655146+0300 | INFO | ШАГ: 17. Вводим случайно сгенерированный текст
2026-02-27T16:50:07.655268+0300 | INFO | текст введен
2026-02-27T16:50:07.656469+0300 | INFO | ШАГ: 18. Кликаем на кнопку ОК
2026-02-27T16:50:07.658519+0300 | INFO | Нажата кнопка ОК
2026-02-27T16:50:07.658631+0300 | INFO | ШАГ: 19. Проверяем, что алерт закрылся
2026-02-27T16:50:07.659987+0300 | INFO | Алерт закрыт
2026-02-27T16:50:07.660107+0300 | INFO | ШАГ: 20. Проверяем, что рядом с кнопкой появилась надпись, соответствующая введенному в алерт
2026-02-27T16:50:07.660208+0300 | INFO | Получен текст элемента: ('xpath', "//*[@id='promptResult']")
2026-02-27T16:50:07.660293+0300 | INFO | Найден элемент: ('xpath', "//*[@id='promptResult']")
2026-02-27T16:50:09.819573+0300 | INFO | ============================================================
2026-02-27T16:50:09.819857+0300 | INFO | Тест завершен
2026-02-27T16:50:09.819950+0300 | INFO | ============================================================
2026-02-27T16:50:27.890331+0300 | INFO | ============================================================
2026-02-27T16:50:27.890917+0300 | INFO | Тест начат
2026-02-27T16:50:27.891217+0300 | INFO | ============================================================
2026-02-27T16:50:30.151508+0300 | INFO | ШАГ: 1. Открываем главную страницу
2026-02-27T16:50:30.151871+0300 | INFO | ШАГ: 2. Проверяем, что главная страница открыта
2026-02-27T16:50:30.152216+0300 | INFO | Проверка, что элемент существует: ('xpath', "//*[@class='banner-image']")
2026-02-27T16:50:30.152787+0300 | INFO | Найден элемент: ('xpath', "//*[@class='banner-image']")
2026-02-27T16:50:30.162600+0300 | INFO | ШАГ: 3. Кликаем на кнопку Alerts, Frame & Windows.
2026-02-27T16:50:30.163228+0300 | INFO | Ожидание кликабельности элемента: ('xpath', "//*[contains(@href, 'alert')]")
2026-02-27T16:50:30.184582+0300 | INFO | Нажат элемент: ('xpath', "//*[contains(@href, 'alert')]")
2026-02-27T16:50:30.220308+0300 | INFO | ШАГ: 4. Кликаем на кнопку Alerts в левом меню
2026-02-27T16:50:30.220678+0300 | INFO | Ожидание кликабельности элемента: ('xpath', "//span[text()='Alerts']")
2026-02-27T16:50:30.745140+0300 | INFO | Нажат элемент: ('xpath', "//span[text()='Alerts']")
2026-02-27T16:50:30.779768+0300 | INFO | ШАГ: 5. Проверяем, что на странице появилась форма Alerts
2026-02-27T16:50:30.780294+0300 | INFO | Ожидание видимости элемента: ('xpath', "//*[@id='javascriptAlertsWrapper']")
2026-02-27T16:50:30.795887+0300 | INFO | Проверка, что элемент видимый: ('xpath', "//*[@id='javascriptAlertsWrapper']")
2026-02-27T16:50:30.796269+0300 | INFO | ШАГ: 6. Кликаем на кнопку click button to see alert
2026-02-27T16:50:30.796545+0300 | INFO | Ожидание кликабельности элемента: ('xpath', "//*[@id='alertButton']")
2026-02-27T16:50:30.813506+0300 | INFO | Нажат элемент: ('xpath', "//*[@id='alertButton']")
2026-02-27T16:50:30.859451+0300 | INFO | ШАГ: 7. Проверяем, что открыт алерт с текстом "You clicked a button"
2026-02-27T16:50:30.859885+0300 | INFO | Получили текст из алерта
2026-02-27T16:50:30.864124+0300 | INFO | ШАГ: 8 .Кликаем на кнопку ОК
2026-02-27T16:50:30.868964+0300 | INFO | Нажата кнопка ОК
2026-02-27T16:50:30.869275+0300 | INFO | ШАГ: 9 .Проверяем, что алерт закрылся
2026-02-27T16:50:30.871915+0300 | INFO | Алерт закрыт
2026-02-27T16:50:30.872289+0300 | INFO | ШАГ: 10. Кликаем на кнопку On button click, confirm box will appear
2026-02-27T16:50:30.872622+0300 | INFO | Ожидание кликабельности элемента: ('xpath', "//*[@id='confirmButton']")
2026-02-27T16:50:30.906534+0300 | INFO | Нажат элемент: ('xpath', "//*[@id='confirmButton']")
2026-02-27T16:50:30.934544+0300 | INFO | ШАГ: 11. Проверяем, что открыт алерт с текстом "Do you confirm action?"
2026-02-27T16:50:30.934920+0300 | INFO | Получили текст из алерта
2026-02-27T16:50:30.938860+0300 | INFO | ШАГ: 12. Кликаем на кнопку ОК
2026-02-27T16:50:30.943870+0300 | INFO | Нажата кнопка ОК
2026-02-27T16:50:30.944341+0300 | INFO | ШАГ: 13. Проверяем, что алерт закрылся
2026-02-27T16:50:30.947206+0300 | INFO | Алерт закрыт
2026-02-27T16:50:30.947506+0300 | INFO | ШАГ: 14. Проверяем, что рядом с кнопкой появилась надпись "You selected Ok"
2026-02-27T16:50:30.947766+0300 | INFO | Получен текст элемента: ('xpath', "//*[@id='confirmResult']")
2026-02-27T16:50:30.948036+0300 | INFO | Найден элемент: ('xpath', "//*[@id='confirmResult']")
2026-02-27T16:50:30.964201+0300 | INFO | ШАГ: 15. Кликаем на кнопку On button click, prompt box will appear
2026-02-27T16:50:30.964502+0300 | INFO | Ожидание кликабельности элемента: ('xpath', "//*[@id='promtButton']")
2026-02-27T16:50:30.981477+0300 | INFO | Нажат элемент: ('xpath', "//*[@id='promtButton']")
2026-02-27T16:50:31.027724+0300 | INFO | ШАГ: 16. Проверяем, что открыт алерт с текстом "Please enter your name"
2026-02-27T16:50:44.151422+0300 | INFO | Получили текст из алерта
2026-02-27T16:50:44.156670+0300 | INFO | ШАГ: 17. Вводим случайно сгенерированный текст
2026-02-27T16:50:44.156986+0300 | INFO | текст введен
2026-02-27T16:50:44.160934+0300 | INFO | ШАГ: 18. Кликаем на кнопку ОК
2026-02-27T16:50:44.165573+0300 | INFO | Нажата кнопка ОК
2026-02-27T16:50:44.165870+0300 | INFO | ШАГ: 19. Проверяем, что алерт закрылся
2026-02-27T16:50:44.171392+0300 | INFO | Алерт закрыт
2026-02-27T16:50:58.432860+0300 | INFO | ШАГ: 20. Проверяем, что рядом с кнопкой появилась надпись, соответствующая введенному в алерт
2026-02-27T16:50:58.433529+0300 | INFO | Получен текст элемента: ('xpath', "//*[@id='promptResult']")
2026-02-27T16:50:58.433827+0300 | INFO | Найден элемент: ('xpath', "//*[@id='promptResult']")
2026-02-27T16:51:00.579504+0300 | INFO | ============================================================
2026-02-27T16:51:00.579911+0300 | INFO | Тест завершен
2026-02-27T16:51:00.580148+0300 | INFO | ============================================================
2026-02-27T17:03:22.575849+0300 | INFO | ============================================================
2026-02-27T17:03:22.576048+0300 | INFO | Тест начат
2026-02-27T17:03:22.576153+0300 | INFO | ============================================================
2026-02-27T17:03:24.838793+0300 | INFO | ШАГ: 1. Открываем главную страницу
2026-02-27T17:03:24.838963+0300 | INFO | ШАГ: 2. Проверяем, что главная страница открыта
2026-02-27T17:03:24.839063+0300 | INFO | Проверка, что элемент существует: image
2026-02-27T17:03:24.839147+0300 | INFO | Найден элемент: ('xpath', "//*[@class='banner-image']")
2026-02-27T17:03:24.847794+0300 | INFO | ШАГ: 3. Кликаем на кнопку Alerts, Frame & Windows.
2026-02-27T17:03:24.848177+0300 | INFO | Ожидание кликабельности элемента: alerts
2026-02-27T17:03:24.864861+0300 | INFO | Нажат элемент: alerts
2026-02-27T17:03:24.899677+0300 | INFO | ШАГ: 4. Кликаем на кнопку Alerts в левом меню
2026-02-27T17:03:27.107450+0300 | INFO | ============================================================
2026-02-27T17:03:27.107698+0300 | INFO | Тест завершен
2026-02-27T17:03:27.107789+0300 | INFO | ============================================================
2026-02-27T17:05:24.281553+0300 | INFO | ============================================================
2026-02-27T17:05:24.281746+0300 | INFO | Тест начат
2026-02-27T17:05:24.281852+0300 | INFO | ============================================================
2026-02-27T17:05:26.433673+0300 | INFO | ШАГ: 1. Открываем главную страницу
2026-02-27T17:05:26.433886+0300 | INFO | ШАГ: 2. Проверяем, что главная страница открыта
2026-02-27T17:05:26.434026+0300 | INFO | Проверка, что элемент существует: image
2026-02-27T17:05:26.434163+0300 | INFO | Найден элемент: ('xpath', "//*[@class='banner-image']")
2026-02-27T17:05:26.441712+0300 | INFO | ШАГ: 3. Кликаем на кнопку Alerts, Frame & Windows.
2026-02-27T17:05:26.442068+0300 | INFO | Ожидание кликабельности элемента: alerts
2026-02-27T17:05:26.458129+0300 | INFO | Нажат элемент: alerts
2026-02-27T17:05:26.494975+0300 | INFO | ШАГ: 4. Кликаем на кнопку Alerts в левом меню
2026-02-27T17:05:26.495141+0300 | INFO | Ожидание кликабельности элемента: alerts
2026-02-27T17:05:27.014815+0300 | INFO | Нажат элемент: alerts
2026-02-27T17:05:27.046817+0300 | INFO | ШАГ: 5. Проверяем, что на странице появилась форма Alerts
2026-02-27T17:05:27.046996+0300 | INFO | Ожидание видимости элемента: alertsform
2026-02-27T17:05:27.061252+0300 | INFO | Проверка, что элемент видимый: alertsform
2026-02-27T17:05:27.061403+0300 | INFO | ШАГ: 6. Кликаем на кнопку click button to see alert
2026-02-27T17:05:27.061489+0300 | INFO | Ожидание кликабельности элемента: button to see alert
2026-02-27T17:05:27.073605+0300 | INFO | Нажат элемент: button to see alert
2026-02-27T17:05:27.102853+0300 | INFO | ШАГ: 7. Проверяем, что открыт алерт с текстом "You clicked a button"
2026-02-27T17:05:27.103023+0300 | INFO | Получили текст из алерта
2026-02-27T17:05:27.104055+0300 | INFO | ШАГ: 8 .Кликаем на кнопку ОК
2026-02-27T17:05:27.105813+0300 | INFO | Нажата кнопка ОК
2026-02-27T17:05:27.105912+0300 | INFO | ШАГ: 9 .Проверяем, что алерт закрылся
2026-02-27T17:05:27.106741+0300 | INFO | Алерт закрыт
2026-02-27T17:05:27.106851+0300 | INFO | ШАГ: 10. Кликаем на кнопку On button click, confirm box will appear
2026-02-27T17:05:27.106950+0300 | INFO | Ожидание кликабельности элемента: confirm box
2026-02-27T17:05:27.122044+0300 | INFO | Нажат элемент: confirm box
2026-02-27T17:05:27.149807+0300 | INFO | ШАГ: 11. Проверяем, что открыт алерт с текстом "Do you confirm action?"
2026-02-27T17:05:27.149973+0300 | INFO | Получили текст из алерта
2026-02-27T17:05:27.150946+0300 | INFO | ШАГ: 12. Кликаем на кнопку ОК
2026-02-27T17:05:27.153010+0300 | INFO | Нажата кнопка ОК
2026-02-27T17:05:27.153104+0300 | INFO | ШАГ: 13. Проверяем, что алерт закрылся
2026-02-27T17:05:27.154286+0300 | INFO | Алерт закрыт
2026-02-27T17:05:27.154382+0300 | INFO | ШАГ: 14. Проверяем, что рядом с кнопкой появилась надпись "You selected Ok"
2026-02-27T17:05:27.154518+0300 | INFO | Получен текст элемента: confirm result
2026-02-27T17:05:27.154588+0300 | INFO | Найден элемент: ('xpath', "//*[@id='confirmResult']")
2026-02-27T17:05:27.176353+0300 | INFO | ШАГ: 15. Кликаем на кнопку On button click, prompt box will appear
2026-02-27T17:05:27.176512+0300 | INFO | Ожидание кликабельности элемента: prompt box
2026-02-27T17:05:27.195942+0300 | INFO | Нажат элемент: prompt box
2026-02-27T17:05:27.235770+0300 | INFO | ШАГ: 16. Проверяем, что открыт алерт с текстом "Please enter your name"
2026-02-27T17:05:27.235933+0300 | INFO | Получили текст из алерта
2026-02-27T17:05:27.237207+0300 | INFO | ШАГ: 17. Вводим случайно сгенерированный текст
2026-02-27T17:05:27.237356+0300 | INFO | текст введен
2026-02-27T17:05:27.238573+0300 | INFO | ШАГ: 18. Кликаем на кнопку ОК
2026-02-27T17:05:27.240712+0300 | INFO | Нажата кнопка ОК
2026-02-27T17:05:27.240860+0300 | INFO | ШАГ: 19. Проверяем, что алерт закрылся
2026-02-27T17:05:27.243146+0300 | INFO | Алерт закрыт
2026-02-27T17:05:27.243257+0300 | INFO | ШАГ: 20. Проверяем, что рядом с кнопкой появилась надпись, соответствующая введенному в алерт
2026-02-27T17:05:27.243330+0300 | INFO | Получен текст элемента: random name
2026-02-27T17:05:27.243396+0300 | INFO | Найден элемент: ('xpath', "//*[@id='promptResult']")
2026-02-27T17:05:29.391360+0300 | INFO | ============================================================
2026-02-27T17:05:29.391599+0300 | INFO | Тест завершен
2026-02-27T17:05:29.391683+0300 | INFO | ============================================================
2026-02-27T17:06:11.395516+0300 | INFO | ============================================================
2026-02-27T17:06:11.395724+0300 | INFO | Тест начат
2026-02-27T17:06:11.395830+0300 | INFO | ============================================================
2026-02-27T17:06:13.592888+0300 | INFO | ШАГ: 1. Открываем главную страницу
2026-02-27T17:06:13.593093+0300 | INFO | ШАГ: 2. Проверяем, что главная страница открыта
2026-02-27T17:06:13.593184+0300 | INFO | Проверка, что элемент существует: image
2026-02-27T17:06:13.593264+0300 | INFO | Найден элемент: image
2026-02-27T17:06:13.600814+0300 | INFO | ШАГ: 3. Кликаем на кнопку Alerts, Frame & Windows.
2026-02-27T17:06:13.601166+0300 | INFO | Ожидание кликабельности элемента: alerts
2026-02-27T17:06:13.617443+0300 | INFO | Нажат элемент: alerts
2026-02-27T17:06:13.654452+0300 | INFO | ШАГ: 4. Кликаем на кнопку Alerts в левом меню
2026-02-27T17:06:13.654630+0300 | INFO | Ожидание кликабельности элемента: alerts
2026-02-27T17:06:14.174495+0300 | INFO | Нажат элемент: alerts
2026-02-27T17:06:14.206748+0300 | INFO | ШАГ: 5. Проверяем, что на странице появилась форма Alerts
2026-02-27T17:06:14.206978+0300 | INFO | Ожидание видимости элемента: alertsform
2026-02-27T17:06:14.220552+0300 | INFO | Проверка, что элемент видимый: alertsform
2026-02-27T17:06:14.220698+0300 | INFO | ШАГ: 6. Кликаем на кнопку click button to see alert
2026-02-27T17:06:14.220769+0300 | INFO | Ожидание кликабельности элемента: button to see alert
2026-02-27T17:06:14.233099+0300 | INFO | Нажат элемент: button to see alert
2026-02-27T17:06:14.270303+0300 | INFO | ШАГ: 7. Проверяем, что открыт алерт с текстом "You clicked a button"
2026-02-27T17:06:14.270465+0300 | INFO | Получили текст из алерта
2026-02-27T17:06:14.271574+0300 | INFO | ШАГ: 8 .Кликаем на кнопку ОК
2026-02-27T17:06:14.273143+0300 | INFO | Нажата кнопка ОК
2026-02-27T17:06:14.273274+0300 | INFO | ШАГ: 9 .Проверяем, что алерт закрылся
2026-02-27T17:06:14.275279+0300 | INFO | Алерт закрыт
2026-02-27T17:06:14.275397+0300 | INFO | ШАГ: 10. Кликаем на кнопку On button click, confirm box will appear
2026-02-27T17:06:14.275471+0300 | INFO | Ожидание кликабельности элемента: confirm box
2026-02-27T17:06:14.288941+0300 | INFO | Нажат элемент: confirm box
2026-02-27T17:06:14.345381+0300 | INFO | ШАГ: 11. Проверяем, что открыт алерт с текстом "Do you confirm action?"
2026-02-27T17:06:14.345564+0300 | INFO | Получили текст из алерта
2026-02-27T17:06:14.346764+0300 | INFO | ШАГ: 12. Кликаем на кнопку ОК
2026-02-27T17:06:14.348354+0300 | INFO | Нажата кнопка ОК
2026-02-27T17:06:14.348496+0300 | INFO | ШАГ: 13. Проверяем, что алерт закрылся
2026-02-27T17:06:14.349680+0300 | INFO | Алерт закрыт
2026-02-27T17:06:14.349777+0300 | INFO | ШАГ: 14. Проверяем, что рядом с кнопкой появилась надпись "You selected Ok"
2026-02-27T17:06:14.349910+0300 | INFO | Получен текст элемента: confirm result
2026-02-27T17:06:14.349978+0300 | INFO | Найден элемент: confirm result
2026-02-27T17:06:14.363295+0300 | INFO | ШАГ: 15. Кликаем на кнопку On button click, prompt box will appear
2026-02-27T17:06:14.363477+0300 | INFO | Ожидание кликабельности элемента: prompt box
2026-02-27T17:06:14.375372+0300 | INFO | Нажат элемент: prompt box
2026-02-27T17:06:14.402952+0300 | INFO | ШАГ: 16. Проверяем, что открыт алерт с текстом "Please enter your name"
2026-02-27T17:06:14.403113+0300 | INFO | Получили текст из алерта
2026-02-27T17:06:14.404239+0300 | INFO | ШАГ: 17. Вводим случайно сгенерированный текст
2026-02-27T17:06:14.404360+0300 | INFO | текст введен
2026-02-27T17:06:14.405648+0300 | INFO | ШАГ: 18. Кликаем на кнопку ОК
2026-02-27T17:06:14.407800+0300 | INFO | Нажата кнопка ОК
2026-02-27T17:06:14.407937+0300 | INFO | ШАГ: 19. Проверяем, что алерт закрылся
2026-02-27T17:06:14.410179+0300 | INFO | Алерт закрыт
2026-02-27T17:06:14.410285+0300 | INFO | ШАГ: 20. Проверяем, что рядом с кнопкой появилась надпись, соответствующая введенному в алерт
2026-02-27T17:06:14.410358+0300 | INFO | Получен текст элемента: random name
2026-02-27T17:06:14.410422+0300 | INFO | Найден элемент: random name
2026-02-27T17:06:16.533541+0300 | INFO | ============================================================
2026-02-27T17:06:16.533812+0300 | INFO | Тест завершен
2026-02-27T17:06:16.533913+0300 | INFO | ============================================================
2026-02-27T17:06:16.535159+0300 | INFO | ============================================================
2026-02-27T17:06:16.535286+0300 | INFO | Тест начат
2026-02-27T17:06:16.535360+0300 | INFO | ============================================================
2026-02-27T17:06:19.267441+0300 | INFO | ШАГ: 1. Открываем главную страницу
2026-02-27T17:06:19.267634+0300 | INFO | ШАГ: 2. Проверяем, что главная страница открыта
2026-02-27T17:06:19.267710+0300 | INFO | Проверка, что элемент существует: image
2026-02-27T17:06:19.267774+0300 | INFO | Найден элемент: image
2026-02-27T17:06:19.275554+0300 | INFO | ШАГ: 3. Кликаем на кнопку Alerts, Frame & Windows.
2026-02-27T17:06:19.275698+0300 | INFO | Ожидание кликабельности элемента: alerts
2026-02-27T17:06:19.291335+0300 | INFO | Нажат элемент: alerts
2026-02-27T17:06:19.328822+0300 | INFO | ШАГ: 4. Кликаем на кнопку Nested Frames
2026-02-27T17:06:19.329011+0300 | INFO | Ожидание кликабельности элемента: nested frames
2026-02-27T17:06:19.849718+0300 | INFO | Нажат элемент: nested frames
2026-02-27T17:06:19.887836+0300 | INFO | ШАГ: 5. Проверяем, что открыта страница с формой Nested Frames
2026-02-27T17:06:19.888018+0300 | INFO | Проверка, что элемент существует: alerts
2026-02-27T17:06:19.888101+0300 | INFO | Найден элемент: alerts
2026-02-27T17:06:19.894855+0300 | INFO | Переключаемся на фрейм
2026-02-27T17:06:20.001540+0300 | INFO | Переключаемся на фрейм
2026-02-27T17:06:20.034159+0300 | INFO | ШАГ: 6. Проверяем, что в центре страницы присутствуют надписи "Parent frame" и "Child Iframe"
2026-02-27T17:06:20.034305+0300 | INFO | ШАГ: 7. Кликаем на кнопку Frames
2026-02-27T17:06:20.034374+0300 | INFO | Ожидание кликабельности элемента: frames
2026-02-27T17:06:20.047257+0300 | INFO | Нажат элемент: frames
2026-02-27T17:06:20.086489+0300 | INFO | ШАГ: 8. Проверяем, что открыта страница с формой Frames
2026-02-27T17:06:20.086770+0300 | INFO | Проверка, что элемент существует: frames wrapper
2026-02-27T17:06:20.086895+0300 | INFO | Найден элемент: frames wrapper
2026-02-27T17:06:20.091149+0300 | INFO | ШАГ: 9. Проверяем, что надпись из верхнего фрейма соответствует надписи из нижнего
2026-02-27T17:06:20.091275+0300 | INFO | Переключаемся на фрейм
2026-02-27T17:06:20.170562+0300 | INFO | Переключаемся на фрейм
2026-02-27T17:06:22.340846+0300 | INFO | ============================================================
2026-02-27T17:06:22.341103+0300 | INFO | Тест завершен
2026-02-27T17:06:22.341195+0300 | INFO | ============================================================
2026-02-27T17:06:22.342331+0300 | INFO | ============================================================
2026-02-27T17:06:22.342451+0300 | INFO | Тест начат
2026-02-27T17:06:22.342520+0300 | INFO | ============================================================
2026-02-27T17:06:24.979906+0300 | INFO | ШАГ: 1. Открываем главную страницу
2026-02-27T17:06:24.980108+0300 | INFO | ШАГ: 2. Проверяем, что главная страница открыта
2026-02-27T17:06:24.980182+0300 | INFO | Проверка, что элемент существует: image
2026-02-27T17:06:24.980245+0300 | INFO | Найден элемент: image
2026-02-27T17:06:24.987552+0300 | INFO | ШАГ: 3. Кликаем на кнопку Elements
2026-02-27T17:06:24.987701+0300 | INFO | Ожидание кликабельности элемента: elements
2026-02-27T17:06:25.004472+0300 | INFO | Нажат элемент: elements
2026-02-27T17:06:25.042878+0300 | INFO | ШАГ: 4. Кликаем на кнопку Web Tables
2026-02-27T17:06:25.043084+0300 | INFO | Ожидание кликабельности элемента: web tables
2026-02-27T17:06:25.563703+0300 | INFO | Нажат элемент: web tables
2026-02-27T17:06:25.607489+0300 | INFO | ШАГ: 5. Проверяем, что открыта страница с формой Web tables
2026-02-27T17:06:25.607737+0300 | INFO | Ожидание видимости элемента: web tables form
2026-02-27T17:06:25.628507+0300 | INFO | Проверка, что элемент видимый: web tables form
2026-02-27T17:06:25.628655+0300 | INFO | ШАГ: 6. Кликаем на кнопку add
2026-02-27T17:06:25.628723+0300 | INFO | Ожидание кликабельности элемента: add
2026-02-27T17:06:25.641131+0300 | INFO | Нажат элемент: add
2026-02-27T17:06:25.678372+0300 | INFO | ШАГ: 7. Проверяем, что открыта страница с формой регистрации
2026-02-27T17:06:25.678544+0300 | INFO | Ожидание видимости элемента: registration form
2026-02-27T17:06:25.702662+0300 | INFO | Проверка, что элемент видимый: registration form
2026-02-27T17:06:25.702812+0300 | INFO | ШАГ: 8. заполняем форму регистрации
2026-02-27T17:06:25.702889+0300 | INFO | текст введен
2026-02-27T17:06:25.702965+0300 | INFO | Найден элемент: first name
2026-02-27T17:06:25.757227+0300 | INFO | текст введен
2026-02-27T17:06:25.757465+0300 | INFO | Найден элемент: last name
2026-02-27T17:06:25.792430+0300 | INFO | текст введен
2026-02-27T17:06:25.792588+0300 | INFO | Найден элемент: user email
2026-02-27T17:06:25.837508+0300 | INFO | текст введен
2026-02-27T17:06:25.837732+0300 | INFO | Найден элемент: age
2026-02-27T17:06:25.890917+0300 | INFO | текст введен
2026-02-27T17:06:25.891091+0300 | INFO | Найден элемент: salary
2026-02-27T17:06:25.921904+0300 | INFO | текст введен
2026-02-27T17:06:25.922102+0300 | INFO | Найден элемент: department
2026-02-27T17:06:25.954650+0300 | INFO | ШАГ: 9. Кликаем на кнопку submit
2026-02-27T17:06:25.954853+0300 | INFO | Ожидание кликабельности элемента: submit
2026-02-27T17:06:25.968094+0300 | INFO | Нажат элемент: submit
2026-02-27T17:06:27.999735+0300 | INFO | ШАГ: 10. Проверяем, что форма регистрации закрыта
2026-02-27T17:06:27.999958+0300 | INFO | Ожидание видимости элемента: registration form
2026-02-27T17:06:38.100393+0300 | INFO | ШАГ: 11. Проверяем, что в таблице появились данные пользователя
2026-02-27T17:06:38.265142+0300 | INFO | получили строки
2026-02-27T17:06:38.269187+0300 | INFO | ШАГ: 12. Удаляем пользователя
2026-02-27T17:06:38.308336+0300 | INFO | ШАГ: 13. Проверяем, что пользователь удален
2026-02-27T17:06:38.429562+0300 | INFO | ШАГ: 14. Проверяем, что количество записей в таблице изменилось
2026-02-27T17:06:38.429780+0300 | INFO | получили строки
2026-02-27T17:06:40.657611+0300 | INFO | ============================================================
2026-02-27T17:06:40.657877+0300 | INFO | Тест завершен
2026-02-27T17:06:40.657984+0300 | INFO | ============================================================
2026-02-27T17:06:40.658751+0300 | INFO | ============================================================
2026-02-27T17:06:40.658892+0300 | INFO | Тест начат
2026-02-27T17:06:40.658966+0300 | INFO | ============================================================
2026-02-27T17:06:43.357848+0300 | INFO | ШАГ: 1. Открываем главную страницу
2026-02-27T17:06:43.358069+0300 | INFO | ШАГ: 2. Проверяем, что главная страница открыта
2026-02-27T17:06:43.358142+0300 | INFO | Проверка, что элемент существует: image
2026-02-27T17:06:43.358204+0300 | INFO | Найден элемент: image
2026-02-27T17:06:43.365535+0300 | INFO | ШАГ: 3. Кликаем на кнопку Elements
2026-02-27T17:06:43.365676+0300 | INFO | Ожидание кликабельности элемента: elements
2026-02-27T17:06:43.381570+0300 | INFO | Нажат элемент: elements
2026-02-27T17:06:43.421576+0300 | INFO | ШАГ: 4. Кликаем на кнопку Web Tables
2026-02-27T17:06:43.421775+0300 | INFO | Ожидание кликабельности элемента: web tables
2026-02-27T17:06:43.942340+0300 | INFO | Нажат элемент: web tables
2026-02-27T17:06:43.978231+0300 | INFO | ШАГ: 5. Проверяем, что открыта страница с формой Web tables
2026-02-27T17:06:43.978408+0300 | INFO | Ожидание видимости элемента: web tables form
2026-02-27T17:06:44.000714+0300 | INFO | Проверка, что элемент видимый: web tables form
2026-02-27T17:06:44.000859+0300 | INFO | ШАГ: 6. Кликаем на кнопку add
2026-02-27T17:06:44.000928+0300 | INFO | Ожидание кликабельности элемента: add
2026-02-27T17:06:44.013537+0300 | INFO | Нажат элемент: add
2026-02-27T17:06:44.051263+0300 | INFO | ШАГ: 7. Проверяем, что открыта страница с формой регистрации
2026-02-27T17:06:44.051440+0300 | INFO | Ожидание видимости элемента: registration form
2026-02-27T17:06:44.076054+0300 | INFO | Проверка, что элемент видимый: registration form
2026-02-27T17:06:44.076207+0300 | INFO | ШАГ: 8. заполняем форму регистрации
2026-02-27T17:06:44.076278+0300 | INFO | текст введен
2026-02-27T17:06:44.076339+0300 | INFO | Найден элемент: first name
2026-02-27T17:06:44.121566+0300 | INFO | текст введен
2026-02-27T17:06:44.121724+0300 | INFO | Найден элемент: last name
2026-02-27T17:06:44.175567+0300 | INFO | текст введен
2026-02-27T17:06:44.175801+0300 | INFO | Найден элемент: user email
2026-02-27T17:06:44.242027+0300 | INFO | текст введен
2026-02-27T17:06:44.242261+0300 | INFO | Найден элемент: age
2026-02-27T17:06:44.276797+0300 | INFO | текст введен
2026-02-27T17:06:44.276998+0300 | INFO | Найден элемент: salary
2026-02-27T17:06:44.308196+0300 | INFO | текст введен
2026-02-27T17:06:44.308391+0300 | INFO | Найден элемент: department
2026-02-27T17:06:44.343792+0300 | INFO | ШАГ: 9. Кликаем на кнопку submit
2026-02-27T17:06:44.343950+0300 | INFO | Ожидание кликабельности элемента: submit
2026-02-27T17:06:44.356959+0300 | INFO | Нажат элемент: submit
2026-02-27T17:06:46.389641+0300 | INFO | ШАГ: 10. Проверяем, что форма регистрации закрыта
2026-02-27T17:06:46.389858+0300 | INFO | Ожидание видимости элемента: registration form
2026-02-27T17:06:56.494474+0300 | INFO | ШАГ: 11. Проверяем, что в таблице появились данные пользователя
2026-02-27T17:06:56.659419+0300 | INFO | получили строки
2026-02-27T17:06:56.664122+0300 | INFO | ШАГ: 12. Удаляем пользователя
2026-02-27T17:06:56.708272+0300 | INFO | ШАГ: 13. Проверяем, что пользователь удален
2026-02-27T17:06:56.823850+0300 | INFO | ШАГ: 14. Проверяем, что количество записей в таблице изменилось
2026-02-27T17:06:56.824003+0300 | INFO | получили строки
2026-02-27T17:06:58.991668+0300 | INFO | ============================================================
2026-02-27T17:06:58.991969+0300 | INFO | Тест завершен
2026-02-27T17:06:58.992058+0300 | INFO | ============================================================
2026-02-27T17:06:58.993232+0300 | INFO | ============================================================
2026-02-27T17:06:58.993380+0300 | INFO | Тест начат
2026-02-27T17:06:58.993459+0300 | INFO | ============================================================
2026-02-27T17:07:02.481154+0300 | INFO | ШАГ: 1. Открываем главную страницу
2026-02-27T17:07:02.481425+0300 | INFO | ШАГ: 2. Проверяем, что главная страница открыта
2026-02-27T17:07:02.481547+0300 | INFO | Проверка, что элемент существует: image
2026-02-27T17:07:02.481661+0300 | INFO | Найден элемент: image
2026-02-27T17:07:02.489870+0300 | INFO | ШАГ: 3. Кликаем на кнопку Alerts, Frame & Windows.
2026-02-27T17:07:02.490050+0300 | INFO | Ожидание кликабельности элемента: alerts
2026-02-27T17:07:02.507172+0300 | INFO | Нажат элемент: alerts
2026-02-27T17:07:02.550500+0300 | INFO | ШАГ: 4. Кликаем на кнопку Browser Windows
2026-02-27T17:07:02.550805+0300 | INFO | Ожидание кликабельности элемента: browser windows
2026-02-27T17:07:03.070709+0300 | INFO | Нажат элемент: browser windows
2026-02-27T17:07:03.109551+0300 | INFO | ШАГ: 5. Проверяем, что открыта страница с формой Browser Windows
2026-02-27T17:07:03.109761+0300 | INFO | Проверка, что элемент существует: browser windows form
2026-02-27T17:07:03.109878+0300 | INFO | Найден элемент: browser windows form
2026-02-27T17:07:03.117152+0300 | INFO | ШАГ: 6. Кликаем на кнопку New Tab
2026-02-27T17:07:03.117276+0300 | INFO | Ожидание кликабельности элемента: new tab
2026-02-27T17:07:03.131075+0300 | INFO | Нажат элемент: new tab
2026-02-27T17:07:03.199206+0300 | INFO | ШАГ: 7. Переключаемся на новую вкладку
2026-02-27T17:07:03.199374+0300 | INFO | переключились на новую вкладку
2026-02-27T17:07:03.212293+0300 | INFO | ШАГ: 8. Проверяем, что открыта новая вкладка
2026-02-27T17:07:03.213178+0300 | INFO | ШАГ: 9. Проверяем, что открыта страница sample page
2026-02-27T17:07:03.213325+0300 | INFO | Проверка, что элемент существует: sample heading
2026-02-27T17:07:03.213435+0300 | INFO | Найден элемент: sample heading
2026-02-27T17:07:03.284529+0300 | INFO | ШАГ: 10. Закрываем текущую вкладку
2026-02-27T17:07:03.284693+0300 | INFO | закрыли вкладку
2026-02-27T17:07:03.296408+0300 | INFO | ШАГ: 11. Переключаемся на прошлую вкладку
2026-02-27T17:07:03.296637+0300 | INFO | переключились на прошлую вкладку
2026-02-27T17:07:03.299548+0300 | INFO | ШАГ: 12. Проверяем, что открыта страница с формой Browser Windows
2026-02-27T17:07:03.299696+0300 | INFO | Проверка, что элемент существует: browser windows form
2026-02-27T17:07:03.299819+0300 | INFO | Найден элемент: browser windows form
2026-02-27T17:07:03.304525+0300 | INFO | ШАГ: 13. Кликаем на меню Elements
2026-02-27T17:07:03.304688+0300 | INFO | Ожидание кликабельности элемента: side menu
2026-02-27T17:07:03.318841+0300 | INFO | Нажат элемент: side menu
2026-02-27T17:07:03.354462+0300 | INFO | ШАГ: 14. Кликаем на кнопку Links
2026-02-27T17:07:03.354668+0300 | INFO | Ожидание кликабельности элемента: links
2026-02-27T17:07:03.386338+0300 | INFO | Нажат элемент: links
2026-02-27T17:07:03.427711+0300 | INFO | ШАГ: 15. Проверяем, что открыта страница с формой Links
2026-02-27T17:07:03.427881+0300 | INFO | Проверка, что элемент существует: browser windows form
2026-02-27T17:07:03.427952+0300 | INFO | Найден элемент: browser windows form
2026-02-27T17:07:03.437305+0300 | INFO | ШАГ: 16. Кликаем на ссылку Home
2026-02-27T17:07:03.437471+0300 | INFO | Ожидание кликабельности элемента: home
2026-02-27T17:07:03.451669+0300 | INFO | Нажат элемент: home
2026-02-27T17:07:03.501187+0300 | INFO | ШАГ: 17. Переключаемся на новую вкладку
2026-02-27T17:07:03.501405+0300 | INFO | переключились на новую вкладку
2026-02-27T17:07:03.508785+0300 | INFO | ШАГ: 18. Проверяем, что главная страница открыта
2026-02-27T17:07:03.508938+0300 | INFO | Проверка, что элемент существует: image
2026-02-27T17:07:03.509006+0300 | INFO | Найден элемент: image
2026-02-27T17:07:03.706208+0300 | INFO | ШАГ: 19. Переключаемся на прошлую вкладку
2026-02-27T17:07:03.706393+0300 | INFO | переключились на прошлую вкладку
2026-02-27T17:07:03.715013+0300 | INFO | ШАГ: 20. Проверяем, что открыта страница с формой Links
2026-02-27T17:07:03.715206+0300 | INFO | Проверка, что элемент существует: browser windows form
2026-02-27T17:07:03.715276+0300 | INFO | Найден элемент: browser windows form
2026-02-27T17:07:05.833926+0300 | INFO | ============================================================
2026-02-27T17:07:05.834225+0300 | INFO | Тест завершен
2026-02-27T17:07:05.834317+0300 | INFO | ============================================================
2026-02-27T17:08:20.694947+0300 | INFO | ============================================================
2026-02-27T17:08:20.695158+0300 | INFO | Тест начат
2026-02-27T17:08:20.695262+0300 | INFO | ============================================================
2026-02-27T17:08:26.754230+0300 | INFO | ШАГ: 1. Открываем главную страницу
2026-02-27T17:08:26.754389+0300 | INFO | ШАГ: 2. Проверяем, что главная страница открыта
2026-02-27T17:08:26.754478+0300 | INFO | Проверка, что элемент существует: image
2026-02-27T17:08:26.754557+0300 | INFO | Найден элемент: image
2026-02-27T17:08:26.774691+0300 | INFO | ШАГ: 3. Кликаем на кнопку Alerts, Frame & Windows.
2026-02-27T17:08:26.775137+0300 | INFO | Ожидание кликабельности элемента: alerts
2026-02-27T17:08:26.785865+0300 | INFO | Нажат элемент: alerts
2026-02-27T17:08:26.853349+0300 | INFO | ШАГ: 4. Кликаем на кнопку Nested Frames
2026-02-27T17:08:26.853529+0300 | INFO | Ожидание кликабельности элемента: nested frames
2026-02-27T17:08:26.860655+0300 | INFO | Нажат элемент: nested frames
2026-02-27T17:08:26.922617+0300 | INFO | ШАГ: 5. Проверяем, что открыта страница с формой Nested Frames
2026-02-27T17:08:26.922795+0300 | INFO | Проверка, что элемент существует: alerts
2026-02-27T17:08:26.922887+0300 | INFO | Найден элемент: alerts
2026-02-27T17:08:26.924495+0300 | INFO | Переключаемся на фрейм
2026-02-27T17:08:26.952723+0300 | INFO | Переключаемся на фрейм
2026-02-27T17:08:27.470578+0300 | INFO | ШАГ: 6. Проверяем, что в центре страницы присутствуют надписи "Parent frame" и "Child Iframe"
2026-02-27T17:08:30.346542+0300 | INFO | ============================================================
2026-02-27T17:08:30.346744+0300 | INFO | Тест завершен
2026-02-27T17:08:30.346819+0300 | INFO | ============================================================
2026-02-27T17:14:40.782772+0300 | INFO | ============================================================
2026-02-27T17:14:40.782963+0300 | INFO | Тест начат
2026-02-27T17:14:40.783069+0300 | INFO | ============================================================
2026-02-27T17:14:47.145846+0300 | INFO | ШАГ: 1. Открываем главную страницу
2026-02-27T17:14:47.146008+0300 | INFO | ШАГ: 2. Проверяем, что главная страница открыта
2026-02-27T17:14:47.146100+0300 | INFO | Проверка, что элемент существует: image
2026-02-27T17:14:47.146178+0300 | INFO | Найден элемент: image
2026-02-27T17:14:47.153846+0300 | INFO | ШАГ: 3. Кликаем на кнопку Alerts, Frame & Windows.
2026-02-27T17:14:47.161987+0300 | INFO | Ожидание кликабельности элемента: alerts
2026-02-27T17:14:47.172899+0300 | INFO | Нажат элемент: alerts
2026-02-27T17:14:47.242695+0300 | INFO | ШАГ: 4. Кликаем на кнопку Nested Frames
2026-02-27T17:14:47.242855+0300 | INFO | Ожидание кликабельности элемента: nested frames
2026-02-27T17:14:47.250226+0300 | INFO | Нажат элемент: nested frames
2026-02-27T17:14:47.314714+0300 | INFO | ШАГ: 5. Проверяем, что открыта страница с формой Nested Frames
2026-02-27T17:14:47.314894+0300 | INFO | Проверка, что элемент существует: alerts
2026-02-27T17:14:47.314970+0300 | INFO | Найден элемент: alerts
2026-02-27T17:14:47.316553+0300 | INFO | Переключаемся на фрейм
2026-02-27T17:14:47.835124+0300 | INFO | Переключаемся на фрейм
2026-02-27T17:14:47.849421+0300 | INFO | ШАГ: 6. Проверяем, что в центре страницы присутствуют надписи "Parent frame" и "Child Iframe"
2026-02-27T17:14:47.849577+0300 | INFO | ШАГ: 7. Кликаем на кнопку Frames
2026-02-27T17:14:47.849660+0300 | INFO | Ожидание кликабельности элемента: frames
2026-02-27T17:14:47.862925+0300 | INFO | Нажат элемент: frames
2026-02-27T17:14:47.948463+0300 | INFO | ШАГ: 8. Проверяем, что открыта страница с формой Frames
2026-02-27T17:14:47.948644+0300 | INFO | Проверка, что элемент существует: frames wrapper
2026-02-27T17:14:47.948727+0300 | INFO | Найден элемент: frames wrapper
2026-02-27T17:14:47.950304+0300 | INFO | ШАГ: 9. Проверяем, что надпись из верхнего фрейма соответствует надписи из нижнего
2026-02-27T17:14:47.950407+0300 | INFO | Переключаемся на фрейм
2026-02-27T17:14:48.466380+0300 | INFO | Переключаемся на фрейм
2026-02-27T17:14:51.241981+0300 | INFO | ============================================================
2026-02-27T17:14:51.242172+0300 | INFO | Тест завершен
2026-02-27T17:14:51.242247+0300 | INFO | ============================================================
2026-02-27T17:14:54.747894+0300 | INFO | ============================================================
2026-02-27T17:14:54.748115+0300 | INFO | Тест начат
2026-02-27T17:14:54.748220+0300 | INFO | ============================================================
2026-02-27T17:15:01.256829+0300 | INFO | ШАГ: 1. Открываем главную страницу
2026-02-27T17:15:01.257093+0300 | INFO | ШАГ: 2. Проверяем, что главная страница открыта
2026-02-27T17:15:01.257244+0300 | INFO | Проверка, что элемент существует: image
2026-02-27T17:15:01.257369+0300 | INFO | Найден элемент: image
2026-02-27T17:15:01.277448+0300 | INFO | ШАГ: 3. Кликаем на кнопку Alerts, Frame & Windows.
2026-02-27T17:15:01.277801+0300 | INFO | Ожидание кликабельности элемента: alerts
2026-02-27T17:15:01.288422+0300 | INFO | Нажат элемент: alerts
2026-02-27T17:15:01.359316+0300 | INFO | ШАГ: 4. Кликаем на кнопку Alerts в левом меню
2026-02-27T17:15:01.359497+0300 | INFO | Ожидание кликабельности элемента: alerts
2026-02-27T17:15:01.367022+0300 | INFO | Нажат элемент: alerts
2026-02-27T17:15:01.425966+0300 | INFO | ШАГ: 5. Проверяем, что на странице появилась форма Alerts
2026-02-27T17:15:01.426121+0300 | INFO | Ожидание видимости элемента: alertsform
2026-02-27T17:15:01.431486+0300 | INFO | Проверка, что элемент видимый: alertsform
2026-02-27T17:15:01.431585+0300 | INFO | ШАГ: 6. Кликаем на кнопку click button to see alert
2026-02-27T17:15:01.431654+0300 | INFO | Ожидание кликабельности элемента: button to see alert
2026-02-27T17:15:01.437967+0300 | INFO | Нажат элемент: button to see alert
2026-02-27T17:15:01.484878+0300 | INFO | ШАГ: 7. Проверяем, что открыт алерт с текстом "You clicked a button"
2026-02-27T17:15:01.485038+0300 | INFO | Получили текст из алерта
2026-02-27T17:15:01.488211+0300 | INFO | ШАГ: 8 .Кликаем на кнопку ОК
2026-02-27T17:15:01.493746+0300 | INFO | Нажата кнопка ОК
2026-02-27T17:15:01.493902+0300 | INFO | ШАГ: 9 .Проверяем, что алерт закрылся
2026-02-27T17:15:01.495490+0300 | INFO | Алерт закрыт
2026-02-27T17:15:01.495602+0300 | INFO | ШАГ: 10. Кликаем на кнопку On button click, confirm box will appear
2026-02-27T17:15:01.495676+0300 | INFO | Ожидание кликабельности элемента: confirm box
2026-02-27T17:15:01.502020+0300 | INFO | Нажат элемент: confirm box
2026-02-27T17:15:01.523389+0300 | INFO | ШАГ: 11. Проверяем, что открыт алерт с текстом "Do you confirm action?"
2026-02-27T17:15:01.523550+0300 | INFO | Получили текст из алерта
2026-02-27T17:15:01.525239+0300 | INFO | ШАГ: 12. Кликаем на кнопку ОК
2026-02-27T17:15:01.532808+0300 | INFO | Нажата кнопка ОК
2026-02-27T17:15:01.532954+0300 | INFO | ШАГ: 13. Проверяем, что алерт закрылся
2026-02-27T17:15:01.533973+0300 | INFO | Алерт закрыт
2026-02-27T17:15:01.534092+0300 | INFO | ШАГ: 14. Проверяем, что рядом с кнопкой появилась надпись "You selected Ok"
2026-02-27T17:15:01.534247+0300 | INFO | Получен текст элемента: confirm result
2026-02-27T17:15:01.534333+0300 | INFO | Найден элемент: confirm result
2026-02-27T17:15:01.540056+0300 | INFO | ШАГ: 15. Кликаем на кнопку On button click, prompt box will appear
2026-02-27T17:15:01.540179+0300 | INFO | Ожидание кликабельности элемента: prompt box
2026-02-27T17:15:01.547315+0300 | INFO | Нажат элемент: prompt box
2026-02-27T17:15:01.573852+0300 | INFO | ШАГ: 16. Проверяем, что открыт алерт с текстом "Please enter your name"
2026-02-27T17:15:01.574006+0300 | INFO | Получили текст из алерта
2026-02-27T17:15:01.575985+0300 | INFO | ШАГ: 17. Вводим случайно сгенерированный текст
2026-02-27T17:15:01.576191+0300 | INFO | текст введен
2026-02-27T17:15:01.579019+0300 | INFO | ШАГ: 18. Кликаем на кнопку ОК
2026-02-27T17:15:01.592544+0300 | INFO | Нажата кнопка ОК
2026-02-27T17:15:01.592746+0300 | INFO | ШАГ: 19. Проверяем, что алерт закрылся
2026-02-27T17:15:01.593927+0300 | INFO | Алерт закрыт
2026-02-27T17:15:01.594034+0300 | INFO | ШАГ: 20. Проверяем, что рядом с кнопкой появилась надпись, соответствующая введенному в алерт
2026-02-27T17:15:01.594143+0300 | INFO | Получен текст элемента: random name
2026-02-27T17:15:01.594214+0300 | INFO | Найден элемент: random name
2026-02-27T17:15:04.855527+0300 | INFO | ============================================================
2026-02-27T17:15:04.855747+0300 | INFO | Тест завершен
2026-02-27T17:15:04.855821+0300 | INFO | ============================================================
2026-02-27T17:15:04.856956+0300 | INFO | ============================================================
2026-02-27T17:15:04.857088+0300 | INFO | Тест начат
2026-02-27T17:15:04.857158+0300 | INFO | ============================================================
2026-02-27T17:15:10.869084+0300 | INFO | ШАГ: 1. Открываем главную страницу
2026-02-27T17:15:10.869264+0300 | INFO | ШАГ: 2. Проверяем, что главная страница открыта
2026-02-27T17:15:10.869338+0300 | INFO | Проверка, что элемент существует: image
2026-02-27T17:15:10.869402+0300 | INFO | Найден элемент: image
2026-02-27T17:15:10.890791+0300 | INFO | ШАГ: 3. Кликаем на кнопку Alerts, Frame & Windows.
2026-02-27T17:15:10.890961+0300 | INFO | Ожидание кликабельности элемента: alerts
2026-02-27T17:15:10.902226+0300 | INFO | Нажат элемент: alerts
2026-02-27T17:15:10.974721+0300 | INFO | ШАГ: 4. Кликаем на кнопку Nested Frames
2026-02-27T17:15:10.974911+0300 | INFO | Ожидание кликабельности элемента: nested frames
2026-02-27T17:15:10.982645+0300 | INFO | Нажат элемент: nested frames
2026-02-27T17:15:11.048390+0300 | INFO | ШАГ: 5. Проверяем, что открыта страница с формой Nested Frames
2026-02-27T17:15:11.048548+0300 | INFO | Проверка, что элемент существует: alerts
2026-02-27T17:15:11.048620+0300 | INFO | Найден элемент: alerts
2026-02-27T17:15:11.050184+0300 | INFO | Переключаемся на фрейм
2026-02-27T17:15:11.571091+0300 | INFO | Переключаемся на фрейм
2026-02-27T17:15:11.584465+0300 | INFO | ШАГ: 6. Проверяем, что в центре страницы присутствуют надписи "Parent frame" и "Child Iframe"
2026-02-27T17:15:11.584640+0300 | INFO | ШАГ: 7. Кликаем на кнопку Frames
2026-02-27T17:15:11.584712+0300 | INFO | Ожидание кликабельности элемента: frames
2026-02-27T17:15:11.593535+0300 | INFO | Нажат элемент: frames
2026-02-27T17:15:11.657538+0300 | INFO | ШАГ: 8. Проверяем, что открыта страница с формой Frames
2026-02-27T17:15:11.657701+0300 | INFO | Проверка, что элемент существует: frames wrapper
2026-02-27T17:15:11.657780+0300 | INFO | Найден элемент: frames wrapper
2026-02-27T17:15:11.659560+0300 | INFO | ШАГ: 9. Проверяем, что надпись из верхнего фрейма соответствует надписи из нижнего
2026-02-27T17:15:11.659673+0300 | INFO | Переключаемся на фрейм
2026-02-27T17:15:12.175156+0300 | INFO | Переключаемся на фрейм
2026-02-27T17:15:14.983008+0300 | INFO | ============================================================
2026-02-27T17:15:14.983218+0300 | INFO | Тест завершен
2026-02-27T17:15:14.983292+0300 | INFO | ============================================================
2026-02-27T17:15:14.984309+0300 | INFO | ============================================================
2026-02-27T17:15:14.984474+0300 | INFO | Тест начат
2026-02-27T17:15:14.984558+0300 | INFO | ============================================================
2026-02-27T17:15:21.013350+0300 | INFO | ШАГ: 1. Открываем главную страницу
2026-02-27T17:15:21.013549+0300 | INFO | ШАГ: 2. Проверяем, что главная страница открыта
2026-02-27T17:15:21.013622+0300 | INFO | Проверка, что элемент существует: image
2026-02-27T17:15:21.013685+0300 | INFO | Найден элемент: image
2026-02-27T17:15:21.033475+0300 | INFO | ШАГ: 3. Кликаем на кнопку Elements
2026-02-27T17:15:21.033635+0300 | INFO | Ожидание кликабельности элемента: elements
2026-02-27T17:15:21.043619+0300 | INFO | Нажат элемент: elements
2026-02-27T17:15:21.124746+0300 | INFO | ШАГ: 4. Кликаем на кнопку Web Tables
2026-02-27T17:15:21.124919+0300 | INFO | Ожидание кликабельности элемента: web tables
2026-02-27T17:15:21.132453+0300 | INFO | Нажат элемент: web tables
2026-02-27T17:15:21.209692+0300 | INFO | ШАГ: 5. Проверяем, что открыта страница с формой Web tables
2026-02-27T17:15:21.209855+0300 | INFO | Ожидание видимости элемента: web tables form
2026-02-27T17:15:21.215742+0300 | INFO | Проверка, что элемент видимый: web tables form
2026-02-27T17:15:21.215861+0300 | INFO | ШАГ: 6. Кликаем на кнопку add
2026-02-27T17:15:21.215930+0300 | INFO | Ожидание кликабельности элемента: add
2026-02-27T17:15:21.221926+0300 | INFO | Нажат элемент: add
2026-02-27T17:15:21.293520+0300 | INFO | ШАГ: 7. Проверяем, что открыта страница с формой регистрации
2026-02-27T17:15:21.293693+0300 | INFO | Ожидание видимости элемента: registration form
2026-02-27T17:15:21.299599+0300 | INFO | Проверка, что элемент видимый: registration form
2026-02-27T17:15:21.299742+0300 | INFO | ШАГ: 8. заполняем форму регистрации
2026-02-27T17:15:21.299817+0300 | INFO | текст введен
2026-02-27T17:15:21.299880+0300 | INFO | Найден элемент: first name
2026-02-27T17:15:21.313010+0300 | INFO | текст введен
2026-02-27T17:15:21.313163+0300 | INFO | Найден элемент: last name
2026-02-27T17:15:21.327256+0300 | INFO | текст введен
2026-02-27T17:15:21.327422+0300 | INFO | Найден элемент: user email
2026-02-27T17:15:21.350587+0300 | INFO | текст введен
2026-02-27T17:15:21.350740+0300 | INFO | Найден элемент: age
2026-02-27T17:15:21.363351+0300 | INFO | текст введен
2026-02-27T17:15:21.363509+0300 | INFO | Найден элемент: salary
2026-02-27T17:15:21.384607+0300 | INFO | текст введен
2026-02-27T17:15:21.384775+0300 | INFO | Найден элемент: department
2026-02-27T17:15:21.399100+0300 | INFO | ШАГ: 9. Кликаем на кнопку submit
2026-02-27T17:15:21.399292+0300 | INFO | Ожидание кликабельности элемента: submit
2026-02-27T17:15:21.406858+0300 | INFO | Нажат элемент: submit
2026-02-27T17:15:23.473301+0300 | INFO | ШАГ: 10. Проверяем, что форма регистрации закрыта
2026-02-27T17:15:23.473521+0300 | INFO | Ожидание видимости элемента: registration form
2026-02-27T17:15:33.520598+0300 | INFO | ШАГ: 11. Проверяем, что в таблице появились данные пользователя
2026-02-27T17:15:33.731887+0300 | INFO | получили строки
2026-02-27T17:15:33.733281+0300 | INFO | ШАГ: 12. Удаляем пользователя
2026-02-27T17:15:33.797578+0300 | INFO | ШАГ: 13. Проверяем, что пользователь удален
2026-02-27T17:15:33.967788+0300 | INFO | ШАГ: 14. Проверяем, что количество записей в таблице изменилось
2026-02-27T17:15:33.967967+0300 | INFO | получили строки
2026-02-27T17:15:36.699718+0300 | INFO | ============================================================
2026-02-27T17:15:36.699953+0300 | INFO | Тест завершен
2026-02-27T17:15:36.700026+0300 | INFO | ============================================================
2026-02-27T17:15:36.700768+0300 | INFO | ============================================================
2026-02-27T17:15:36.700902+0300 | INFO | Тест начат
2026-02-27T17:15:36.700971+0300 | INFO | ============================================================
2026-02-27T17:15:42.695872+0300 | INFO | ШАГ: 1. Открываем главную страницу
2026-02-27T17:15:42.696080+0300 | INFO | ШАГ: 2. Проверяем, что главная страница открыта
2026-02-27T17:15:42.696153+0300 | INFO | Проверка, что элемент существует: image
2026-02-27T17:15:42.696214+0300 | INFO | Найден элемент: image
2026-02-27T17:15:42.703563+0300 | INFO | ШАГ: 3. Кликаем на кнопку Elements
2026-02-27T17:15:42.703722+0300 | INFO | Ожидание кликабельности элемента: elements
2026-02-27T17:15:42.715115+0300 | INFO | Нажат элемент: elements
2026-02-27T17:15:42.797057+0300 | INFO | ШАГ: 4. Кликаем на кнопку Web Tables
2026-02-27T17:15:42.797207+0300 | INFO | Ожидание кликабельности элемента: web tables
2026-02-27T17:15:42.804999+0300 | INFO | Нажат элемент: web tables
2026-02-27T17:15:42.870503+0300 | INFO | ШАГ: 5. Проверяем, что открыта страница с формой Web tables
2026-02-27T17:15:42.870702+0300 | INFO | Ожидание видимости элемента: web tables form
2026-02-27T17:15:42.877712+0300 | INFO | Проверка, что элемент видимый: web tables form
2026-02-27T17:15:42.877840+0300 | INFO | ШАГ: 6. Кликаем на кнопку add
2026-02-27T17:15:42.877910+0300 | INFO | Ожидание кликабельности элемента: add
2026-02-27T17:15:42.885883+0300 | INFO | Нажат элемент: add
2026-02-27T17:15:42.967367+0300 | INFO | ШАГ: 7. Проверяем, что открыта страница с формой регистрации
2026-02-27T17:15:42.967557+0300 | INFO | Ожидание видимости элемента: registration form
2026-02-27T17:15:43.007542+0300 | INFO | Проверка, что элемент видимый: registration form
2026-02-27T17:15:43.007714+0300 | INFO | ШАГ: 8. заполняем форму регистрации
2026-02-27T17:15:43.007789+0300 | INFO | текст введен
2026-02-27T17:15:43.007854+0300 | INFO | Найден элемент: first name
2026-02-27T17:15:43.052675+0300 | INFO | текст введен
2026-02-27T17:15:43.052862+0300 | INFO | Найден элемент: last name
2026-02-27T17:15:43.101141+0300 | INFO | текст введен
2026-02-27T17:15:43.101305+0300 | INFO | Найден элемент: user email
2026-02-27T17:15:43.147308+0300 | INFO | текст введен
2026-02-27T17:15:43.147561+0300 | INFO | Найден элемент: age
2026-02-27T17:15:43.171787+0300 | INFO | текст введен
2026-02-27T17:15:43.171938+0300 | INFO | Найден элемент: salary
2026-02-27T17:15:43.192603+0300 | INFO | текст введен
2026-02-27T17:15:43.192813+0300 | INFO | Найден элемент: department
2026-02-27T17:15:43.206322+0300 | INFO | ШАГ: 9. Кликаем на кнопку submit
2026-02-27T17:15:43.206480+0300 | INFO | Ожидание кликабельности элемента: submit
2026-02-27T17:15:43.213798+0300 | INFO | Нажат элемент: submit
2026-02-27T17:15:45.274545+0300 | INFO | ШАГ: 10. Проверяем, что форма регистрации закрыта
2026-02-27T17:15:45.274751+0300 | INFO | Ожидание видимости элемента: registration form
2026-02-27T17:15:55.325477+0300 | INFO | ШАГ: 11. Проверяем, что в таблице появились данные пользователя
2026-02-27T17:15:55.545810+0300 | INFO | получили строки
2026-02-27T17:15:55.547164+0300 | INFO | ШАГ: 12. Удаляем пользователя
2026-02-27T17:15:55.613717+0300 | INFO | ШАГ: 13. Проверяем, что пользователь удален
2026-02-27T17:15:55.800864+0300 | INFO | ШАГ: 14. Проверяем, что количество записей в таблице изменилось
2026-02-27T17:15:55.801071+0300 | INFO | получили строки
2026-02-27T17:15:58.538465+0300 | INFO | ============================================================
2026-02-27T17:15:58.538703+0300 | INFO | Тест завершен
2026-02-27T17:15:58.538777+0300 | INFO | ============================================================
2026-02-27T17:15:58.539878+0300 | INFO | ============================================================
2026-02-27T17:15:58.540013+0300 | INFO | Тест начат
2026-02-27T17:15:58.540081+0300 | INFO | ============================================================
2026-02-27T17:16:04.565624+0300 | INFO | ШАГ: 1. Открываем главную страницу
2026-02-27T17:16:04.565815+0300 | INFO | ШАГ: 2. Проверяем, что главная страница открыта
2026-02-27T17:16:04.565890+0300 | INFO | Проверка, что элемент существует: image
2026-02-27T17:16:04.565953+0300 | INFO | Найден элемент: image
2026-02-27T17:16:04.587814+0300 | INFO | ШАГ: 3. Кликаем на кнопку Alerts, Frame & Windows.
2026-02-27T17:16:04.587972+0300 | INFO | Ожидание кликабельности элемента: alerts
2026-02-27T17:16:04.597788+0300 | INFO | Нажат элемент: alerts
2026-02-27T17:16:04.676000+0300 | INFO | ШАГ: 4. Кликаем на кнопку Browser Windows
2026-02-27T17:16:04.676157+0300 | INFO | Ожидание кликабельности элемента: browser windows
2026-02-27T17:16:04.683240+0300 | INFO | Нажат элемент: browser windows
2026-02-27T17:16:04.752484+0300 | INFO | ШАГ: 5. Проверяем, что открыта страница с формой Browser Windows
2026-02-27T17:16:04.752632+0300 | INFO | Проверка, что элемент существует: browser windows form
2026-02-27T17:16:04.752702+0300 | INFO | Найден элемент: browser windows form
2026-02-27T17:16:04.754968+0300 | INFO | ШАГ: 6. Кликаем на кнопку New Tab
2026-02-27T17:16:04.755060+0300 | INFO | Ожидание кликабельности элемента: new tab
2026-02-27T17:16:04.761486+0300 | INFO | Нажат элемент: new tab
2026-02-27T17:16:04.844675+0300 | INFO | ШАГ: 7. Переключаемся на новую вкладку
2026-02-27T17:16:04.844851+0300 | INFO | переключились на новую вкладку
2026-02-27T17:16:04.846825+0300 | INFO | ШАГ: 8. Проверяем, что открыта новая вкладка
2026-02-27T17:16:04.847625+0300 | INFO | ШАГ: 9. Проверяем, что открыта страница sample page
2026-02-27T17:16:04.847729+0300 | INFO | Проверка, что элемент существует: sample heading
2026-02-27T17:16:04.847831+0300 | INFO | Найден элемент: sample heading
2026-02-27T17:16:05.352601+0300 | INFO | ШАГ: 10. Закрываем текущую вкладку
2026-02-27T17:16:05.352755+0300 | INFO | закрыли вкладку
2026-02-27T17:16:05.370097+0300 | INFO | ШАГ: 11. Переключаемся на прошлую вкладку
2026-02-27T17:16:05.370350+0300 | INFO | переключились на прошлую вкладку
2026-02-27T17:16:05.372528+0300 | INFO | ШАГ: 12. Проверяем, что открыта страница с формой Browser Windows
2026-02-27T17:16:05.372665+0300 | INFO | Проверка, что элемент существует: browser windows form
2026-02-27T17:16:05.372783+0300 | INFO | Найден элемент: browser windows form
2026-02-27T17:16:05.374516+0300 | INFO | ШАГ: 13. Кликаем на меню Elements
2026-02-27T17:16:05.374614+0300 | INFO | Ожидание кликабельности элемента: side menu
2026-02-27T17:16:05.381764+0300 | INFO | Нажат элемент: side menu
2026-02-27T17:16:05.442750+0300 | INFO | ШАГ: 14. Кликаем на кнопку Links
2026-02-27T17:16:05.442981+0300 | INFO | Ожидание кликабельности элемента: links
2026-02-27T17:16:05.482753+0300 | INFO | Нажат элемент: links
2026-02-27T17:16:05.544870+0300 | INFO | ШАГ: 15. Проверяем, что открыта страница с формой Links
2026-02-27T17:16:05.545025+0300 | INFO | Проверка, что элемент существует: browser windows form
2026-02-27T17:16:05.545094+0300 | INFO | Найден элемент: browser windows form
2026-02-27T17:16:05.586227+0300 | INFO | ШАГ: 16. Кликаем на ссылку Home
2026-02-27T17:16:05.586481+0300 | INFO | Ожидание кликабельности элемента: home
2026-02-27T17:16:05.604869+0300 | INFO | Нажат элемент: home
2026-02-27T17:16:05.630530+0300 | INFO | ШАГ: 17. Переключаемся на новую вкладку
2026-02-27T17:16:05.630719+0300 | INFO | переключились на новую вкладку
2026-02-27T17:16:05.635951+0300 | INFO | ШАГ: 18. Проверяем, что главная страница открыта
2026-02-27T17:16:05.636089+0300 | INFO | Проверка, что элемент существует: image
2026-02-27T17:16:05.636157+0300 | INFO | Найден элемент: image
2026-02-27T17:16:06.161420+0300 | INFO | ШАГ: 19. Переключаемся на прошлую вкладку
2026-02-27T17:16:06.161675+0300 | INFO | переключились на прошлую вкладку
2026-02-27T17:16:06.170040+0300 | INFO | ШАГ: 20. Проверяем, что открыта страница с формой Links
2026-02-27T17:16:06.170247+0300 | INFO | Проверка, что элемент существует: browser windows form
2026-02-27T17:16:06.170333+0300 | INFO | Найден элемент: browser windows form
2026-02-27T17:16:08.999676+0300 | INFO | ============================================================
2026-02-27T17:16:08.999934+0300 | INFO | Тест завершен
2026-02-27T17:16:09.000023+0300 | INFO | ============================================================
2026-02-27T17:34:08.762491+0300 | INFO | ШАГ: 1. Открываем главную страницу
2026-02-27T17:34:08.762779+0300 | INFO | ШАГ: 2. Проверяем, что главная страница открыта
2026-02-27T17:34:08.762976+0300 | INFO | Проверка, что элемент существует: image
2026-02-27T17:34:08.763127+0300 | INFO | Найден элемент: image
2026-02-27T17:34:24.312206+0300 | INFO | ШАГ: 3. Кликаем на кнопку Alerts, Frame & Windows.
2026-02-27T17:34:24.312485+0300 | INFO | Ожидание кликабельности элемента: alerts
2026-02-27T17:34:34.456071+0300 | INFO | ШАГ: 1. Открываем главную страницу
2026-02-27T17:34:34.456390+0300 | INFO | ШАГ: 2. Проверяем, что главная страница открыта
2026-02-27T17:34:34.456563+0300 | INFO | Проверка, что элемент существует: image
2026-02-27T17:34:34.456715+0300 | INFO | Найден элемент: image
2026-02-27T17:34:44.502886+0300 | INFO | ШАГ: 3. Кликаем на кнопку Alerts, Frame & Windows.
2026-02-27T17:34:44.503160+0300 | INFO | Ожидание кликабельности элемента: alerts
2026-02-27T17:34:54.552302+0300 | INFO | ШАГ: 1. Открываем главную страницу
2026-02-27T17:34:54.552508+0300 | INFO | ШАГ: 2. Проверяем, что главная страница открыта
2026-02-27T17:34:54.552669+0300 | INFO | Проверка, что элемент существует: image
2026-02-27T17:34:54.552818+0300 | INFO | Найден элемент: image
2026-02-27T17:35:04.599731+0300 | INFO | ШАГ: 3. Кликаем на кнопку Elements
2026-02-27T17:35:04.600132+0300 | INFO | Ожидание кликабельности элемента: elements
2026-02-27T17:35:14.650870+0300 | INFO | ШАГ: 1. Открываем главную страницу
2026-02-27T17:35:14.651082+0300 | INFO | ШАГ: 2. Проверяем, что главная страница открыта
2026-02-27T17:35:14.651246+0300 | INFO | Проверка, что элемент существует: image
2026-02-27T17:35:14.651396+0300 | INFO | Найден элемент: image
2026-02-27T17:35:24.694823+0300 | INFO | ШАГ: 3. Кликаем на кнопку Elements
2026-02-27T17:35:24.695096+0300 | INFO | Ожидание кликабельности элемента: elements
2026-02-27T17:35:34.745412+0300 | INFO | ШАГ: 1. Открываем главную страницу
2026-02-27T17:35:34.745623+0300 | INFO | ШАГ: 2. Проверяем, что главная страница открыта
2026-02-27T17:35:34.745773+0300 | INFO | Проверка, что элемент существует: image
2026-02-27T17:35:34.745908+0300 | INFO | Найден элемент: image
2026-02-27T17:35:44.785682+0300 | INFO | ШАГ: 3. Кликаем на кнопку Alerts, Frame & Windows.
2026-02-27T17:35:44.785960+0300 | INFO | Ожидание кликабельности элемента: alerts
2026-02-27T17:36:46.079955+0300 | INFO | ============================================================
2026-02-27T17:36:46.080193+0300 | INFO | Тест начат
2026-02-27T17:36:46.080341+0300 | INFO | ============================================================
2026-02-27T17:36:52.214465+0300 | INFO | ШАГ: 1. Открываем главную страницу
2026-02-27T17:36:52.214753+0300 | INFO | ШАГ: 2. Проверяем, что главная страница открыта
2026-02-27T17:36:52.214953+0300 | INFO | Проверка, что элемент существует: image
2026-02-27T17:36:52.215119+0300 | INFO | Найден элемент: image
2026-02-27T17:36:52.235948+0300 | INFO | ШАГ: 3. Кликаем на кнопку Alerts, Frame & Windows.
2026-02-27T17:36:52.236246+0300 | INFO | Ожидание кликабельности элемента: alerts
2026-02-27T17:36:52.260212+0300 | INFO | Нажат элемент: alerts
2026-02-27T17:36:52.333952+0300 | INFO | ШАГ: 4. Кликаем на кнопку Alerts в левом меню
2026-02-27T17:36:52.334294+0300 | INFO | Ожидание кликабельности элемента: alerts
2026-02-27T17:36:52.344872+0300 | INFO | Нажат элемент: alerts
2026-02-27T17:36:52.412239+0300 | INFO | ШАГ: 5. Проверяем, что на странице появилась форма Alerts
2026-02-27T17:36:52.412503+0300 | INFO | Ожидание видимости элемента: alertsform
2026-02-27T17:36:52.418728+0300 | INFO | Проверка, что элемент видимый: alertsform
2026-02-27T17:36:52.419010+0300 | INFO | ШАГ: 6. Кликаем на кнопку click button to see alert
2026-02-27T17:36:52.419199+0300 | INFO | Ожидание кликабельности элемента: button to see alert
2026-02-27T17:36:52.426706+0300 | INFO | Нажат элемент: button to see alert
2026-02-27T17:36:52.515047+0300 | INFO | ШАГ: 7. Проверяем, что открыт алерт с текстом "You clicked a button"
2026-02-27T17:36:52.515338+0300 | INFO | Получили текст из алерта
2026-02-27T17:36:52.519403+0300 | INFO | ШАГ: 8 .Кликаем на кнопку ОК
2026-02-27T17:36:52.588832+0300 | INFO | Нажата кнопка ОК
2026-02-27T17:36:52.589117+0300 | INFO | ШАГ: 9 .Проверяем, что алерт закрылся
2026-02-27T17:36:52.595644+0300 | INFO | Алерт закрыт
2026-02-27T17:36:52.595847+0300 | INFO | ШАГ: 10. Кликаем на кнопку On button click, confirm box will appear
2026-02-27T17:36:52.596015+0300 | INFO | Ожидание кликабельности элемента: confirm box
2026-02-27T17:36:52.602768+0300 | INFO | Нажат элемент: confirm box
2026-02-27T17:36:52.628721+0300 | INFO | ШАГ: 11. Проверяем, что открыт алерт с текстом "Do you confirm action?"
2026-02-27T17:36:52.629005+0300 | INFO | Получили текст из алерта
2026-02-27T17:36:52.630835+0300 | INFO | ШАГ: 12. Кликаем на кнопку ОК
2026-02-27T17:36:52.688717+0300 | INFO | Нажата кнопка ОК
2026-02-27T17:36:52.689221+0300 | INFO | ШАГ: 13. Проверяем, что алерт закрылся
2026-02-27T17:36:52.690763+0300 | INFO | Алерт закрыт
2026-02-27T17:36:52.690957+0300 | INFO | ШАГ: 14. Проверяем, что рядом с кнопкой появилась надпись "You selected Ok"
2026-02-27T17:36:52.691159+0300 | INFO | Получен текст элемента: confirm result
2026-02-27T17:36:52.691345+0300 | INFO | Найден элемент: confirm result
2026-02-27T17:36:52.700720+0300 | INFO | ШАГ: 15. Кликаем на кнопку On button click, prompt box will appear
2026-02-27T17:36:52.700978+0300 | INFO | Ожидание кликабельности элемента: prompt box
2026-02-27T17:36:52.708958+0300 | INFO | Нажат элемент: prompt box
2026-02-27T17:36:52.736182+0300 | INFO | ШАГ: 16. Проверяем, что открыт алерт с текстом "Please enter your name"
2026-02-27T17:36:52.736451+0300 | INFO | Получили текст из алерта
2026-02-27T17:36:52.738615+0300 | INFO | ШАГ: 17. Вводим случайно сгенерированный текст
2026-02-27T17:36:52.738843+0300 | INFO | текст введен
2026-02-27T17:36:52.741785+0300 | INFO | ШАГ: 18. Кликаем на кнопку ОК
2026-02-27T17:36:52.750289+0300 | INFO | Нажата кнопка ОК
2026-02-27T17:36:52.750624+0300 | INFO | ШАГ: 19. Проверяем, что алерт закрылся
2026-02-27T17:36:52.751937+0300 | INFO | Алерт закрыт
2026-02-27T17:36:52.752102+0300 | INFO | ШАГ: 20. Проверяем, что рядом с кнопкой появилась надпись, соответствующая введенному в алерт
2026-02-27T17:36:52.752270+0300 | INFO | Получен текст элемента: random name
2026-02-27T17:36:52.752424+0300 | INFO | Найден элемент: random name
2026-02-27T17:36:55.512661+0300 | INFO | ============================================================
2026-02-27T17:36:55.512935+0300 | INFO | Тест завершен
2026-02-27T17:36:55.513099+0300 | INFO | ============================================================
2026-02-27T17:36:55.514237+0300 | INFO | ============================================================
2026-02-27T17:36:55.514379+0300 | INFO | Тест начат
2026-02-27T17:36:55.514529+0300 | INFO | ============================================================
2026-02-27T17:37:01.512243+0300 | INFO | ШАГ: 1. Открываем главную страницу
2026-02-27T17:37:01.512543+0300 | INFO | ШАГ: 2. Проверяем, что главная страница открыта
2026-02-27T17:37:01.512689+0300 | INFO | Проверка, что элемент существует: image
2026-02-27T17:37:01.512838+0300 | INFO | Найден элемент: image
2026-02-27T17:37:01.535282+0300 | INFO | ШАГ: 3. Кликаем на кнопку Alerts, Frame & Windows.
2026-02-27T17:37:01.535561+0300 | INFO | Ожидание кликабельности элемента: alerts
2026-02-27T17:37:01.546195+0300 | INFO | Нажат элемент: alerts
2026-02-27T17:37:01.619729+0300 | INFO | ШАГ: 4. Кликаем на кнопку Nested Frames
2026-02-27T17:37:01.620052+0300 | INFO | Ожидание кликабельности элемента: nested frames
2026-02-27T17:37:01.628640+0300 | INFO | Нажат элемент: nested frames
2026-02-27T17:37:01.689216+0300 | INFO | ШАГ: 5. Проверяем, что открыта страница с формой Nested Frames
2026-02-27T17:37:01.689501+0300 | INFO | Проверка, что элемент существует: alerts
2026-02-27T17:37:01.689671+0300 | INFO | Найден элемент: alerts
2026-02-27T17:37:01.691628+0300 | INFO | Переключаемся на фрейм
2026-02-27T17:37:02.210055+0300 | INFO | Переключаемся на фрейм
2026-02-27T17:37:02.224259+0300 | INFO | ШАГ: 6. Проверяем, что в центре страницы присутствуют надписи "Parent frame" и "Child Iframe"
2026-02-27T17:37:02.224508+0300 | INFO | ШАГ: 7. Кликаем на кнопку Frames
2026-02-27T17:37:02.224668+0300 | INFO | Ожидание кликабельности элемента: frames
2026-02-27T17:37:02.231885+0300 | INFO | Нажат элемент: frames
2026-02-27T17:37:02.304010+0300 | INFO | ШАГ: 8. Проверяем, что открыта страница с формой Frames
2026-02-27T17:37:02.304320+0300 | INFO | Проверка, что элемент существует: frames wrapper
2026-02-27T17:37:02.304511+0300 | INFO | Найден элемент: frames wrapper
2026-02-27T17:37:02.319684+0300 | INFO | ШАГ: 9. Проверяем, что надпись из верхнего фрейма соответствует надписи из нижнего
2026-02-27T17:37:02.319987+0300 | INFO | Переключаемся на фрейм
2026-02-27T17:37:02.345511+0300 | INFO | Переключаемся на фрейм
2026-02-27T17:37:05.701707+0300 | INFO | ============================================================
2026-02-27T17:37:05.701944+0300 | INFO | Тест завершен
2026-02-27T17:37:05.702091+0300 | INFO | ============================================================
2026-02-27T17:37:05.703262+0300 | INFO | ============================================================
2026-02-27T17:37:05.703412+0300 | INFO | Тест начат
2026-02-27T17:37:05.703533+0300 | INFO | ============================================================
2026-02-27T17:37:11.859418+0300 | INFO | ШАГ: 1. Открываем главную страницу
2026-02-27T17:37:11.859697+0300 | INFO | ШАГ: 2. Проверяем, что главная страница открыта
2026-02-27T17:37:11.859844+0300 | INFO | Проверка, что элемент существует: image
2026-02-27T17:37:11.859996+0300 | INFO | Найден элемент: image
2026-02-27T17:37:11.887793+0300 | INFO | ШАГ: 3. Кликаем на кнопку Elements
2026-02-27T17:37:11.888040+0300 | INFO | Ожидание кликабельности элемента: elements
2026-02-27T17:37:11.900036+0300 | INFO | Нажат элемент: elements
2026-02-27T17:37:11.997075+0300 | INFO | ШАГ: 4. Кликаем на кнопку Web Tables
2026-02-27T17:37:11.997380+0300 | INFO | Ожидание кликабельности элемента: web tables
2026-02-27T17:37:12.010912+0300 | INFO | Нажат элемент: web tables
2026-02-27T17:37:12.079101+0300 | INFO | ШАГ: 5. Проверяем, что открыта страница с формой Web tables
2026-02-27T17:37:12.079399+0300 | INFO | Ожидание видимости элемента: web tables form
2026-02-27T17:37:12.098420+0300 | INFO | Проверка, что элемент видимый: web tables form
2026-02-27T17:37:12.098695+0300 | INFO | ШАГ: 6. Кликаем на кнопку add
2026-02-27T17:37:12.098876+0300 | INFO | Ожидание кликабельности элемента: add
2026-02-27T17:37:12.106713+0300 | INFO | Нажат элемент: add
2026-02-27T17:37:12.187715+0300 | INFO | ШАГ: 7. Проверяем, что открыта страница с формой регистрации
2026-02-27T17:37:12.187988+0300 | INFO | Ожидание видимости элемента: registration form
2026-02-27T17:37:12.193391+0300 | INFO | Проверка, что элемент видимый: registration form
2026-02-27T17:37:12.193602+0300 | INFO | ШАГ: 8. заполняем форму регистрации
2026-02-27T17:37:12.193808+0300 | INFO | текст введен
2026-02-27T17:37:12.193996+0300 | INFO | Найден элемент: first name
2026-02-27T17:37:12.207276+0300 | INFO | текст введен
2026-02-27T17:37:12.207524+0300 | INFO | Найден элемент: last name
2026-02-27T17:37:12.223473+0300 | INFO | текст введен
2026-02-27T17:37:12.223724+0300 | INFO | Найден элемент: user email
2026-02-27T17:37:12.256600+0300 | INFO | текст введен
2026-02-27T17:37:12.256899+0300 | INFO | Найден элемент: age
2026-02-27T17:37:12.267630+0300 | INFO | текст введен
2026-02-27T17:37:12.267910+0300 | INFO | Найден элемент: salary
2026-02-27T17:37:12.280935+0300 | INFO | текст введен
2026-02-27T17:37:12.281220+0300 | INFO | Найден элемент: department
2026-02-27T17:37:12.295054+0300 | INFO | ШАГ: 9. Кликаем на кнопку submit
2026-02-27T17:37:12.295370+0300 | INFO | Ожидание кликабельности элемента: submit
2026-02-27T17:37:12.305112+0300 | INFO | Нажат элемент: submit
2026-02-27T17:37:14.373161+0300 | INFO | ШАГ: 10. Проверяем, что форма регистрации закрыта
2026-02-27T17:37:14.373509+0300 | INFO | Ожидание видимости элемента: registration form
2026-02-27T17:37:24.423094+0300 | INFO | ШАГ: 11. Проверяем, что в таблице появились данные пользователя
2026-02-27T17:37:24.633343+0300 | INFO | получили строки
2026-02-27T17:37:24.634892+0300 | INFO | ШАГ: 12. Удаляем пользователя
2026-02-27T17:37:24.698545+0300 | INFO | ШАГ: 13. Проверяем, что пользователь удален
2026-02-27T17:37:24.875732+0300 | INFO | ШАГ: 14. Проверяем, что количество записей в таблице изменилось
2026-02-27T17:37:24.876032+0300 | INFO | получили строки
2026-02-27T17:37:33.818203+0300 | INFO | ============================================================
2026-02-27T17:37:33.818460+0300 | INFO | Тест завершен
2026-02-27T17:37:33.818621+0300 | INFO | ============================================================
2026-02-27T17:37:33.819424+0300 | INFO | ============================================================
2026-02-27T17:37:33.819568+0300 | INFO | Тест начат
2026-02-27T17:37:33.819702+0300 | INFO | ============================================================
2026-02-27T17:37:41.186163+0300 | INFO | ШАГ: 1. Открываем главную страницу
2026-02-27T17:37:41.186432+0300 | INFO | ШАГ: 2. Проверяем, что главная страница открыта
2026-02-27T17:37:41.186621+0300 | INFO | Проверка, что элемент существует: image
2026-02-27T17:37:41.186782+0300 | INFO | Найден элемент: image
2026-02-27T17:37:41.208682+0300 | INFO | ШАГ: 3. Кликаем на кнопку Elements
2026-02-27T17:37:41.208948+0300 | INFO | Ожидание кликабельности элемента: elements
2026-02-27T17:37:41.221142+0300 | INFO | Нажат элемент: elements
2026-02-27T17:37:41.291535+0300 | INFO | ШАГ: 4. Кликаем на кнопку Web Tables
2026-02-27T17:37:41.291793+0300 | INFO | Ожидание кликабельности элемента: web tables
2026-02-27T17:37:41.299707+0300 | INFO | Нажат элемент: web tables
2026-02-27T17:37:41.361142+0300 | INFO | ШАГ: 5. Проверяем, что открыта страница с формой Web tables
2026-02-27T17:37:41.361405+0300 | INFO | Ожидание видимости элемента: web tables form
2026-02-27T17:37:41.366808+0300 | INFO | Проверка, что элемент видимый: web tables form
2026-02-27T17:37:41.366982+0300 | INFO | ШАГ: 6. Кликаем на кнопку add
2026-02-27T17:37:41.367155+0300 | INFO | Ожидание кликабельности элемента: add
2026-02-27T17:37:41.375427+0300 | INFO | Нажат элемент: add
2026-02-27T17:37:41.458787+0300 | INFO | ШАГ: 7. Проверяем, что открыта страница с формой регистрации
2026-02-27T17:37:41.459084+0300 | INFO | Ожидание видимости элемента: registration form
2026-02-27T17:37:41.467009+0300 | INFO | Проверка, что элемент видимый: registration form
2026-02-27T17:37:41.467260+0300 | INFO | ШАГ: 8. заполняем форму регистрации
2026-02-27T17:37:41.467440+0300 | INFO | текст введен
2026-02-27T17:37:41.467603+0300 | INFO | Найден элемент: first name
2026-02-27T17:37:41.492597+0300 | INFO | текст введен
2026-02-27T17:37:41.492885+0300 | INFO | Найден элемент: last name
2026-02-27T17:37:41.519553+0300 | INFO | текст введен
2026-02-27T17:37:41.519855+0300 | INFO | Найден элемент: user email
2026-02-27T17:37:41.554918+0300 | INFO | текст введен
2026-02-27T17:37:41.555277+0300 | INFO | Найден элемент: age
2026-02-27T17:37:41.576545+0300 | INFO | текст введен
2026-02-27T17:37:41.576885+0300 | INFO | Найден элемент: salary
2026-02-27T17:37:41.604672+0300 | INFO | текст введен
2026-02-27T17:37:41.604992+0300 | INFO | Найден элемент: department
2026-02-27T17:37:41.634799+0300 | INFO | ШАГ: 9. Кликаем на кнопку submit
2026-02-27T17:37:41.635073+0300 | INFO | Ожидание кликабельности элемента: submit
2026-02-27T17:37:41.643572+0300 | INFO | Нажат элемент: submit
2026-02-27T17:37:43.706415+0300 | INFO | ШАГ: 10. Проверяем, что форма регистрации закрыта
2026-02-27T17:37:43.706746+0300 | INFO | Ожидание видимости элемента: registration form
2026-02-27T17:37:53.753297+0300 | INFO | ШАГ: 11. Проверяем, что в таблице появились данные пользователя
2026-02-27T17:37:53.963203+0300 | INFO | получили строки
2026-02-27T17:37:53.964691+0300 | INFO | ШАГ: 12. Удаляем пользователя
2026-02-27T17:37:54.029603+0300 | INFO | ШАГ: 13. Проверяем, что пользователь удален
2026-02-27T17:37:54.203614+0300 | INFO | ШАГ: 14. Проверяем, что количество записей в таблице изменилось
2026-02-27T17:37:54.203905+0300 | INFO | получили строки
2026-02-27T17:37:57.023273+0300 | INFO | ============================================================
2026-02-27T17:37:57.023523+0300 | INFO | Тест завершен
2026-02-27T17:37:57.023670+0300 | INFO | ============================================================
2026-02-27T17:37:57.024625+0300 | INFO | ============================================================
2026-02-27T17:37:57.024768+0300 | INFO | Тест начат
2026-02-27T17:37:57.024893+0300 | INFO | ============================================================
2026-02-27T17:38:03.023205+0300 | INFO | ШАГ: 1. Открываем главную страницу
2026-02-27T17:38:03.023481+0300 | INFO | ШАГ: 2. Проверяем, что главная страница открыта
2026-02-27T17:38:03.023637+0300 | INFO | Проверка, что элемент существует: image
2026-02-27T17:38:03.023787+0300 | INFO | Найден элемент: image
2026-02-27T17:38:03.044988+0300 | INFO | ШАГ: 3. Кликаем на кнопку Alerts, Frame & Windows.
2026-02-27T17:38:03.045286+0300 | INFO | Ожидание кликабельности элемента: alerts
2026-02-27T17:38:03.056549+0300 | INFO | Нажат элемент: alerts
2026-02-27T17:38:03.126263+0300 | INFO | ШАГ: 4. Кликаем на кнопку Browser Windows
2026-02-27T17:38:03.126558+0300 | INFO | Ожидание кликабельности элемента: browser windows
2026-02-27T17:38:03.134588+0300 | INFO | Нажат элемент: browser windows
2026-02-27T17:38:03.201172+0300 | INFO | ШАГ: 5. Проверяем, что открыта страница с формой Browser Windows
2026-02-27T17:38:03.201455+0300 | INFO | Проверка, что элемент существует: browser windows form
2026-02-27T17:38:03.201610+0300 | INFO | Найден элемент: browser windows form
2026-02-27T17:38:03.203927+0300 | INFO | ШАГ: 6. Кликаем на кнопку New Tab
2026-02-27T17:38:03.204081+0300 | INFO | Ожидание кликабельности элемента: new tab
2026-02-27T17:38:03.210188+0300 | INFO | Нажат элемент: new tab
2026-02-27T17:38:03.283127+0300 | INFO | ШАГ: 7. Переключаемся на новую вкладку
2026-02-27T17:38:03.283385+0300 | INFO | переключились на новую вкладку
2026-02-27T17:38:03.285511+0300 | INFO | ШАГ: 8. Проверяем, что открыта новая вкладка
2026-02-27T17:38:03.286359+0300 | INFO | ШАГ: 9. Проверяем, что открыта страница sample page
2026-02-27T17:38:03.286536+0300 | INFO | Проверка, что элемент существует: sample heading
2026-02-27T17:38:03.286692+0300 | INFO | Найден элемент: sample heading
2026-02-27T17:38:03.791176+0300 | INFO | ШАГ: 10. Закрываем текущую вкладку
2026-02-27T17:38:03.791455+0300 | INFO | закрыли вкладку
2026-02-27T17:38:03.808893+0300 | INFO | ШАГ: 11. Переключаемся на прошлую вкладку
2026-02-27T17:38:03.809177+0300 | INFO | переключились на прошлую вкладку
2026-02-27T17:38:03.812447+0300 | INFO | ШАГ: 12. Проверяем, что открыта страница с формой Browser Windows
2026-02-27T17:38:03.812698+0300 | INFO | Проверка, что элемент существует: browser windows form
2026-02-27T17:38:03.812884+0300 | INFO | Найден элемент: browser windows form
2026-02-27T17:38:03.815273+0300 | INFO | ШАГ: 13. Кликаем на меню Elements
2026-02-27T17:38:03.815741+0300 | INFO | Ожидание кликабельности элемента: side menu
2026-02-27T17:38:03.823775+0300 | INFO | Нажат элемент: side menu
2026-02-27T17:38:03.885468+0300 | INFO | ШАГ: 14. Кликаем на кнопку Links
2026-02-27T17:38:03.885752+0300 | INFO | Ожидание кликабельности элемента: links
2026-02-27T17:38:03.909166+0300 | INFO | Нажат элемент: links
2026-02-27T17:38:03.998044+0300 | INFO | ШАГ: 15. Проверяем, что открыта страница с формой Links
2026-02-27T17:38:03.998302+0300 | INFO | Проверка, что элемент существует: browser windows form
2026-02-27T17:38:03.998468+0300 | INFO | Найден элемент: browser windows form
2026-02-27T17:38:04.008311+0300 | INFO | ШАГ: 16. Кликаем на ссылку Home
2026-02-27T17:38:04.008636+0300 | INFO | Ожидание кликабельности элемента: home
2026-02-27T17:38:04.021821+0300 | INFO | Нажат элемент: home
2026-02-27T17:38:04.047003+0300 | INFO | ШАГ: 17. Переключаемся на новую вкладку
2026-02-27T17:38:04.047290+0300 | INFO | переключились на новую вкладку
2026-02-27T17:38:04.051901+0300 | INFO | ШАГ: 18. Проверяем, что главная страница открыта
2026-02-27T17:38:04.052149+0300 | INFO | Проверка, что элемент существует: image
2026-02-27T17:38:04.052314+0300 | INFO | Найден элемент: image
2026-02-27T17:38:04.556735+0300 | INFO | ШАГ: 19. Переключаемся на прошлую вкладку
2026-02-27T17:38:04.557004+0300 | INFO | переключились на прошлую вкладку
2026-02-27T17:38:04.564445+0300 | INFO | ШАГ: 20. Проверяем, что открыта страница с формой Links
2026-02-27T17:38:04.564839+0300 | INFO | Проверка, что элемент существует: browser windows form
2026-02-27T17:38:04.565039+0300 | INFO | Найден элемент: browser windows form
2026-02-27T17:38:07.662287+0300 | INFO | ============================================================
2026-02-27T17:38:07.662561+0300 | INFO | Тест завершен
2026-02-27T17:38:07.662739+0300 | INFO | ============================================================
2026-02-27T17:44:34.764469+0300 | INFO | ============================================================
2026-02-27T17:44:34.764711+0300 | INFO | Тест начат
2026-02-27T17:44:34.764861+0300 | INFO | ============================================================
2026-02-27T17:44:40.860860+0300 | INFO | ШАГ: 1. Открываем главную страницу
2026-02-27T17:44:40.861190+0300 | INFO | ШАГ: 2. Проверяем, что главная страница открыта
2026-02-27T17:44:40.861392+0300 | INFO | Проверка, что элемент существует: image
2026-02-27T17:44:40.861556+0300 | INFO | Найден элемент: image
2026-02-27T17:44:40.887913+0300 | INFO | ШАГ: 3. Кликаем на кнопку Alerts, Frame & Windows.
2026-02-27T17:44:40.888183+0300 | INFO | Ожидание кликабельности элемента: alerts
2026-02-27T17:44:40.899885+0300 | INFO | Нажат элемент: alerts
2026-02-27T17:44:40.978536+0300 | INFO | ШАГ: 4. Кликаем на кнопку Alerts в левом меню
2026-02-27T17:44:40.978828+0300 | INFO | Ожидание кликабельности элемента: alerts
2026-02-27T17:44:40.987171+0300 | INFO | Нажат элемент: alerts
2026-02-27T17:44:41.066986+0300 | INFO | ШАГ: 5. Проверяем, что на странице появилась форма Alerts
2026-02-27T17:44:41.067262+0300 | INFO | Ожидание видимости элемента: alertsform
2026-02-27T17:44:41.073336+0300 | INFO | Проверка, что элемент видимый: alertsform
2026-02-27T17:44:41.073570+0300 | INFO | ШАГ: 6. Кликаем на кнопку click button to see alert
2026-02-27T17:44:41.073742+0300 | INFO | Ожидание кликабельности элемента: button to see alert
2026-02-27T17:44:41.081354+0300 | INFO | Нажат элемент: button to see alert
2026-02-27T17:44:41.121891+0300 | INFO | ШАГ: 7. Проверяем, что открыт алерт с текстом "You clicked a button"
2026-02-27T17:44:41.122201+0300 | INFO | Получили текст из алерта
2026-02-27T17:44:41.128048+0300 | INFO | ШАГ: 8 .Кликаем на кнопку ОК
2026-02-27T17:44:41.136377+0300 | INFO | Нажата кнопка ОК
2026-02-27T17:44:41.136678+0300 | INFO | ШАГ: 9 .Проверяем, что алерт закрылся
2026-02-27T17:44:41.138192+0300 | INFO | Алерт закрыт
2026-02-27T17:44:41.138379+0300 | INFO | ШАГ: 10. Кликаем на кнопку On button click, confirm box will appear
2026-02-27T17:44:41.138580+0300 | INFO | Ожидание кликабельности элемента: confirm box
2026-02-27T17:44:41.145861+0300 | INFO | Нажат элемент: confirm box
2026-02-27T17:44:41.188195+0300 | INFO | ШАГ: 11. Проверяем, что открыт алерт с текстом "Do you confirm action?"
2026-02-27T17:44:41.188611+0300 | INFO | Получили текст из алерта
2026-02-27T17:44:41.191019+0300 | INFO | ШАГ: 12. Кликаем на кнопку ОК
2026-02-27T17:44:41.198933+0300 | INFO | Нажата кнопка ОК
2026-02-27T17:44:41.199218+0300 | INFO | ШАГ: 13. Проверяем, что алерт закрылся
2026-02-27T17:44:41.200462+0300 | INFO | Алерт закрыт
2026-02-27T17:44:41.200626+0300 | INFO | ШАГ: 14. Проверяем, что рядом с кнопкой появилась надпись "You selected Ok"
2026-02-27T17:44:41.200805+0300 | INFO | Получен текст элемента: confirm result
2026-02-27T17:44:41.200968+0300 | INFO | Найден элемент: confirm result
2026-02-27T17:44:41.208190+0300 | INFO | ШАГ: 15. Кликаем на кнопку On button click, prompt box will appear
2026-02-27T17:44:41.208536+0300 | INFO | Ожидание кликабельности элемента: prompt box
2026-02-27T17:44:41.216653+0300 | INFO | Нажат элемент: prompt box
2026-02-27T17:44:41.250169+0300 | INFO | ШАГ: 16. Проверяем, что открыт алерт с текстом "Please enter your name"
2026-02-27T17:44:41.250441+0300 | INFO | Получили текст из алерта
2026-02-27T17:44:41.253451+0300 | INFO | ШАГ: 17. Вводим случайно сгенерированный текст
2026-02-27T17:44:41.253640+0300 | INFO | текст введен
2026-02-27T17:44:41.255968+0300 | INFO | ШАГ: 18. Кликаем на кнопку ОК
2026-02-27T17:44:41.269844+0300 | INFO | Нажата кнопка ОК
2026-02-27T17:44:41.270221+0300 | INFO | ШАГ: 19. Проверяем, что алерт закрылся
2026-02-27T17:44:41.271647+0300 | INFO | Алерт закрыт
2026-02-27T17:44:41.271848+0300 | INFO | ШАГ: 20. Проверяем, что рядом с кнопкой появилась надпись, соответствующая введенному в алерт
2026-02-27T17:44:41.272080+0300 | INFO | Получен текст элемента: random name
2026-02-27T17:44:41.272276+0300 | INFO | Найден элемент: random name
2026-02-27T17:44:44.014249+0300 | INFO | ============================================================
2026-02-27T17:44:44.014497+0300 | INFO | Тест завершен
2026-02-27T17:44:44.014652+0300 | INFO | ============================================================
2026-02-27T17:44:44.015708+0300 | INFO | ============================================================
2026-02-27T17:44:44.015849+0300 | INFO | Тест начат
2026-02-27T17:44:44.015974+0300 | INFO | ============================================================
2026-02-27T17:44:50.077118+0300 | INFO | ШАГ: 1. Открываем главную страницу
2026-02-27T17:44:50.077392+0300 | INFO | ШАГ: 2. Проверяем, что главная страница открыта
2026-02-27T17:44:50.077545+0300 | INFO | Проверка, что элемент существует: image
2026-02-27T17:44:50.077738+0300 | INFO | Найден элемент: image
2026-02-27T17:44:50.105798+0300 | INFO | ШАГ: 3. Кликаем на кнопку Alerts, Frame & Windows.
2026-02-27T17:44:50.106062+0300 | INFO | Ожидание кликабельности элемента: alerts
2026-02-27T17:44:50.123424+0300 | INFO | Нажат элемент: alerts
2026-02-27T17:44:50.197425+0300 | INFO | ШАГ: 4. Кликаем на кнопку Nested Frames
2026-02-27T17:44:50.197691+0300 | INFO | Ожидание кликабельности элемента: nested frames
2026-02-27T17:44:50.206333+0300 | INFO | Нажат элемент: nested frames
2026-02-27T17:44:50.280608+0300 | INFO | ШАГ: 5. Проверяем, что открыта страница с формой Nested Frames
2026-02-27T17:44:50.280858+0300 | INFO | Проверка, что элемент существует: alerts
2026-02-27T17:44:50.280998+0300 | INFO | Найден элемент: alerts
2026-02-27T17:44:50.282675+0300 | INFO | Переключаемся на фрейм
2026-02-27T17:44:50.819996+0300 | INFO | Переключаемся на фрейм
2026-02-27T17:44:50.835351+0300 | INFO | ШАГ: 6. Проверяем, что в центре страницы присутствуют надписи "Parent frame" и "Child Iframe"
2026-02-27T17:44:50.835608+0300 | INFO | ШАГ: 7. Кликаем на кнопку Frames
2026-02-27T17:44:50.835789+0300 | INFO | Ожидание кликабельности элемента: frames
2026-02-27T17:44:50.843210+0300 | INFO | Нажат элемент: frames
2026-02-27T17:44:50.907168+0300 | INFO | ШАГ: 8. Проверяем, что открыта страница с формой Frames
2026-02-27T17:44:50.907443+0300 | INFO | Проверка, что элемент существует: frames wrapper
2026-02-27T17:44:50.907596+0300 | INFO | Найден элемент: frames wrapper
2026-02-27T17:44:50.956502+0300 | INFO | ШАГ: 9. Проверяем, что надпись из верхнего фрейма соответствует надписи из нижнего
2026-02-27T17:44:50.956767+0300 | INFO | Переключаемся на фрейм
2026-02-27T17:44:50.977717+0300 | INFO | Переключаемся на фрейм
2026-02-27T17:44:54.574957+0300 | INFO | ============================================================
2026-02-27T17:44:54.575207+0300 | INFO | Тест завершен
2026-02-27T17:44:54.575343+0300 | INFO | ============================================================
2026-02-27T17:44:54.576371+0300 | INFO | ============================================================
2026-02-27T17:44:54.576514+0300 | INFO | Тест начат
2026-02-27T17:44:54.576649+0300 | INFO | ============================================================
2026-02-27T17:45:01.073011+0300 | INFO | ШАГ: 1. Открываем главную страницу
2026-02-27T17:45:01.073269+0300 | INFO | ШАГ: 2. Проверяем, что главная страница открыта
2026-02-27T17:45:01.073422+0300 | INFO | Проверка, что элемент существует: image
2026-02-27T17:45:01.073567+0300 | INFO | Найден элемент: image
2026-02-27T17:45:01.093886+0300 | INFO | ШАГ: 3. Кликаем на кнопку Elements
2026-02-27T17:45:01.094139+0300 | INFO | Ожидание кликабельности элемента: elements
2026-02-27T17:45:01.103847+0300 | INFO | Нажат элемент: elements
2026-02-27T17:45:01.173515+0300 | INFO | ШАГ: 4. Кликаем на кнопку Web Tables
2026-02-27T17:45:01.173752+0300 | INFO | Ожидание кликабельности элемента: web tables
2026-02-27T17:45:01.182141+0300 | INFO | Нажат элемент: web tables
2026-02-27T17:45:01.272515+0300 | INFO | ШАГ: 5. Проверяем, что открыта страница с формой Web tables
2026-02-27T17:45:01.272905+0300 | INFO | Ожидание видимости элемента: web tables form
2026-02-27T17:45:01.299871+0300 | INFO | Проверка, что элемент видимый: web tables form
2026-02-27T17:45:01.300142+0300 | INFO | ШАГ: 6. Кликаем на кнопку add
2026-02-27T17:45:01.300308+0300 | INFO | Ожидание кликабельности элемента: add
2026-02-27T17:45:01.321403+0300 | INFO | Нажат элемент: add
2026-02-27T17:45:01.407220+0300 | INFO | ШАГ: 7. Проверяем, что открыта страница с формой регистрации
2026-02-27T17:45:01.407624+0300 | INFO | Ожидание видимости элемента: registration form
2026-02-27T17:45:01.415354+0300 | INFO | Проверка, что элемент видимый: registration form
2026-02-27T17:45:01.415600+0300 | INFO | ШАГ: 8. заполняем форму регистрации
2026-02-27T17:45:01.415741+0300 | INFO | текст введен
2026-02-27T17:45:01.415863+0300 | INFO | Найден элемент: first name
2026-02-27T17:45:01.428886+0300 | INFO | текст введен
2026-02-27T17:45:01.429129+0300 | INFO | Найден элемент: last name
2026-02-27T17:45:01.439682+0300 | INFO | текст введен
2026-02-27T17:45:01.439933+0300 | INFO | Найден элемент: user email
2026-02-27T17:45:01.463955+0300 | INFO | текст введен
2026-02-27T17:45:01.464261+0300 | INFO | Найден элемент: age
2026-02-27T17:45:01.481090+0300 | INFO | текст введен
2026-02-27T17:45:01.481412+0300 | INFO | Найден элемент: salary
2026-02-27T17:45:01.490324+0300 | INFO | текст введен
2026-02-27T17:45:01.490549+0300 | INFO | Найден элемент: department
2026-02-27T17:45:01.499026+0300 | INFO | ШАГ: 9. Кликаем на кнопку submit
2026-02-27T17:45:01.499284+0300 | INFO | Ожидание кликабельности элемента: submit
2026-02-27T17:45:01.505917+0300 | INFO | Нажат элемент: submit
2026-02-27T17:45:03.575818+0300 | INFO | ШАГ: 10. Проверяем, что форма регистрации закрыта
2026-02-27T17:45:03.576147+0300 | INFO | Ожидание видимости элемента: registration form
2026-02-27T17:45:13.628761+0300 | INFO | ШАГ: 11. Проверяем, что в таблице появились данные пользователя
2026-02-27T17:45:13.849808+0300 | INFO | получили строки
2026-02-27T17:45:13.851344+0300 | INFO | ШАГ: 12. Удаляем пользователя
2026-02-27T17:45:13.919582+0300 | INFO | ШАГ: 13. Проверяем, что пользователь удален
2026-02-27T17:45:14.097256+0300 | INFO | ШАГ: 14. Проверяем, что количество записей в таблице изменилось
2026-02-27T17:45:14.097539+0300 | INFO | получили строки
2026-02-27T17:45:16.826091+0300 | INFO | ============================================================
2026-02-27T17:45:16.826361+0300 | INFO | Тест завершен
2026-02-27T17:45:16.826532+0300 | INFO | ============================================================
2026-02-27T17:45:16.827340+0300 | INFO | ============================================================
2026-02-27T17:45:16.827480+0300 | INFO | Тест начат
2026-02-27T17:45:16.827614+0300 | INFO | ============================================================
2026-02-27T17:45:23.445965+0300 | INFO | ШАГ: 1. Открываем главную страницу
2026-02-27T17:45:23.446419+0300 | INFO | ШАГ: 2. Проверяем, что главная страница открыта
2026-02-27T17:45:23.446595+0300 | INFO | Проверка, что элемент существует: image
2026-02-27T17:45:23.446771+0300 | INFO | Найден элемент: image
2026-02-27T17:45:23.471954+0300 | INFO | ШАГ: 3. Кликаем на кнопку Elements
2026-02-27T17:45:23.472269+0300 | INFO | Ожидание кликабельности элемента: elements
2026-02-27T17:45:23.482981+0300 | INFO | Нажат элемент: elements
2026-02-27T17:45:23.552595+0300 | INFO | ШАГ: 4. Кликаем на кнопку Web Tables
2026-02-27T17:45:23.552850+0300 | INFO | Ожидание кликабельности элемента: web tables
2026-02-27T17:45:23.560436+0300 | INFO | Нажат элемент: web tables
2026-02-27T17:45:23.629320+0300 | INFO | ШАГ: 5. Проверяем, что открыта страница с формой Web tables
2026-02-27T17:45:23.629630+0300 | INFO | Ожидание видимости элемента: web tables form
2026-02-27T17:45:23.637528+0300 | INFO | Проверка, что элемент видимый: web tables form
2026-02-27T17:45:23.637735+0300 | INFO | ШАГ: 6. Кликаем на кнопку add
2026-02-27T17:45:23.637913+0300 | INFO | Ожидание кликабельности элемента: add
2026-02-27T17:45:23.644572+0300 | INFO | Нажат элемент: add
2026-02-27T17:45:23.727877+0300 | INFO | ШАГ: 7. Проверяем, что открыта страница с формой регистрации
2026-02-27T17:45:23.728145+0300 | INFO | Ожидание видимости элемента: registration form
2026-02-27T17:45:23.734070+0300 | INFO | Проверка, что элемент видимый: registration form
2026-02-27T17:45:23.734293+0300 | INFO | ШАГ: 8. заполняем форму регистрации
2026-02-27T17:45:23.734456+0300 | INFO | текст введен
2026-02-27T17:45:23.734622+0300 | INFO | Найден элемент: first name
2026-02-27T17:45:23.755456+0300 | INFO | текст введен
2026-02-27T17:45:23.755721+0300 | INFO | Найден элемент: last name
2026-02-27T17:45:23.774497+0300 | INFO | текст введен
2026-02-27T17:45:23.774793+0300 | INFO | Найден элемент: user email
2026-02-27T17:45:23.801022+0300 | INFO | текст введен
2026-02-27T17:45:23.801278+0300 | INFO | Найден элемент: age
2026-02-27T17:45:23.820884+0300 | INFO | текст введен
2026-02-27T17:45:23.821136+0300 | INFO | Найден элемент: salary
2026-02-27T17:45:23.838081+0300 | INFO | текст введен
2026-02-27T17:45:23.838422+0300 | INFO | Найден элемент: department
2026-02-27T17:45:23.852333+0300 | INFO | ШАГ: 9. Кликаем на кнопку submit
2026-02-27T17:45:23.852625+0300 | INFO | Ожидание кликабельности элемента: submit
2026-02-27T17:45:23.861554+0300 | INFO | Нажат элемент: submit
2026-02-27T17:45:25.929357+0300 | INFO | ШАГ: 10. Проверяем, что форма регистрации закрыта
2026-02-27T17:45:25.938187+0300 | INFO | Ожидание видимости элемента: registration form
2026-02-27T17:45:35.988036+0300 | INFO | ШАГ: 11. Проверяем, что в таблице появились данные пользователя
2026-02-27T17:45:36.197737+0300 | INFO | получили строки
2026-02-27T17:45:36.199354+0300 | INFO | ШАГ: 12. Удаляем пользователя
2026-02-27T17:45:36.263065+0300 | INFO | ШАГ: 13. Проверяем, что пользователь удален
2026-02-27T17:45:36.423267+0300 | INFO | ШАГ: 14. Проверяем, что количество записей в таблице изменилось
2026-02-27T17:45:36.423549+0300 | INFO | получили строки
2026-02-27T17:45:39.153704+0300 | INFO | ============================================================
2026-02-27T17:45:39.153967+0300 | INFO | Тест завершен
2026-02-27T17:45:39.154127+0300 | INFO | ============================================================
2026-02-27T17:45:39.155164+0300 | INFO | ============================================================
2026-02-27T17:45:39.155299+0300 | INFO | Тест начат
2026-02-27T17:45:39.155423+0300 | INFO | ============================================================
2026-02-27T17:45:45.182709+0300 | INFO | ШАГ: 1. Открываем главную страницу
2026-02-27T17:45:45.182989+0300 | INFO | ШАГ: 2. Проверяем, что главная страница открыта
2026-02-27T17:45:45.183150+0300 | INFO | Проверка, что элемент существует: image
2026-02-27T17:45:45.183303+0300 | INFO | Найден элемент: image
2026-02-27T17:45:45.203258+0300 | INFO | ШАГ: 3. Кликаем на кнопку Alerts, Frame & Windows.
2026-02-27T17:45:45.203550+0300 | INFO | Ожидание кликабельности элемента: alerts
2026-02-27T17:45:45.215085+0300 | INFO | Нажат элемент: alerts
2026-02-27T17:45:45.285613+0300 | INFO | ШАГ: 4. Кликаем на кнопку Browser Windows
2026-02-27T17:45:45.285872+0300 | INFO | Ожидание кликабельности элемента: browser windows
2026-02-27T17:45:45.293540+0300 | INFO | Нажат элемент: browser windows
2026-02-27T17:45:45.361598+0300 | INFO | ШАГ: 5. Проверяем, что открыта страница с формой Browser Windows
2026-02-27T17:45:45.361883+0300 | INFO | Проверка, что элемент существует: browser windows form
2026-02-27T17:45:45.362058+0300 | INFO | Найден элемент: browser windows form
2026-02-27T17:45:45.364450+0300 | INFO | ШАГ: 6. Кликаем на кнопку New Tab
2026-02-27T17:45:45.364653+0300 | INFO | Ожидание кликабельности элемента: new tab
2026-02-27T17:45:45.371571+0300 | INFO | Нажат элемент: new tab
2026-02-27T17:45:45.446136+0300 | INFO | ШАГ: 7. Переключаемся на новую вкладку
2026-02-27T17:45:45.446425+0300 | INFO | переключились на новую вкладку
2026-02-27T17:45:45.455621+0300 | INFO | ШАГ: 8. Проверяем, что открыта новая вкладка
2026-02-27T17:45:45.458454+0300 | INFO | ШАГ: 9. Проверяем, что открыта страница sample page
2026-02-27T17:45:45.458629+0300 | INFO | Проверка, что элемент существует: sample heading
2026-02-27T17:45:45.458792+0300 | INFO | Найден элемент: sample heading
2026-02-27T17:45:45.963240+0300 | INFO | ШАГ: 10. Закрываем текущую вкладку
2026-02-27T17:45:45.963516+0300 | INFO | закрыли вкладку
2026-02-27T17:45:45.982851+0300 | INFO | ШАГ: 11. Переключаемся на прошлую вкладку
2026-02-27T17:45:45.983088+0300 | INFO | переключились на прошлую вкладку
2026-02-27T17:45:45.985509+0300 | INFO | ШАГ: 12. Проверяем, что открыта страница с формой Browser Windows
2026-02-27T17:45:45.985742+0300 | INFO | Проверка, что элемент существует: browser windows form
2026-02-27T17:45:45.985901+0300 | INFO | Найден элемент: browser windows form
2026-02-27T17:45:46.033464+0300 | INFO | ШАГ: 13. Кликаем на меню Elements
2026-02-27T17:45:46.033747+0300 | INFO | Ожидание кликабельности элемента: side menu
2026-02-27T17:45:46.055541+0300 | INFO | Нажат элемент: side menu
2026-02-27T17:45:46.119000+0300 | INFO | ШАГ: 14. Кликаем на кнопку Links
2026-02-27T17:45:46.119392+0300 | INFO | Ожидание кликабельности элемента: links
2026-02-27T17:45:46.134058+0300 | INFO | Нажат элемент: links
2026-02-27T17:45:46.203476+0300 | INFO | ШАГ: 15. Проверяем, что открыта страница с формой Links
2026-02-27T17:45:46.203754+0300 | INFO | Проверка, что элемент существует: browser windows form
2026-02-27T17:45:46.203925+0300 | INFO | Найден элемент: browser windows form
2026-02-27T17:45:46.206767+0300 | INFO | ШАГ: 16. Кликаем на ссылку Home
2026-02-27T17:45:46.207268+0300 | INFO | Ожидание кликабельности элемента: home
2026-02-27T17:45:46.222529+0300 | INFO | Нажат элемент: home
2026-02-27T17:45:46.250212+0300 | INFO | ШАГ: 17. Переключаемся на новую вкладку
2026-02-27T17:45:46.250510+0300 | INFO | переключились на новую вкладку
2026-02-27T17:45:46.255910+0300 | INFO | ШАГ: 18. Проверяем, что главная страница открыта
2026-02-27T17:45:46.256175+0300 | INFO | Проверка, что элемент существует: image
2026-02-27T17:45:46.256373+0300 | INFO | Найден элемент: image
2026-02-27T17:45:46.765114+0300 | INFO | ШАГ: 19. Переключаемся на прошлую вкладку
2026-02-27T17:45:46.765372+0300 | INFO | переключились на прошлую вкладку
2026-02-27T17:45:46.772316+0300 | INFO | ШАГ: 20. Проверяем, что открыта страница с формой Links
2026-02-27T17:45:46.772582+0300 | INFO | Проверка, что элемент существует: browser windows form
2026-02-27T17:45:46.772797+0300 | INFO | Найден элемент: browser windows form
2026-02-27T17:45:49.542661+0300 | INFO | ============================================================
2026-02-27T17:45:49.542929+0300 | INFO | Тест завершен
2026-02-27T17:45:49.543086+0300 | INFO | ============================================================
2026-02-27T17:46:24.044273+0300 | INFO | ============================================================
2026-02-27T17:46:24.044504+0300 | INFO | Тест начат
2026-02-27T17:46:24.044667+0300 | INFO | ============================================================
2026-02-27T17:46:27.352493+0300 | INFO | ШАГ: 1. Открываем главную страницу
2026-02-27T17:46:27.352800+0300 | INFO | ШАГ: 2. Проверяем, что главная страница открыта
2026-02-27T17:46:27.352963+0300 | INFO | Проверка, что элемент существует: image
2026-02-27T17:46:27.353118+0300 | INFO | Найден элемент: image
2026-02-27T17:46:27.360951+0300 | INFO | ШАГ: 3. Кликаем на кнопку Alerts, Frame & Windows.
2026-02-27T17:46:27.361192+0300 | INFO | Ожидание кликабельности элемента: alerts
2026-02-27T17:46:27.378358+0300 | INFO | Нажат элемент: alerts
2026-02-27T17:46:27.420524+0300 | INFO | ШАГ: 4. Кликаем на кнопку Alerts в левом меню
2026-02-27T17:46:27.420843+0300 | INFO | Ожидание кликабельности элемента: alerts
2026-02-27T17:46:27.940176+0300 | INFO | Нажат элемент: alerts
2026-02-27T17:46:27.977395+0300 | INFO | ШАГ: 5. Проверяем, что на странице появилась форма Alerts
2026-02-27T17:46:27.977697+0300 | INFO | Ожидание видимости элемента: alertsform
2026-02-27T17:46:27.988926+0300 | INFO | Проверка, что элемент видимый: alertsform
2026-02-27T17:46:27.989215+0300 | INFO | ШАГ: 6. Кликаем на кнопку click button to see alert
2026-02-27T17:46:27.989381+0300 | INFO | Ожидание кликабельности элемента: button to see alert
2026-02-27T17:46:28.017923+0300 | INFO | Нажат элемент: button to see alert
2026-02-27T17:46:28.064355+0300 | INFO | ШАГ: 7. Проверяем, что открыт алерт с текстом "You clicked a button"
2026-02-27T17:46:28.064640+0300 | INFO | Получили текст из алерта
2026-02-27T17:46:28.065856+0300 | INFO | ШАГ: 8 .Кликаем на кнопку ОК
2026-02-27T17:46:28.067777+0300 | INFO | Нажата кнопка ОК
2026-02-27T17:46:28.068034+0300 | INFO | ШАГ: 9 .Проверяем, что алерт закрылся
2026-02-27T17:46:28.069855+0300 | INFO | Алерт закрыт
2026-02-27T17:46:28.070076+0300 | INFO | ШАГ: 10. Кликаем на кнопку On button click, confirm box will appear
2026-02-27T17:46:28.070242+0300 | INFO | Ожидание кликабельности элемента: confirm box
2026-02-27T17:46:28.085107+0300 | INFO | Нажат элемент: confirm box
2026-02-27T17:46:28.114706+0300 | INFO | ШАГ: 11. Проверяем, что открыт алерт с текстом "Do you confirm action?"
2026-02-27T17:46:28.114987+0300 | INFO | Получили текст из алерта
2026-02-27T17:46:28.116143+0300 | INFO | ШАГ: 12. Кликаем на кнопку ОК
2026-02-27T17:46:28.118566+0300 | INFO | Нажата кнопка ОК
2026-02-27T17:46:28.118769+0300 | INFO | ШАГ: 13. Проверяем, что алерт закрылся
2026-02-27T17:46:28.120146+0300 | INFO | Алерт закрыт
2026-02-27T17:46:28.120319+0300 | INFO | ШАГ: 14. Проверяем, что рядом с кнопкой появилась надпись "You selected Ok"
2026-02-27T17:46:28.120479+0300 | INFO | Получен текст элемента: confirm result
2026-02-27T17:46:28.120766+0300 | INFO | Найден элемент: confirm result
2026-02-27T17:46:28.148571+0300 | INFO | ШАГ: 15. Кликаем на кнопку On button click, prompt box will appear
2026-02-27T17:46:28.148839+0300 | INFO | Ожидание кликабельности элемента: prompt box
2026-02-27T17:46:28.162099+0300 | INFO | Нажат элемент: prompt box
2026-02-27T17:46:28.191869+0300 | INFO | ШАГ: 16. Проверяем, что открыт алерт с текстом "Please enter your name"
2026-02-27T17:46:28.192154+0300 | INFO | Получили текст из алерта
2026-02-27T17:46:28.193573+0300 | INFO | ШАГ: 17. Вводим случайно сгенерированный текст
2026-02-27T17:46:28.193797+0300 | INFO | текст введен
2026-02-27T17:46:28.195201+0300 | INFO | ШАГ: 18. Кликаем на кнопку ОК
2026-02-27T17:46:28.197397+0300 | INFO | Нажата кнопка ОК
2026-02-27T17:46:28.197598+0300 | INFO | ШАГ: 19. Проверяем, что алерт закрылся
2026-02-27T17:46:28.199248+0300 | INFO | Алерт закрыт
2026-02-27T17:46:28.199449+0300 | INFO | ШАГ: 20. Проверяем, что рядом с кнопкой появилась надпись, соответствующая введенному в алерт
2026-02-27T17:46:28.199877+0300 | INFO | Получен текст элемента: random name
2026-02-27T17:46:28.200078+0300 | INFO | Найден элемент: random name
2026-02-27T17:46:30.334788+0300 | INFO | ============================================================
2026-02-27T17:46:30.335093+0300 | INFO | Тест завершен
2026-02-27T17:46:30.335250+0300 | INFO | ============================================================
2026-02-27T17:46:30.336311+0300 | INFO | ============================================================
2026-02-27T17:46:30.336449+0300 | INFO | Тест начат
2026-02-27T17:46:30.336570+0300 | INFO | ============================================================
2026-02-27T17:46:33.056803+0300 | INFO | ШАГ: 1. Открываем главную страницу
2026-02-27T17:46:33.057094+0300 | INFO | ШАГ: 2. Проверяем, что главная страница открыта
2026-02-27T17:46:33.057264+0300 | INFO | Проверка, что элемент существует: image
2026-02-27T17:46:33.057423+0300 | INFO | Найден элемент: image
2026-02-27T17:46:33.064616+0300 | INFO | ШАГ: 3. Кликаем на кнопку Alerts, Frame & Windows.
2026-02-27T17:46:33.064843+0300 | INFO | Ожидание кликабельности элемента: alerts
2026-02-27T17:46:33.081861+0300 | INFO | Нажат элемент: alerts
2026-02-27T17:46:33.137740+0300 | INFO | ШАГ: 4. Кликаем на кнопку Nested Frames
2026-02-27T17:46:33.138064+0300 | INFO | Ожидание кликабельности элемента: nested frames
2026-02-27T17:46:33.657122+0300 | INFO | Нажат элемент: nested frames
2026-02-27T17:46:33.693676+0300 | INFO | ШАГ: 5. Проверяем, что открыта страница с формой Nested Frames
2026-02-27T17:46:33.694009+0300 | INFO | Проверка, что элемент существует: alerts
2026-02-27T17:46:33.694194+0300 | INFO | Найден элемент: alerts
2026-02-27T17:46:33.701677+0300 | INFO | Переключаемся на фрейм
2026-02-27T17:46:33.787383+0300 | INFO | Переключаемся на фрейм
2026-02-27T17:46:33.819447+0300 | INFO | ШАГ: 6. Проверяем, что в центре страницы присутствуют надписи "Parent frame" и "Child Iframe"
2026-02-27T17:46:33.819707+0300 | INFO | ШАГ: 7. Кликаем на кнопку Frames
2026-02-27T17:46:33.819858+0300 | INFO | Ожидание кликабельности элемента: frames
2026-02-27T17:46:33.833609+0300 | INFO | Нажат элемент: frames
2026-02-27T17:46:33.887601+0300 | INFO | ШАГ: 8. Проверяем, что открыта страница с формой Frames
2026-02-27T17:46:33.887933+0300 | INFO | Проверка, что элемент существует: frames wrapper
2026-02-27T17:46:33.888141+0300 | INFO | Найден элемент: frames wrapper
2026-02-27T17:46:33.892826+0300 | INFO | ШАГ: 9. Проверяем, что надпись из верхнего фрейма соответствует надписи из нижнего
2026-02-27T17:46:33.893069+0300 | INFO | Переключаемся на фрейм
2026-02-27T17:46:33.982811+0300 | INFO | Переключаемся на фрейм
2026-02-27T17:46:36.140258+0300 | INFO | ============================================================
2026-02-27T17:46:36.140573+0300 | INFO | Тест завершен
2026-02-27T17:46:36.140764+0300 | INFO | ============================================================
2026-02-27T17:46:36.141825+0300 | INFO | ============================================================
2026-02-27T17:46:36.141963+0300 | INFO | Тест начат
2026-02-27T17:46:36.142085+0300 | INFO | ============================================================
2026-02-27T17:46:38.850595+0300 | INFO | ШАГ: 1. Открываем главную страницу
2026-02-27T17:46:38.850860+0300 | INFO | ШАГ: 2. Проверяем, что главная страница открыта
2026-02-27T17:46:38.851015+0300 | INFO | Проверка, что элемент существует: image
2026-02-27T17:46:38.851199+0300 | INFO | Найден элемент: image
2026-02-27T17:46:38.859102+0300 | INFO | ШАГ: 3. Кликаем на кнопку Elements
2026-02-27T17:46:38.859369+0300 | INFO | Ожидание кликабельности элемента: elements
2026-02-27T17:46:38.875921+0300 | INFO | Нажат элемент: elements
2026-02-27T17:46:38.914599+0300 | INFO | ШАГ: 4. Кликаем на кнопку Web Tables
2026-02-27T17:46:38.914892+0300 | INFO | Ожидание кликабельности элемента: web tables
2026-02-27T17:46:39.436330+0300 | INFO | Нажат элемент: web tables
2026-02-27T17:46:39.473135+0300 | INFO | ШАГ: 5. Проверяем, что открыта страница с формой Web tables
2026-02-27T17:46:39.473485+0300 | INFO | Ожидание видимости элемента: web tables form
2026-02-27T17:46:39.496185+0300 | INFO | Проверка, что элемент видимый: web tables form
2026-02-27T17:46:39.496507+0300 | INFO | ШАГ: 6. Кликаем на кнопку add
2026-02-27T17:46:39.496674+0300 | INFO | Ожидание кликабельности элемента: add
2026-02-27T17:46:39.509274+0300 | INFO | Нажат элемент: add
2026-02-27T17:46:39.548498+0300 | INFO | ШАГ: 7. Проверяем, что открыта страница с формой регистрации
2026-02-27T17:46:39.548844+0300 | INFO | Ожидание видимости элемента: registration form
2026-02-27T17:46:39.574688+0300 | INFO | Проверка, что элемент видимый: registration form
2026-02-27T17:46:39.574956+0300 | INFO | ШАГ: 8. заполняем форму регистрации
2026-02-27T17:46:39.575125+0300 | INFO | текст введен
2026-02-27T17:46:39.575287+0300 | INFO | Найден элемент: first name
2026-02-27T17:46:39.632621+0300 | INFO | текст введен
2026-02-27T17:46:39.632963+0300 | INFO | Найден элемент: last name
2026-02-27T17:46:39.684329+0300 | INFO | текст введен
2026-02-27T17:46:39.684667+0300 | INFO | Найден элемент: user email
2026-02-27T17:46:39.734363+0300 | INFO | текст введен
2026-02-27T17:46:39.734681+0300 | INFO | Найден элемент: age
2026-02-27T17:46:39.785565+0300 | INFO | текст введен
2026-02-27T17:46:39.785821+0300 | INFO | Найден элемент: salary
2026-02-27T17:46:39.819098+0300 | INFO | текст введен
2026-02-27T17:46:39.819380+0300 | INFO | Найден элемент: department
2026-02-27T17:46:39.852774+0300 | INFO | ШАГ: 9. Кликаем на кнопку submit
2026-02-27T17:46:39.853094+0300 | INFO | Ожидание кликабельности элемента: submit
2026-02-27T17:46:39.866252+0300 | INFO | Нажат элемент: submit
2026-02-27T17:46:41.899890+0300 | INFO | ШАГ: 10. Проверяем, что форма регистрации закрыта
2026-02-27T17:46:41.900249+0300 | INFO | Ожидание видимости элемента: registration form
2026-02-27T17:46:51.999506+0300 | INFO | ШАГ: 11. Проверяем, что в таблице появились данные пользователя
2026-02-27T17:46:52.141819+0300 | INFO | получили строки
2026-02-27T17:46:52.145709+0300 | INFO | ШАГ: 12. Удаляем пользователя
2026-02-27T17:46:52.184040+0300 | INFO | ШАГ: 13. Проверяем, что пользователь удален
2026-02-27T17:46:52.292416+0300 | INFO | ШАГ: 14. Проверяем, что количество записей в таблице изменилось
2026-02-27T17:46:52.292679+0300 | INFO | получили строки
2026-02-27T17:46:54.434535+0300 | INFO | ============================================================
2026-02-27T17:46:54.434846+0300 | INFO | Тест завершен
2026-02-27T17:46:54.435017+0300 | INFO | ============================================================
2026-02-27T17:46:54.435772+0300 | INFO | ============================================================
2026-02-27T17:46:54.435899+0300 | INFO | Тест начат
2026-02-27T17:46:54.436015+0300 | INFO | ============================================================
2026-02-27T17:46:57.105301+0300 | INFO | ШАГ: 1. Открываем главную страницу
2026-02-27T17:46:57.105576+0300 | INFO | ШАГ: 2. Проверяем, что главная страница открыта
2026-02-27T17:46:57.105732+0300 | INFO | Проверка, что элемент существует: image
2026-02-27T17:46:57.105890+0300 | INFO | Найден элемент: image
2026-02-27T17:46:57.113538+0300 | INFO | ШАГ: 3. Кликаем на кнопку Elements
2026-02-27T17:46:57.113779+0300 | INFO | Ожидание кликабельности элемента: elements
2026-02-27T17:46:57.130312+0300 | INFO | Нажат элемент: elements
2026-02-27T17:46:57.170067+0300 | INFO | ШАГ: 4. Кликаем на кнопку Web Tables
2026-02-27T17:46:57.170353+0300 | INFO | Ожидание кликабельности элемента: web tables
2026-02-27T17:46:57.690352+0300 | INFO | Нажат элемент: web tables
2026-02-27T17:46:57.726438+0300 | INFO | ШАГ: 5. Проверяем, что открыта страница с формой Web tables
2026-02-27T17:46:57.726711+0300 | INFO | Ожидание видимости элемента: web tables form
2026-02-27T17:46:57.748161+0300 | INFO | Проверка, что элемент видимый: web tables form
2026-02-27T17:46:57.748411+0300 | INFO | ШАГ: 6. Кликаем на кнопку add
2026-02-27T17:46:57.748573+0300 | INFO | Ожидание кликабельности элемента: add
2026-02-27T17:46:57.762525+0300 | INFO | Нажат элемент: add
2026-02-27T17:46:57.815347+0300 | INFO | ШАГ: 7. Проверяем, что открыта страница с формой регистрации
2026-02-27T17:46:57.815641+0300 | INFO | Ожидание видимости элемента: registration form
2026-02-27T17:46:57.826302+0300 | INFO | Проверка, что элемент видимый: registration form
2026-02-27T17:46:57.826554+0300 | INFO | ШАГ: 8. заполняем форму регистрации
2026-02-27T17:46:57.826732+0300 | INFO | текст введен
2026-02-27T17:46:57.826898+0300 | INFO | Найден элемент: first name
2026-02-27T17:46:57.889641+0300 | INFO | текст введен
2026-02-27T17:46:57.889972+0300 | INFO | Найден элемент: last name
2026-02-27T17:46:57.931872+0300 | INFO | текст введен
2026-02-27T17:46:57.932147+0300 | INFO | Найден элемент: user email
2026-02-27T17:46:57.997082+0300 | INFO | текст введен
2026-02-27T17:46:57.997345+0300 | INFO | Найден элемент: age
2026-02-27T17:46:58.033710+0300 | INFO | текст введен
2026-02-27T17:46:58.033970+0300 | INFO | Найден элемент: salary
2026-02-27T17:46:58.066369+0300 | INFO | текст введен
2026-02-27T17:46:58.066641+0300 | INFO | Найден элемент: department
2026-02-27T17:46:58.100139+0300 | INFO | ШАГ: 9. Кликаем на кнопку submit
2026-02-27T17:46:58.100401+0300 | INFO | Ожидание кликабельности элемента: submit
2026-02-27T17:46:58.113743+0300 | INFO | Нажат элемент: submit
2026-02-27T17:47:00.147446+0300 | INFO | ШАГ: 10. Проверяем, что форма регистрации закрыта
2026-02-27T17:47:00.147804+0300 | INFO | Ожидание видимости элемента: registration form
2026-02-27T17:47:10.252253+0300 | INFO | ШАГ: 11. Проверяем, что в таблице появились данные пользователя
2026-02-27T17:47:10.402419+0300 | INFO | получили строки
2026-02-27T17:47:10.406227+0300 | INFO | ШАГ: 12. Удаляем пользователя
2026-02-27T17:47:10.444357+0300 | INFO | ШАГ: 13. Проверяем, что пользователь удален
2026-02-27T17:47:10.548643+0300 | INFO | ШАГ: 14. Проверяем, что количество записей в таблице изменилось
2026-02-27T17:47:10.548928+0300 | INFO | получили строки
2026-02-27T17:47:12.694045+0300 | INFO | ============================================================
2026-02-27T17:47:12.694337+0300 | INFO | Тест завершен
2026-02-27T17:47:12.694493+0300 | INFO | ============================================================
2026-02-27T17:47:12.695520+0300 | INFO | ============================================================
2026-02-27T17:47:12.695679+0300 | INFO | Тест начат
2026-02-27T17:47:12.695823+0300 | INFO | ============================================================
2026-02-27T17:47:14.946658+0300 | INFO | ШАГ: 1. Открываем главную страницу
2026-02-27T17:47:14.946983+0300 | INFO | ШАГ: 2. Проверяем, что главная страница открыта
2026-02-27T17:47:14.947165+0300 | INFO | Проверка, что элемент существует: image
2026-02-27T17:47:14.947367+0300 | INFO | Найден элемент: image
2026-02-27T17:47:14.955316+0300 | INFO | ШАГ: 3. Кликаем на кнопку Alerts, Frame & Windows.
2026-02-27T17:47:14.955566+0300 | INFO | Ожидание кликабельности элемента: alerts
2026-02-27T17:47:14.972480+0300 | INFO | Нажат элемент: alerts
2026-02-27T17:47:15.010700+0300 | INFO | ШАГ: 4. Кликаем на кнопку Browser Windows
2026-02-27T17:47:15.011026+0300 | INFO | Ожидание кликабельности элемента: browser windows
2026-02-27T17:47:15.040053+0300 | INFO | Нажат элемент: browser windows
2026-02-27T17:47:15.115276+0300 | INFO | ШАГ: 5. Проверяем, что открыта страница с формой Browser Windows
2026-02-27T17:47:15.115543+0300 | INFO | Проверка, что элемент существует: browser windows form
2026-02-27T17:47:15.115695+0300 | INFO | Найден элемент: browser windows form
2026-02-27T17:47:15.122630+0300 | INFO | ШАГ: 6. Кликаем на кнопку New Tab
2026-02-27T17:47:15.122810+0300 | INFO | Ожидание кликабельности элемента: new tab
2026-02-27T17:47:15.140461+0300 | INFO | Нажат элемент: new tab
2026-02-27T17:47:15.189310+0300 | INFO | ШАГ: 7. Переключаемся на новую вкладку
2026-02-27T17:47:15.189609+0300 | INFO | переключились на новую вкладку
2026-02-27T17:47:15.195339+0300 | INFO | ШАГ: 8. Проверяем, что открыта новая вкладка
2026-02-27T17:47:15.196930+0300 | INFO | ШАГ: 9. Проверяем, что открыта страница sample page
2026-02-27T17:47:15.197140+0300 | INFO | Проверка, что элемент существует: sample heading
2026-02-27T17:47:15.197304+0300 | INFO | Найден элемент: sample heading
2026-02-27T17:47:15.275980+0300 | INFO | ШАГ: 10. Закрываем текущую вкладку
2026-02-27T17:47:15.276249+0300 | INFO | закрыли вкладку
2026-02-27T17:47:15.287869+0300 | INFO | ШАГ: 11. Переключаемся на прошлую вкладку
2026-02-27T17:47:15.288126+0300 | INFO | переключились на прошлую вкладку
2026-02-27T17:47:15.289832+0300 | INFO | ШАГ: 12. Проверяем, что открыта страница с формой Browser Windows
2026-02-27T17:47:15.290079+0300 | INFO | Проверка, что элемент существует: browser windows form
2026-02-27T17:47:15.290301+0300 | INFO | Найден элемент: browser windows form
2026-02-27T17:47:15.294354+0300 | INFO | ШАГ: 13. Кликаем на меню Elements
2026-02-27T17:47:15.294608+0300 | INFO | Ожидание кликабельности элемента: side menu
2026-02-27T17:47:15.307985+0300 | INFO | Нажат элемент: side menu
2026-02-27T17:47:15.339190+0300 | INFO | ШАГ: 14. Кликаем на кнопку Links
2026-02-27T17:47:15.339502+0300 | INFO | Ожидание кликабельности элемента: links
2026-02-27T17:47:15.352682+0300 | INFO | Нажат элемент: links
2026-02-27T17:47:15.388667+0300 | INFO | ШАГ: 15. Проверяем, что открыта страница с формой Links
2026-02-27T17:47:15.388983+0300 | INFO | Проверка, что элемент существует: browser windows form
2026-02-27T17:47:15.389165+0300 | INFO | Найден элемент: browser windows form
2026-02-27T17:47:15.397887+0300 | INFO | ШАГ: 16. Кликаем на ссылку Home
2026-02-27T17:47:15.398156+0300 | INFO | Ожидание кликабельности элемента: home
2026-02-27T17:47:15.411258+0300 | INFO | Нажат элемент: home
2026-02-27T17:47:15.456432+0300 | INFO | ШАГ: 17. Переключаемся на новую вкладку
2026-02-27T17:47:15.456880+0300 | INFO | переключились на новую вкладку
2026-02-27T17:47:15.463081+0300 | INFO | ШАГ: 18. Проверяем, что главная страница открыта
2026-02-27T17:47:15.463325+0300 | INFO | Проверка, что элемент существует: image
2026-02-27T17:47:15.463497+0300 | INFO | Найден элемент: image
2026-02-27T17:47:15.666898+0300 | INFO | ШАГ: 19. Переключаемся на прошлую вкладку
2026-02-27T17:47:15.667222+0300 | INFO | переключились на прошлую вкладку
2026-02-27T17:47:15.676028+0300 | INFO | ШАГ: 20. Проверяем, что открыта страница с формой Links
2026-02-27T17:47:15.676351+0300 | INFO | Проверка, что элемент существует: browser windows form
2026-02-27T17:47:15.676538+0300 | INFO | Найден элемент: browser windows form
2026-02-27T17:47:17.794742+0300 | INFO | ============================================================
2026-02-27T17:47:17.795082+0300 | INFO | Тест завершен
2026-02-27T17:47:17.795267+0300 | INFO | ============================================================
2026-02-27T17:51:41.851253+0300 | INFO | ============================================================
2026-02-27T17:51:41.851493+0300 | INFO | Тест начат
2026-02-27T17:51:41.851599+0300 | INFO | ============================================================
2026-02-27T17:51:46.412089+0300 | INFO | ШАГ: 1. Открываем главную страницу
2026-02-27T17:51:46.412254+0300 | INFO | ШАГ: 2. Проверяем, что главная страница открыта
2026-02-27T17:51:46.412349+0300 | INFO | Проверка, что элемент существует: image
2026-02-27T17:51:46.412430+0300 | INFO | Найден элемент: image
2026-02-27T17:51:46.420832+0300 | INFO | ШАГ: 3. Кликаем на кнопку Alerts, Frame & Windows.
2026-02-27T17:51:46.421239+0300 | INFO | Ожидание кликабельности элемента: alerts
2026-02-27T17:51:46.438096+0300 | INFO | Нажат элемент: alerts
2026-02-27T17:51:46.473727+0300 | INFO | ШАГ: 4. Кликаем на кнопку Alerts в левом меню
2026-02-27T17:51:46.473891+0300 | INFO | Ожидание кликабельности элемента: alerts
2026-02-27T17:51:46.992620+0300 | INFO | Нажат элемент: alerts
2026-02-27T17:51:47.027437+0300 | INFO | ШАГ: 5. Проверяем, что на странице появилась форма Alerts
2026-02-27T17:51:47.027636+0300 | INFO | Ожидание видимости элемента: alertsform
2026-02-27T17:51:47.042134+0300 | INFO | Проверка, что элемент видимый: alertsform
2026-02-27T17:51:47.042303+0300 | INFO | ШАГ: 6. Кликаем на кнопку click button to see alert
2026-02-27T17:51:47.042425+0300 | INFO | Ожидание кликабельности элемента: button to see alert
2026-02-27T17:51:47.054672+0300 | INFO | Нажат элемент: button to see alert
2026-02-27T17:51:47.084297+0300 | INFO | ШАГ: 7. Проверяем, что открыт алерт с текстом "You clicked a button"
2026-02-27T17:51:47.084463+0300 | INFO | Получили текст из алерта
2026-02-27T17:51:47.085529+0300 | INFO | ШАГ: 8 .Кликаем на кнопку ОК
2026-02-27T17:51:47.087180+0300 | INFO | Нажата кнопка ОК
2026-02-27T17:51:47.087309+0300 | INFO | ШАГ: 9 .Проверяем, что алерт закрылся
2026-02-27T17:51:47.088434+0300 | INFO | Алерт закрыт
2026-02-27T17:51:47.088530+0300 | INFO | ШАГ: 10. Кликаем на кнопку On button click, confirm box will appear
2026-02-27T17:51:47.088601+0300 | INFO | Ожидание кликабельности элемента: confirm box
2026-02-27T17:51:47.102602+0300 | INFO | Нажат элемент: confirm box
2026-02-27T17:51:47.130052+0300 | INFO | ШАГ: 11. Проверяем, что открыт алерт с текстом "Do you confirm action?"
2026-02-27T17:51:47.130230+0300 | INFO | Получили текст из алерта
2026-02-27T17:51:47.131322+0300 | INFO | ШАГ: 12. Кликаем на кнопку ОК
2026-02-27T17:51:47.133192+0300 | INFO | Нажата кнопка ОК
2026-02-27T17:51:47.133315+0300 | INFO | ШАГ: 13. Проверяем, что алерт закрылся
2026-02-27T17:51:47.134600+0300 | INFO | Алерт закрыт
2026-02-27T17:51:47.134699+0300 | INFO | ШАГ: 14. Проверяем, что рядом с кнопкой появилась надпись "You selected Ok"
2026-02-27T17:51:47.134772+0300 | INFO | Получен текст элемента: confirm result
2026-02-27T17:51:47.134837+0300 | INFO | Найден элемент: confirm result
2026-02-27T17:51:47.152898+0300 | INFO | ШАГ: 15. Кликаем на кнопку On button click, prompt box will appear
2026-02-27T17:51:47.153043+0300 | INFO | Ожидание кликабельности элемента: prompt box
2026-02-27T17:51:47.165537+0300 | INFO | Нажат элемент: prompt box
2026-02-27T17:51:47.192396+0300 | INFO | ШАГ: 16. Проверяем, что открыт алерт с текстом "Please enter your name"
2026-02-27T17:51:47.192552+0300 | INFO | Получили текст из алерта
2026-02-27T17:51:47.193819+0300 | INFO | ШАГ: 17. Вводим случайно сгенерированный текст
2026-02-27T17:51:47.193954+0300 | INFO | текст введен
2026-02-27T17:51:47.195233+0300 | INFO | ШАГ: 18. Кликаем на кнопку ОК
2026-02-27T17:51:47.197316+0300 | INFO | Нажата кнопка ОК
2026-02-27T17:51:47.197413+0300 | INFO | ШАГ: 19. Проверяем, что алерт закрылся
2026-02-27T17:51:47.200727+0300 | INFO | Алерт закрыт
2026-02-27T17:51:47.200890+0300 | INFO | ШАГ: 20. Проверяем, что рядом с кнопкой появилась надпись, соответствующая введенному в алерт
2026-02-27T17:51:47.200967+0300 | INFO | Получен текст элемента: random name
2026-02-27T17:51:47.201031+0300 | INFO | Найден элемент: random name
2026-02-27T17:51:49.352732+0300 | INFO | ============================================================
2026-02-27T17:51:49.353013+0300 | INFO | Тест завершен
2026-02-27T17:51:49.353134+0300 | INFO | ============================================================
2026-07-12T03:18:10.468594+0300 | INFO | ============================================================
2026-07-12T03:18:10.468813+0300 | INFO | Тест начат
2026-07-12T03:18:10.468925+0300 | INFO | ============================================================
2026-07-12T03:19:00.838443+0300 | INFO | ============================================================
2026-07-12T03:19:00.838733+0300 | INFO | Тест начат
2026-07-12T03:19:00.838887+0300 | INFO | ============================================================
2026-07-12T03:19:52.686834+0300 | INFO | ============================================================
2026-07-12T03:19:52.687056+0300 | INFO | Тест начат
2026-07-12T03:19:52.687169+0300 | INFO | ============================================================
2026-07-12T03:19:58.041854+0300 | INFO | ШАГ: 1. Открываем главную страницу
2026-07-12T03:19:58.042082+0300 | INFO | ШАГ: 2. Проверяем, что главная страница открыта
2026-07-12T03:19:58.042227+0300 | INFO | Проверка, что элемент существует: image
2026-07-12T03:19:58.042387+0300 | INFO | Найден элемент: image
2026-07-12T03:19:58.050957+0300 | INFO | ШАГ: 3. Кликаем на кнопку Alerts, Frame & Windows.
2026-07-12T03:19:58.056650+0300 | INFO | Ожидание кликабельности элемента: alerts
2026-07-12T03:19:58.160248+0300 | INFO | Нажат элемент: alerts
2026-07-12T03:19:58.202096+0300 | INFO | ШАГ: 4. Кликаем на кнопку Alerts в левом меню
2026-07-12T03:19:58.202281+0300 | INFO | Ожидание кликабельности элемента: alerts
2026-07-12T03:19:58.724308+0300 | INFO | Нажат элемент: alerts
2026-07-12T03:19:58.761630+0300 | INFO | ШАГ: 5. Проверяем, что на странице появилась форма Alerts
2026-07-12T03:19:58.761863+0300 | INFO | Ожидание видимости элемента: alertsform
2026-07-12T03:19:58.790607+0300 | INFO | Проверка, что элемент видимый: alertsform
2026-07-12T03:19:58.790765+0300 | INFO | ШАГ: 6. Кликаем на кнопку click button to see alert
2026-07-12T03:19:58.790839+0300 | INFO | Ожидание кликабельности элемента: button to see alert
2026-07-12T03:19:58.804162+0300 | INFO | Нажат элемент: button to see alert
2026-07-12T03:19:58.847916+0300 | INFO | ШАГ: 7. Проверяем, что открыт алерт с текстом "You clicked a button"
2026-07-12T03:19:58.848100+0300 | INFO | Получили текст из алерта
2026-07-12T03:19:58.849567+0300 | INFO | ШАГ: 8 .Кликаем на кнопку ОК
2026-07-12T03:19:58.851741+0300 | INFO | Нажата кнопка ОК
2026-07-12T03:19:58.851902+0300 | INFO | ШАГ: 9 .Проверяем, что алерт закрылся
2026-07-12T03:19:58.856111+0300 | INFO | Алерт закрыт
2026-07-12T03:19:58.856257+0300 | INFO | ШАГ: 10. Кликаем на кнопку On button click, confirm box will appear
2026-07-12T03:19:58.856333+0300 | INFO | Ожидание кликабельности элемента: confirm box
2026-07-12T03:19:58.871654+0300 | INFO | Нажат элемент: confirm box
2026-07-12T03:19:58.903409+0300 | INFO | ШАГ: 11. Проверяем, что открыт алерт с текстом "Do you confirm action?"
2026-07-12T03:19:58.903589+0300 | INFO | Получили текст из алерта
2026-07-12T03:19:58.904945+0300 | INFO | ШАГ: 12. Кликаем на кнопку ОК
2026-07-12T03:19:58.906889+0300 | INFO | Нажата кнопка ОК
2026-07-12T03:19:58.907036+0300 | INFO | ШАГ: 13. Проверяем, что алерт закрылся
2026-07-12T03:19:58.908640+0300 | INFO | Алерт закрыт
2026-07-12T03:19:58.908740+0300 | INFO | ШАГ: 14. Проверяем, что рядом с кнопкой появилась надпись "You selected Ok"
2026-07-12T03:19:58.908885+0300 | INFO | Получен текст элемента: confirm result
2026-07-12T03:19:58.908958+0300 | INFO | Найден элемент: confirm result
2026-07-12T03:19:58.923583+0300 | INFO | ШАГ: 15. Кликаем на кнопку On button click, prompt box will appear
2026-07-12T03:19:58.923727+0300 | INFO | Ожидание кликабельности элемента: prompt box
2026-07-12T03:19:58.936614+0300 | INFO | Нажат элемент: prompt box
2026-07-12T03:19:58.988130+0300 | INFO | ШАГ: 16. Проверяем, что открыт алерт с текстом "Please enter your name"
2026-07-12T03:19:58.988318+0300 | INFO | Получили текст из алерта
2026-07-12T03:19:58.989751+0300 | INFO | ШАГ: 17. Вводим случайно сгенерированный текст
2026-07-12T03:19:58.989898+0300 | INFO | текст введен
2026-07-12T03:19:58.991583+0300 | INFO | ШАГ: 18. Кликаем на кнопку ОК
2026-07-12T03:19:58.993917+0300 | INFO | Нажата кнопка ОК
2026-07-12T03:19:58.994072+0300 | INFO | ШАГ: 19. Проверяем, что алерт закрылся
2026-07-12T03:19:58.996249+0300 | INFO | Алерт закрыт
2026-07-12T03:19:58.996464+0300 | INFO | ШАГ: 20. Проверяем, что рядом с кнопкой появилась надпись, соответствующая введенному в алерт
2026-07-12T03:19:58.996572+0300 | INFO | Получен текст элемента: random name
2026-07-12T03:19:58.996661+0300 | INFO | Найден элемент: random name
2026-07-12T03:20:01.152021+0300 | INFO | ============================================================
2026-07-12T03:20:01.152286+0300 | INFO | Тест завершен
2026-07-12T03:20:01.152382+0300 | INFO | ============================================================
2026-07-12T03:20:22.242720+0300 | INFO | ============================================================
2026-07-12T03:20:22.242935+0300 | INFO | Тест начат
2026-07-12T03:20:22.243053+0300 | INFO | ============================================================
2026-07-12T03:20:23.795624+0300 | INFO | ШАГ: 1. Открываем главную страницу
2026-07-12T03:20:23.795789+0300 | INFO | ШАГ: 2. Проверяем, что главная страница открыта
2026-07-12T03:20:23.795896+0300 | INFO | Проверка, что элемент существует: image
2026-07-12T03:20:23.795988+0300 | INFO | Найден элемент: image
2026-07-12T03:20:23.804134+0300 | INFO | ШАГ: 3. Кликаем на кнопку Alerts, Frame & Windows.
2026-07-12T03:20:23.815738+0300 | INFO | Ожидание кликабельности элемента: alerts
2026-07-12T03:20:23.833329+0300 | INFO | Нажат элемент: alerts
2026-07-12T03:20:23.872562+0300 | INFO | ШАГ: 4. Кликаем на кнопку Nested Frames
2026-07-12T03:20:23.872746+0300 | INFO | Ожидание кликабельности элемента: nested frames
2026-07-12T03:20:24.394430+0300 | INFO | Нажат элемент: nested frames
2026-07-12T03:20:24.435513+0300 | INFO | ШАГ: 5. Проверяем, что открыта страница с формой Nested Frames
2026-07-12T03:20:24.435701+0300 | INFO | Проверка, что элемент существует: alerts
2026-07-12T03:20:24.435777+0300 | INFO | Найден элемент: alerts
2026-07-12T03:20:24.442707+0300 | INFO | Переключаемся на фрейм
2026-07-12T03:20:24.525311+0300 | INFO | Переключаемся на фрейм
2026-07-12T03:20:24.557733+0300 | INFO | ШАГ: 6. Проверяем, что в центре страницы присутствуют надписи "Parent frame" и "Child Iframe"
2026-07-12T03:20:24.557871+0300 | INFO | ШАГ: 7. Кликаем на кнопку Frames
2026-07-12T03:20:24.557946+0300 | INFO | Ожидание кликабельности элемента: frames
2026-07-12T03:20:24.571029+0300 | INFO | Нажат элемент: frames
2026-07-12T03:20:24.609524+0300 | INFO | ШАГ: 8. Проверяем, что открыта страница с формой Frames
2026-07-12T03:20:24.609710+0300 | INFO | Проверка, что элемент существует: frames wrapper
2026-07-12T03:20:24.609785+0300 | INFO | Найден элемент: frames wrapper
2026-07-12T03:20:24.616188+0300 | INFO | ШАГ: 9. Проверяем, что надпись из верхнего фрейма соответствует надписи из нижнего
2026-07-12T03:20:24.616365+0300 | INFO | Переключаемся на фрейм
2026-07-12T03:20:24.698700+0300 | INFO | Переключаемся на фрейм
2026-07-12T03:20:26.891588+0300 | INFO | ============================================================
2026-07-12T03:20:26.891844+0300 | INFO | Тест завершен
2026-07-12T03:20:26.891923+0300 | INFO | ============================================================
2026-07-12T03:20:30.229973+0300 | INFO | ============================================================
2026-07-12T03:20:30.230188+0300 | INFO | Тест начат
2026-07-12T03:20:30.230301+0300 | INFO | ============================================================
2026-07-12T03:20:31.758356+0300 | INFO | ШАГ: 1. Открываем главную страницу
2026-07-12T03:20:31.758520+0300 | INFO | ШАГ: 2. Проверяем, что главная страница открыта
2026-07-12T03:20:31.758625+0300 | INFO | Проверка, что элемент существует: image
2026-07-12T03:20:31.758735+0300 | INFO | Найден элемент: image
2026-07-12T03:20:31.766265+0300 | INFO | ШАГ: 3. Кликаем на кнопку Elements
2026-07-12T03:20:31.766675+0300 | INFO | Ожидание кликабельности элемента: elements
2026-07-12T03:20:31.784183+0300 | INFO | Нажат элемент: elements
2026-07-12T03:20:31.880281+0300 | INFO | ШАГ: 4. Кликаем на кнопку Web Tables
2026-07-12T03:20:31.880452+0300 | INFO | Ожидание кликабельности элемента: web tables
2026-07-12T03:20:31.912321+0300 | INFO | Нажат элемент: web tables
2026-07-12T03:20:31.949638+0300 | INFO | ШАГ: 5. Проверяем, что открыта страница с формой Web tables
2026-07-12T03:20:31.949907+0300 | INFO | Ожидание видимости элемента: web tables form
2026-07-12T03:20:32.480256+0300 | INFO | Проверка, что элемент видимый: web tables form
2026-07-12T03:20:32.480412+0300 | INFO | ШАГ: 6. Кликаем на кнопку add
2026-07-12T03:20:32.480485+0300 | INFO | Ожидание кликабельности элемента: add
2026-07-12T03:20:32.493318+0300 | INFO | Нажат элемент: add
2026-07-12T03:20:32.531777+0300 | INFO | ШАГ: 7. Проверяем, что открыта страница с формой регистрации
2026-07-12T03:20:32.531959+0300 | INFO | Ожидание видимости элемента: registration form
2026-07-12T03:20:32.543349+0300 | INFO | Проверка, что элемент видимый: registration form
2026-07-12T03:20:32.543511+0300 | INFO | ШАГ: 8. заполняем форму регистрации
2026-07-12T03:20:32.543588+0300 | INFO | текст введен
2026-07-12T03:20:32.543920+0300 | INFO | Найден элемент: first name
2026-07-12T03:20:32.587727+0300 | INFO | текст введен
2026-07-12T03:20:32.587914+0300 | INFO | Найден элемент: last name
2026-07-12T03:20:32.623843+0300 | INFO | текст введен
2026-07-12T03:20:32.624051+0300 | INFO | Найден элемент: user email
2026-07-12T03:20:32.674363+0300 | INFO | текст введен
2026-07-12T03:20:32.674560+0300 | INFO | Найден элемент: age
2026-07-12T03:20:32.712040+0300 | INFO | текст введен
2026-07-12T03:20:32.712197+0300 | INFO | Найден элемент: salary
2026-07-12T03:20:32.746811+0300 | INFO | текст введен
2026-07-12T03:20:32.747012+0300 | INFO | Найден элемент: department
2026-07-12T03:20:32.781662+0300 | INFO | ШАГ: 9. Кликаем на кнопку submit
2026-07-12T03:20:32.781875+0300 | INFO | Ожидание кликабельности элемента: submit
2026-07-12T03:20:32.797751+0300 | INFO | Нажат элемент: submit
2026-07-12T03:20:34.831477+0300 | INFO | ШАГ: 10. Проверяем, что форма регистрации закрыта
2026-07-12T03:20:34.831703+0300 | INFO | Ожидание видимости элемента: registration form
2026-07-12T03:20:44.935809+0300 | INFO | ШАГ: 11. Проверяем, что в таблице появились данные пользователя
2026-07-12T03:20:45.075848+0300 | INFO | получили строки
2026-07-12T03:20:45.082093+0300 | INFO | ШАГ: 12. Удаляем пользователя
2026-07-12T03:20:45.119763+0300 | INFO | ШАГ: 13. Проверяем, что пользователь удален
2026-07-12T03:20:45.222575+0300 | INFO | ШАГ: 14. Проверяем, что количество записей в таблице изменилось
2026-07-12T03:20:45.222789+0300 | INFO | получили строки
2026-07-12T03:20:47.412688+0300 | INFO | ============================================================
2026-07-12T03:20:47.412970+0300 | INFO | Тест завершен
2026-07-12T03:20:47.413123+0300 | INFO | ============================================================
2026-07-12T03:20:47.414287+0300 | INFO | ============================================================
2026-07-12T03:20:47.414415+0300 | INFO | Тест начат
2026-07-12T03:20:47.414497+0300 | INFO | ============================================================
2026-07-12T03:20:48.909544+0300 | INFO | ШАГ: 1. Открываем главную страницу
2026-07-12T03:20:48.909752+0300 | INFO | ШАГ: 2. Проверяем, что главная страница открыта
2026-07-12T03:20:48.909901+0300 | INFO | Проверка, что элемент существует: image
2026-07-12T03:20:48.910000+0300 | INFO | Найден элемент: image
2026-07-12T03:20:48.918590+0300 | INFO | ШАГ: 3. Кликаем на кнопку Elements
2026-07-12T03:20:48.918792+0300 | INFO | Ожидание кликабельности элемента: elements
2026-07-12T03:20:48.937710+0300 | INFO | Нажат элемент: elements
2026-07-12T03:20:49.033342+0300 | INFO | ШАГ: 4. Кликаем на кнопку Web Tables
2026-07-12T03:20:49.033544+0300 | INFO | Ожидание кликабельности элемента: web tables
2026-07-12T03:20:49.553961+0300 | INFO | Нажат элемент: web tables
2026-07-12T03:20:49.592294+0300 | INFO | ШАГ: 5. Проверяем, что открыта страница с формой Web tables
2026-07-12T03:20:49.592499+0300 | INFO | Ожидание видимости элемента: web tables form
2026-07-12T03:20:49.614266+0300 | INFO | Проверка, что элемент видимый: web tables form
2026-07-12T03:20:49.614420+0300 | INFO | ШАГ: 6. Кликаем на кнопку add
2026-07-12T03:20:49.614494+0300 | INFO | Ожидание кликабельности элемента: add
2026-07-12T03:20:49.626830+0300 | INFO | Нажат элемент: add
2026-07-12T03:20:49.664873+0300 | INFO | ШАГ: 7. Проверяем, что открыта страница с формой регистрации
2026-07-12T03:20:49.665046+0300 | INFO | Ожидание видимости элемента: registration form
2026-07-12T03:20:49.675916+0300 | INFO | Проверка, что элемент видимый: registration form
2026-07-12T03:20:49.676077+0300 | INFO | ШАГ: 8. заполняем форму регистрации
2026-07-12T03:20:49.676152+0300 | INFO | текст введен
2026-07-12T03:20:49.676218+0300 | INFO | Найден элемент: first name
2026-07-12T03:20:49.721805+0300 | INFO | текст введен
2026-07-12T03:20:49.721972+0300 | INFO | Найден элемент: last name
2026-07-12T03:20:49.760543+0300 | INFO | текст введен
2026-07-12T03:20:49.760776+0300 | INFO | Найден элемент: user email
2026-07-12T03:20:49.809565+0300 | INFO | текст введен
2026-07-12T03:20:49.809797+0300 | INFO | Найден элемент: age
2026-07-12T03:20:49.845366+0300 | INFO | текст введен
2026-07-12T03:20:49.845553+0300 | INFO | Найден элемент: salary
2026-07-12T03:20:49.881901+0300 | INFO | текст введен
2026-07-12T03:20:49.882157+0300 | INFO | Найден элемент: department
2026-07-12T03:20:49.915652+0300 | INFO | ШАГ: 9. Кликаем на кнопку submit
2026-07-12T03:20:49.915834+0300 | INFO | Ожидание кликабельности элемента: submit
2026-07-12T03:20:49.929703+0300 | INFO | Нажат элемент: submit
2026-07-12T03:20:51.964146+0300 | INFO | ШАГ: 10. Проверяем, что форма регистрации закрыта
2026-07-12T03:20:51.964415+0300 | INFO | Ожидание видимости элемента: registration form
2026-07-12T03:21:02.066291+0300 | INFO | ШАГ: 11. Проверяем, что в таблице появились данные пользователя
2026-07-12T03:21:02.206835+0300 | INFO | получили строки
2026-07-12T03:21:02.210764+0300 | INFO | ШАГ: 12. Удаляем пользователя
2026-07-12T03:21:02.247565+0300 | INFO | ШАГ: 13. Проверяем, что пользователь удален
2026-07-12T03:21:02.348389+0300 | INFO | ШАГ: 14. Проверяем, что количество записей в таблице изменилось
2026-07-12T03:21:02.348544+0300 | INFO | получили строки
2026-07-12T03:21:04.535028+0300 | INFO | ============================================================
2026-07-12T03:21:04.535376+0300 | INFO | Тест завершен
2026-07-12T03:21:04.535491+0300 | INFO | ============================================================
2026-07-12T03:21:09.154470+0300 | INFO | ============================================================
2026-07-12T03:21:09.154717+0300 | INFO | Тест начат
2026-07-12T03:21:09.154826+0300 | INFO | ============================================================
2026-07-12T03:21:11.036436+0300 | INFO | ШАГ: 1. Открываем главную страницу
2026-07-12T03:21:11.036602+0300 | INFO | ШАГ: 2. Проверяем, что главная страница открыта
2026-07-12T03:21:11.036699+0300 | INFO | Проверка, что элемент существует: image
2026-07-12T03:21:11.036785+0300 | INFO | Найден элемент: image
2026-07-12T03:21:11.044003+0300 | INFO | ШАГ: 3. Кликаем на кнопку Alerts, Frame & Windows.
2026-07-12T03:21:11.045215+0300 | INFO | Ожидание кликабельности элемента: alerts
2026-07-12T03:21:11.062034+0300 | INFO | Нажат элемент: alerts
2026-07-12T03:21:11.108061+0300 | INFO | ШАГ: 4. Кликаем на кнопку Browser Windows
2026-07-12T03:21:11.108235+0300 | INFO | Ожидание кликабельности элемента: browser windows
2026-07-12T03:21:11.629411+0300 | INFO | Нажат элемент: browser windows
2026-07-12T03:21:11.665035+0300 | INFO | ШАГ: 5. Проверяем, что открыта страница с формой Browser Windows
2026-07-12T03:21:11.665207+0300 | INFO | Проверка, что элемент существует: browser windows form
2026-07-12T03:21:11.665281+0300 | INFO | Найден элемент: browser windows form
2026-07-12T03:21:11.675164+0300 | INFO | ШАГ: 6. Кликаем на кнопку New Tab
2026-07-12T03:21:11.675323+0300 | INFO | Ожидание кликабельности элемента: new tab
2026-07-12T03:21:11.688700+0300 | INFO | Нажат элемент: new tab
2026-07-12T03:21:11.740063+0300 | INFO | ШАГ: 7. Переключаемся на новую вкладку
2026-07-12T03:21:11.740337+0300 | INFO | переключились на новую вкладку
2026-07-12T03:21:11.745466+0300 | INFO | ШАГ: 8. Проверяем, что открыта новая вкладка
2026-07-12T03:21:11.746451+0300 | INFO | ШАГ: 9. Проверяем, что открыта страница sample page
2026-07-12T03:21:11.746554+0300 | INFO | Проверка, что элемент существует: sample heading
2026-07-12T03:21:11.746627+0300 | INFO | Найден элемент: sample heading
2026-07-12T03:21:11.815107+0300 | INFO | ШАГ: 10. Закрываем текущую вкладку
2026-07-12T03:21:11.815283+0300 | INFO | закрыли вкладку
2026-07-12T03:21:11.827902+0300 | INFO | ШАГ: 11. Переключаемся на прошлую вкладку
2026-07-12T03:21:11.828082+0300 | INFO | переключились на прошлую вкладку
2026-07-12T03:21:11.830028+0300 | INFO | ШАГ: 12. Проверяем, что открыта страница с формой Browser Windows
2026-07-12T03:21:11.830143+0300 | INFO | Проверка, что элемент существует: browser windows form
2026-07-12T03:21:11.830238+0300 | INFO | Найден элемент: browser windows form
2026-07-12T03:21:11.835219+0300 | INFO | ШАГ: 13. Кликаем на меню Elements
2026-07-12T03:21:11.835388+0300 | INFO | Ожидание кликабельности элемента: side menu
2026-07-12T03:21:11.848704+0300 | INFO | Нажат элемент: side menu
2026-07-12T03:21:11.881939+0300 | INFO | ШАГ: 14. Кликаем на кнопку Links
2026-07-12T03:21:11.882122+0300 | INFO | Ожидание кликабельности элемента: links
2026-07-12T03:21:11.897269+0300 | INFO | Нажат элемент: links
2026-07-12T03:21:11.938250+0300 | INFO | ШАГ: 15. Проверяем, что открыта страница с формой Links
2026-07-12T03:21:11.938425+0300 | INFO | Проверка, что элемент существует: browser windows form
2026-07-12T03:21:11.938500+0300 | INFO | Найден элемент: browser windows form
2026-07-12T03:21:11.946627+0300 | INFO | ШАГ: 16. Кликаем на ссылку Home
2026-07-12T03:21:11.946814+0300 | INFO | Ожидание кликабельности элемента: home
2026-07-12T03:21:11.960338+0300 | INFO | Нажат элемент: home
2026-07-12T03:21:12.010108+0300 | INFO | ШАГ: 17. Переключаемся на новую вкладку
2026-07-12T03:21:12.010322+0300 | INFO | переключились на новую вкладку
2026-07-12T03:21:12.017189+0300 | INFO | ШАГ: 18. Проверяем, что главная страница открыта
2026-07-12T03:21:12.017370+0300 | INFO | Проверка, что элемент существует: image
2026-07-12T03:21:12.017479+0300 | INFO | Найден элемент: image
2026-07-12T03:21:12.211576+0300 | INFO | ШАГ: 19. Переключаемся на прошлую вкладку
2026-07-12T03:21:12.212228+0300 | INFO | переключились на прошлую вкладку
2026-07-12T03:21:12.220991+0300 | INFO | ШАГ: 20. Проверяем, что открыта страница с формой Links
2026-07-12T03:21:12.221278+0300 | INFO | Проверка, что элемент существует: browser windows form
2026-07-12T03:21:12.221465+0300 | INFO | Найден элемент: browser windows form
2026-07-12T03:21:14.380096+0300 | INFO | ============================================================
2026-07-12T03:21:14.380358+0300 | INFO | Тест завершен
2026-07-12T03:21:14.380507+0300 | INFO | ============================================================
